Archive member included to satisfy reference by file (symbol)

/mnt/hdd/src/stm32/libopencm3-examples/libopencm3/lib/libopencm3_stm32f0.a(gpio_common_all.o)
                              usart_stdio.o (gpio_toggle)
/mnt/hdd/src/stm32/libopencm3-examples/libopencm3/lib/libopencm3_stm32f0.a(gpio_common_f0234.o)
                              usart_stdio.o (gpio_mode_setup)
/mnt/hdd/src/stm32/libopencm3-examples/libopencm3/lib/libopencm3_stm32f0.a(rcc_common_all.o)
                              usart_stdio.o (rcc_periph_clock_enable)
/mnt/hdd/src/stm32/libopencm3-examples/libopencm3/lib/libopencm3_stm32f0.a(usart_common_all.o)
                              usart_stdio.o (usart_set_baudrate)
/mnt/hdd/src/stm32/libopencm3-examples/libopencm3/lib/libopencm3_stm32f0.a(usart_common_v2.o)
                              /mnt/hdd/src/stm32/libopencm3-examples/libopencm3/lib/libopencm3_stm32f0.a(usart_common_all.o) (usart_send)
/mnt/hdd/src/stm32/libopencm3-examples/libopencm3/lib/libopencm3_stm32f0.a(vector.o)
                              (reset_handler)
/mnt/hdd/src/stm32/libopencm3-examples/libopencm3/lib/libopencm3_stm32f0.a(rcc.o)
                              /mnt/hdd/src/stm32/libopencm3-examples/libopencm3/lib/libopencm3_stm32f0.a(usart_common_all.o) (rcc_apb1_frequency)
/mnt/hdd/src/stm32/libopencm3-examples/libopencm3/lib/libopencm3_stm32f0.a(assert.o)
                              /mnt/hdd/src/stm32/libopencm3-examples/libopencm3/lib/libopencm3_stm32f0.a(rcc.o) (cm3_assert_failed)
/mnt/hdd/src/stm32/libopencm3-examples/libopencm3/lib/libopencm3_stm32f0.a(flash_common_all.o)
                              /mnt/hdd/src/stm32/libopencm3-examples/libopencm3/lib/libopencm3_stm32f0.a(rcc.o) (flash_prefetch_enable)
/usr/lib/gcc/arm-none-eabi/12/../../../../arm-none-eabi/lib/thumb/v6-m/nofp/libc.a(libc_a-fprintf.o)
                              usart_stdio.o (fprintf)
/usr/lib/gcc/arm-none-eabi/12/../../../../arm-none-eabi/lib/thumb/v6-m/nofp/libc.a(libc_a-setvbuf.o)
                              usart_stdio.o (setvbuf)
/usr/lib/gcc/arm-none-eabi/12/../../../../arm-none-eabi/lib/thumb/v6-m/nofp/libc.a(libc_a-fopencookie.o)
                              usart_stdio.o (fopencookie)
/usr/lib/gcc/arm-none-eabi/12/../../../../arm-none-eabi/lib/thumb/v6-m/nofp/libc.a(libc_a-impure.o)
                              /usr/lib/gcc/arm-none-eabi/12/../../../../arm-none-eabi/lib/thumb/v6-m/nofp/libc.a(libc_a-fprintf.o) (_impure_ptr)
/usr/lib/gcc/arm-none-eabi/12/../../../../arm-none-eabi/lib/thumb/v6-m/nofp/libc.a(libc_a-errno.o)
                              /usr/lib/gcc/arm-none-eabi/12/../../../../arm-none-eabi/lib/thumb/v6-m/nofp/libc.a(libc_a-fopencookie.o) (__errno)
/usr/lib/gcc/arm-none-eabi/12/../../../../arm-none-eabi/lib/thumb/v6-m/nofp/libc.a(libc_a-stack_protector.o)
                              /usr/lib/gcc/arm-none-eabi/12/../../../../arm-none-eabi/lib/thumb/v6-m/nofp/libc.a(libc_a-fprintf.o) (__stack_chk_guard)
/usr/lib/gcc/arm-none-eabi/12/../../../../arm-none-eabi/lib/thumb/v6-m/nofp/libc.a(libc_a-strlen-stub.o)
                              /usr/lib/gcc/arm-none-eabi/12/../../../../arm-none-eabi/lib/thumb/v6-m/nofp/libc.a(libc_a-stack_protector.o) (strlen)
/usr/lib/gcc/arm-none-eabi/12/../../../../arm-none-eabi/lib/thumb/v6-m/nofp/libc.a(libc_a-freer.o)
                              /usr/lib/gcc/arm-none-eabi/12/../../../../arm-none-eabi/lib/thumb/v6-m/nofp/libc.a(libc_a-setvbuf.o) (_free_r)
/usr/lib/gcc/arm-none-eabi/12/../../../../arm-none-eabi/lib/thumb/v6-m/nofp/libc.a(libc_a-malloc.o)
                              /usr/lib/gcc/arm-none-eabi/12/../../../../arm-none-eabi/lib/thumb/v6-m/nofp/libc.a(libc_a-setvbuf.o) (malloc)
/usr/lib/gcc/arm-none-eabi/12/../../../../arm-none-eabi/lib/thumb/v6-m/nofp/libc.a(libc_a-mallocr.o)
                              /usr/lib/gcc/arm-none-eabi/12/../../../../arm-none-eabi/lib/thumb/v6-m/nofp/libc.a(libc_a-fopencookie.o) (_malloc_r)
/usr/lib/gcc/arm-none-eabi/12/../../../../arm-none-eabi/lib/thumb/v6-m/nofp/libc.a(libc_a-mlock.o)
                              /usr/lib/gcc/arm-none-eabi/12/../../../../arm-none-eabi/lib/thumb/v6-m/nofp/libc.a(libc_a-freer.o) (__malloc_lock)
/usr/lib/gcc/arm-none-eabi/12/../../../../arm-none-eabi/lib/thumb/v6-m/nofp/libc.a(libc_a-vfprintf.o)
                              /usr/lib/gcc/arm-none-eabi/12/../../../../arm-none-eabi/lib/thumb/v6-m/nofp/libc.a(libc_a-fprintf.o) (_vfprintf_r)
/usr/lib/gcc/arm-none-eabi/12/../../../../arm-none-eabi/lib/thumb/v6-m/nofp/libc.a(libc_a-sprint_r.o)
                              /usr/lib/gcc/arm-none-eabi/12/../../../../arm-none-eabi/lib/thumb/v6-m/nofp/libc.a(libc_a-vfprintf.o) (__sprint_r)
/usr/lib/gcc/arm-none-eabi/12/../../../../arm-none-eabi/lib/thumb/v6-m/nofp/libc.a(libc_a-fflush.o)
                              /usr/lib/gcc/arm-none-eabi/12/../../../../arm-none-eabi/lib/thumb/v6-m/nofp/libc.a(libc_a-setvbuf.o) (_fflush_r)
[...]
Memory Configuration

Name             Origin             Length             Attributes
rom              0x0000000008000000 0x0000000000010000 xr
ram              0x0000000020000000 0x0000000000002000 xrw
*default*        0x0000000000000000 0xffffffffffffffff

Linker script and memory map

LOAD usart_stdio.o
LOAD /mnt/hdd/src/stm32/libopencm3-examples/libopencm3/lib/libopencm3_stm32f0.a
START GROUP
LOAD /usr/lib/gcc/arm-none-eabi/12/../../../../arm-none-eabi/lib/thumb/v6-m/nofp/libc.a
LOAD /usr/lib/gcc/arm-none-eabi/12/thumb/v6-m/nofp/libgcc.a
LOAD /usr/lib/gcc/arm-none-eabi/12/../../../../arm-none-eabi/lib/thumb/v6-m/nofp/libnosys.a
END GROUP
START GROUP
LOAD /usr/lib/gcc/arm-none-eabi/12/thumb/v6-m/nofp/libgcc.a
LOAD /usr/lib/gcc/arm-none-eabi/12/../../../../arm-none-eabi/lib/thumb/v6-m/nofp/libg.a
LOAD /usr/lib/gcc/arm-none-eabi/12/../../../../arm-none-eabi/lib/thumb/v6-m/nofp/libc.a
END GROUP

.text           0x0000000008000000     0x8bf0
 *(.vectors)
 .vectors       0x0000000008000000       0xc0 /mnt/hdd/src/stm32/libopencm3-examples/libopencm3/lib/libopencm3_stm32f0.a(vector.o)
                0x0000000008000000                vector_table
 *(.text*)
 .text._iord    0x00000000080000c0        0x4 usart_stdio.o
 .text._iowr    0x00000000080000c4       0x1e usart_stdio.o
 *fill*         0x00000000080000e2        0x2 
 .text.startup.main
                0x00000000080000e4       0xfc usart_stdio.o
                0x00000000080000e4                main
 .text.gpio_toggle
                0x00000000080001e0       0x10 /mnt/hdd/src/stm32/libopencm3-examples/libopencm3/lib/libopencm3_stm32f0.a(gpio_common_all.o)
                0x00000000080001e0                gpio_toggle
 .text.gpio_mode_setup
                0x00000000080001f0       0x40 /mnt/hdd/src/stm32/libopencm3-examples/libopencm3/lib/libopencm3_stm32f0.a(gpio_common_f0234.o)
                0x00000000080001f0                gpio_mode_setup
 .text.gpio_set_af
                0x0000000008000230       0x58 /mnt/hdd/src/stm32/libopencm3-examples/libopencm3/lib/libopencm3_stm32f0.a(gpio_common_f0234.o)
                0x0000000008000230                gpio_set_af
 .text.rcc_periph_clock_enable
                0x0000000008000288       0x1c /mnt/hdd/src/stm32/libopencm3-examples/libopencm3/lib/libopencm3_stm32f0.a(rcc_common_all.o)
                0x0000000008000288                rcc_periph_clock_enable
 .text.usart_set_baudrate
                0x00000000080002a4       0x18 /mnt/hdd/src/stm32/libopencm3-examples/libopencm3/lib/libopencm3_stm32f0.a(usart_common_all.o)
                0x00000000080002a4                usart_set_baudrate
 .text.usart_set_databits
                0x00000000080002bc       0x1c /mnt/hdd/src/stm32/libopencm3-examples/libopencm3/lib/libopencm3_stm32f0.a(usart_common_all.o)
                0x00000000080002bc                usart_set_databits
 .text.usart_set_stopbits
                0x00000000080002d8       0x10 /mnt/hdd/src/stm32/libopencm3-examples/libopencm3/lib/libopencm3_stm32f0.a(usart_common_all.o)
                0x00000000080002d8                usart_set_stopbits
 .text.usart_set_parity
                0x00000000080002e8       0x10 /mnt/hdd/src/stm32/libopencm3-examples/libopencm3/lib/libopencm3_stm32f0.a(usart_common_all.o)
                0x00000000080002e8                usart_set_parity
 .text.usart_set_mode
                0x00000000080002f8        0xc /mnt/hdd/src/stm32/libopencm3-examples/libopencm3/lib/libopencm3_stm32f0.a(usart_common_all.o)
                0x00000000080002f8                usart_set_mode
 .text.usart_set_flow_control
                0x0000000008000304       0x10 /mnt/hdd/src/stm32/libopencm3-examples/libopencm3/lib/libopencm3_stm32f0.a(usart_common_all.o)
                0x0000000008000304                usart_set_flow_control
 .text.usart_enable
                0x0000000008000314        0xa /mnt/hdd/src/stm32/libopencm3-examples/libopencm3/lib/libopencm3_stm32f0.a(usart_common_all.o)
                0x0000000008000314                usart_enable
 .text.usart_send_blocking
                0x000000000800031e       0x14 /mnt/hdd/src/stm32/libopencm3-examples/libopencm3/lib/libopencm3_stm32f0.a(usart_common_all.o)
                0x000000000800031e                usart_send_blocking
 .text.usart_send
                0x0000000008000332        0x8 /mnt/hdd/src/stm32/libopencm3-examples/libopencm3/lib/libopencm3_stm32f0.a(usart_common_v2.o)
                0x0000000008000332                usart_send
 .text.usart_wait_send_ready
                0x000000000800033a        0xa /mnt/hdd/src/stm32/libopencm3-examples/libopencm3/lib/libopencm3_stm32f0.a(usart_common_v2.o)
                0x000000000800033a                usart_wait_send_ready
 .text.blocking_handler
                0x0000000008000344        0x2 /mnt/hdd/src/stm32/libopencm3-examples/libopencm3/lib/libopencm3_stm32f0.a(vector.o)
                0x0000000008000344                dma1_channel2_3_dma2_channel1_2_isr
                0x0000000008000344                rtc_isr
                0x0000000008000344                tim7_isr
                0x0000000008000344                dma1_channel4_7_dma2_channel3_5_isr
                0x0000000008000344                blocking_handler
                0x0000000008000344                tsc_isr
                0x0000000008000344                spi1_isr
                0x0000000008000344                i2c1_isr
                0x0000000008000344                tim17_isr
                0x0000000008000344                i2c2_isr
                0x0000000008000344                usart1_isr
                0x0000000008000344                usart3_4_isr
                0x0000000008000344                tim1_cc_isr
                0x0000000008000344                exti2_3_isr
                0x0000000008000344                tim16_isr
                0x0000000008000344                pvd_isr
                0x0000000008000344                rcc_isr
                0x0000000008000344                flash_isr
                0x0000000008000344                hard_fault_handler
                0x0000000008000344                tim14_isr
                0x0000000008000344                spi2_isr
                0x0000000008000344                usb_isr
                0x0000000008000344                tim15_isr
                0x0000000008000344                tim3_isr
                0x0000000008000344                usart2_isr
                0x0000000008000344                adc_comp_isr
                0x0000000008000344                dma1_channel1_isr
                0x0000000008000344                tim6_dac_isr
                0x0000000008000344                tim1_brk_up_trg_com_isr
                0x0000000008000344                exti4_15_isr
                0x0000000008000344                cec_can_isr
                0x0000000008000344                wwdg_isr
                0x0000000008000344                tim2_isr
                0x0000000008000344                exti0_1_isr
 .text.null_handler
                0x0000000008000346        0x2 /mnt/hdd/src/stm32/libopencm3-examples/libopencm3/lib/libopencm3_stm32f0.a(vector.o)
                0x0000000008000346                null_handler
                0x0000000008000346                sv_call_handler
                0x0000000008000346                pend_sv_handler
                0x0000000008000346                sys_tick_handler
                0x0000000008000346                nmi_handler
 .text.reset_handler
                0x0000000008000348       0x88 /mnt/hdd/src/stm32/libopencm3-examples/libopencm3/lib/libopencm3_stm32f0.a(vector.o)
                0x0000000008000348                reset_handler
 .text.fprintf  0x00000000080003d0       0x44 /usr/lib/gcc/arm-none-eabi/12/../../../../arm-none-eabi/lib/thumb/v6-m/nofp/libc.a(libc_a-fprintf.o)
                0x00000000080003d0                fprintf
 .text.setvbuf  0x0000000008000414      0x184 /usr/lib/gcc/arm-none-eabi/12/../../../../arm-none-eabi/lib/thumb/v6-m/nofp/libc.a(libc_a-setvbuf.o)
                0x0000000008000414                setvbuf
 .text.fcwriter
                0x0000000008000598       0x58 /usr/lib/gcc/arm-none-eabi/12/../../../../arm-none-eabi/lib/thumb/v6-m/nofp/libc.a(libc_a-fopencookie.o)
 .text.fccloser
                0x00000000080005f0       0x40 /usr/lib/gcc/arm-none-eabi/12/../../../../arm-none-eabi/lib/thumb/v6-m/nofp/libc.a(libc_a-fopencookie.o)
 .text.fcseeker
                0x0000000008000630       0x5c /usr/lib/gcc/arm-none-eabi/12/../../../../arm-none-eabi/lib/thumb/v6-m/nofp/libc.a(libc_a-fopencookie.o)
 .text.fcreader
                0x000000000800068c       0x38 /usr/lib/gcc/arm-none-eabi/12/../../../../arm-none-eabi/lib/thumb/v6-m/nofp/libc.a(libc_a-fopencookie.o)
 .text._fopencookie_r
                0x00000000080006c4       0xdc /usr/lib/gcc/arm-none-eabi/12/../../../../arm-none-eabi/lib/thumb/v6-m/nofp/libc.a(libc_a-fopencookie.o)
                0x00000000080006c4                _fopencookie_r
 .text.fopencookie
                0x00000000080007a0       0x34 /usr/lib/gcc/arm-none-eabi/12/../../../../arm-none-eabi/lib/thumb/v6-m/nofp/libc.a(libc_a-fopencookie.o)
                0x00000000080007a0                fopencookie
 .text.__errno  0x00000000080007d4        0xc /usr/lib/gcc/arm-none-eabi/12/../../../../arm-none-eabi/lib/thumb/v6-m/nofp/libc.a(libc_a-errno.o)
                0x00000000080007d4                __errno
 .text.startup.__stack_chk_init
                0x00000000080007e0       0x18 /usr/lib/gcc/arm-none-eabi/12/../../../../arm-none-eabi/lib/thumb/v6-m/nofp/libc.a(libc_a-stack_protector.o)
                0x00000000080007e0                __stack_chk_init
 .text.__stack_chk_fail
                0x00000000080007f8       0x4c /usr/lib/gcc/arm-none-eabi/12/../../../../arm-none-eabi/lib/thumb/v6-m/nofp/libc.a(libc_a-stack_protector.o)
                0x00000000080007f8                __stack_chk_fail
 .text.strlen   0x0000000008000844       0x5c /usr/lib/gcc/arm-none-eabi/12/../../../../arm-none-eabi/lib/thumb/v6-m/nofp/libc.a(libc_a-strlen-stub.o)
                0x0000000008000844                strlen
 .text._malloc_trim_r
                0x00000000080008a0       0xb4 /usr/lib/gcc/arm-none-eabi/12/../../../../arm-none-eabi/lib/thumb/v6-m/nofp/libc.a(libc_a-freer.o)
                0x00000000080008a0                _malloc_trim_r
 .text._free_r  0x0000000008000954      0x1d4 /usr/lib/gcc/arm-none-eabi/12/../../../../arm-none-eabi/lib/thumb/v6-m/nofp/libc.a(libc_a-freer.o)
                0x0000000008000954                _free_r
 .text.malloc   0x0000000008000b28       0x14 /usr/lib/gcc/arm-none-eabi/12/../../../../arm-none-eabi/lib/thumb/v6-m/nofp/libc.a(libc_a-malloc.o)
                0x0000000008000b28                malloc
 .text._malloc_r
                0x0000000008000b3c      0x5c4 /usr/lib/gcc/arm-none-eabi/12/../../../../arm-none-eabi/lib/thumb/v6-m/nofp/libc.a(libc_a-mallocr.o)
                0x0000000008000b3c                _malloc_r
 .text.__malloc_lock
                0x0000000008001100        0x4 /usr/lib/gcc/arm-none-eabi/12/../../../../arm-none-eabi/lib/thumb/v6-m/nofp/libc.a(libc_a-mlock.o)
                0x0000000008001100                __malloc_lock
 .text.__malloc_unlock
                0x0000000008001104        0x4 /usr/lib/gcc/arm-none-eabi/12/../../../../arm-none-eabi/lib/thumb/v6-m/nofp/libc.a(libc_a-mlock.o)
                0x0000000008001104                __malloc_unlock
 .text._vfprintf_r
                0x0000000008001108     0x1548 /usr/lib/gcc/arm-none-eabi/12/../../../../arm-none-eabi/lib/thumb/v6-m/nofp/libc.a(libc_a-vfprintf.o)
                0x0000000008001108                _vfprintf_r
 .text.__sbprintf
                0x0000000008002650       0x98 /usr/lib/gcc/arm-none-eabi/12/../../../../arm-none-eabi/lib/thumb/v6-m/nofp/libc.a(libc_a-vfprintf.o)
 .text.__sprint_r
                0x00000000080026e8       0x20 /usr/lib/gcc/arm-none-eabi/12/../../../../arm-none-eabi/lib/thumb/v6-m/nofp/libc.a(libc_a-sprint_r.o)
                0x00000000080026e8                __sprint_r
 .text.__sflush_r
                0x0000000008002708      0x148 /usr/lib/gcc/arm-none-eabi/12/../../../../arm-none-eabi/lib/thumb/v6-m/nofp/libc.a(libc_a-fflush.o)
                0x0000000008002708                __sflush_r
 .text._fflush_r
                0x0000000008002850       0x2c /usr/lib/gcc/arm-none-eabi/12/../../../../arm-none-eabi/lib/thumb/v6-m/nofp/libc.a(libc_a-fflush.o)
                0x0000000008002850                _fflush_r
 .text.stdio_exit_handler
                0x000000000800287c       0x1c /usr/lib/gcc/arm-none-eabi/12/../../../../arm-none-eabi/lib/thumb/v6-m/nofp/libc.a(libc_a-findfp.o)
 .text.cleanup_stdio
                0x0000000008002898       0x3c /usr/lib/gcc/arm-none-eabi/12/../../../../arm-none-eabi/lib/thumb/v6-m/nofp/libc.a(libc_a-findfp.o)
 .text.global_stdio_init.part.0
                0x00000000080028d4       0xfc /usr/lib/gcc/arm-none-eabi/12/../../../../arm-none-eabi/lib/thumb/v6-m/nofp/libc.a(libc_a-findfp.o)
 .text.__sfp    0x00000000080029d0       0xa0 /usr/lib/gcc/arm-none-eabi/12/../../../../arm-none-eabi/lib/thumb/v6-m/nofp/libc.a(libc_a-findfp.o)
                0x00000000080029d0                __sfp
 .text.__sinit  0x0000000008002a70       0x24 /usr/lib/gcc/arm-none-eabi/12/../../../../arm-none-eabi/lib/thumb/v6-m/nofp/libc.a(libc_a-findfp.o)
                0x0000000008002a70                __sinit
 .text.__sflags
                0x0000000008002a94       0xa0 /usr/lib/gcc/arm-none-eabi/12/../../../../arm-none-eabi/lib/thumb/v6-m/nofp/libc.a(libc_a-flags.o)
                0x0000000008002a94                __sflags
 .text.__sfvwrite_r
                0x0000000008002b34      0x310 /usr/lib/gcc/arm-none-eabi/12/../../../../arm-none-eabi/lib/thumb/v6-m/nofp/libc.a(libc_a-fvwrite.o)
                0x0000000008002b34                __sfvwrite_r
 .text._fwalk_sglue
                0x0000000008002e44       0x44 /usr/lib/gcc/arm-none-eabi/12/../../../../arm-none-eabi/lib/thumb/v6-m/nofp/libc.a(libc_a-fwalk.o)
                0x0000000008002e44                _fwalk_sglue
 .text.__smakebuf_r
                0x0000000008002e88       0xfc /usr/lib/gcc/arm-none-eabi/12/../../../../arm-none-eabi/lib/thumb/v6-m/nofp/libc.a(libc_a-makebuf.o)
                0x0000000008002e88                __smakebuf_r
 .text.__swhatbuf_r
                0x0000000008002f84       0x78 /usr/lib/gcc/arm-none-eabi/12/../../../../arm-none-eabi/lib/thumb/v6-m/nofp/libc.a(libc_a-makebuf.o)
                0x0000000008002f84                __swhatbuf_r
 .text.__sread  0x0000000008002ffc       0x28 /usr/lib/gcc/arm-none-eabi/12/../../../../arm-none-eabi/lib/thumb/v6-m/nofp/libc.a(libc_a-stdio.o)
                0x0000000008002ffc                __sread
 .text.__swrite
                0x0000000008003024       0x40 /usr/lib/gcc/arm-none-eabi/12/../../../../arm-none-eabi/lib/thumb/v6-m/nofp/libc.a(libc_a-stdio.o)
                0x0000000008003024                __swrite
 .text.__sseek  0x0000000008003064       0x30 /usr/lib/gcc/arm-none-eabi/12/../../../../arm-none-eabi/lib/thumb/v6-m/nofp/libc.a(libc_a-stdio.o)
                0x0000000008003064                __sseek
 .text.__sclose
                0x0000000008003094        0xc /usr/lib/gcc/arm-none-eabi/12/../../../../arm-none-eabi/lib/thumb/v6-m/nofp/libc.a(libc_a-stdio.o)
                0x0000000008003094                __sclose
 .text.__swsetup_r
                0x00000000080030a0       0xc8 /usr/lib/gcc/arm-none-eabi/12/../../../../arm-none-eabi/lib/thumb/v6-m/nofp/libc.a(libc_a-wsetup.o)
                0x00000000080030a0                __swsetup_r
 .text.memmove  0x0000000008003168       0xb0 /usr/lib/gcc/arm-none-eabi/12/../../../../arm-none-eabi/lib/thumb/v6-m/nofp/libc.a(libc_a-memmove.o)
                0x0000000008003168                memmove
 .text.memset   0x0000000008003218       0xa8 /usr/lib/gcc/arm-none-eabi/12/../../../../arm-none-eabi/lib/thumb/v6-m/nofp/libc.a(libc_a-memset.o)
                0x0000000008003218                memset
 .text.raise    0x00000000080032c0       0x5c /usr/lib/gcc/arm-none-eabi/12/../../../../arm-none-eabi/lib/thumb/v6-m/nofp/libc.a(libc_a-signal.o)
                0x00000000080032c0                raise
 .text.__locale_mb_cur_max
                0x000000000800331c       0x10 /usr/lib/gcc/arm-none-eabi/12/../../../../arm-none-eabi/lib/thumb/v6-m/nofp/libc.a(libc_a-locale.o)
                0x000000000800331c                __locale_mb_cur_max
 .text._localeconv_r
                0x000000000800332c        0x8 /usr/lib/gcc/arm-none-eabi/12/../../../../arm-none-eabi/lib/thumb/v6-m/nofp/libc.a(libc_a-localeconv.o)
                0x000000000800332c                _localeconv_r
 .text._close_r
                0x0000000008003334       0x24 /usr/lib/gcc/arm-none-eabi/12/../../../../arm-none-eabi/lib/thumb/v6-m/nofp/libc.a(libc_a-closer.o)
                0x0000000008003334                _close_r
 .text._fstat_r
                0x0000000008003358       0x28 /usr/lib/gcc/arm-none-eabi/12/../../../../arm-none-eabi/lib/thumb/v6-m/nofp/libc.a(libc_a-fstatr.o)
                0x0000000008003358                _fstat_r
 .text._isatty_r
                0x0000000008003380       0x24 /usr/lib/gcc/arm-none-eabi/12/../../../../arm-none-eabi/lib/thumb/v6-m/nofp/libc.a(libc_a-isattyr.o)
                0x0000000008003380                _isatty_r
 .text._lseek_r
                0x00000000080033a4       0x28 /usr/lib/gcc/arm-none-eabi/12/../../../../arm-none-eabi/lib/thumb/v6-m/nofp/libc.a(libc_a-lseekr.o)
                0x00000000080033a4                _lseek_r
 .text._read_r  0x00000000080033cc       0x28 /usr/lib/gcc/arm-none-eabi/12/../../../../arm-none-eabi/lib/thumb/v6-m/nofp/libc.a(libc_a-readr.o)
                0x00000000080033cc                _read_r
 .text._kill_r  0x00000000080033f4       0x28 /usr/lib/gcc/arm-none-eabi/12/../../../../arm-none-eabi/lib/thumb/v6-m/nofp/libc.a(libc_a-signalr.o)
                0x00000000080033f4                _kill_r
 .text._getpid_r
                0x000000000800341c        0x8 /usr/lib/gcc/arm-none-eabi/12/../../../../arm-none-eabi/lib/thumb/v6-m/nofp/libc.a(libc_a-signalr.o)
                0x000000000800341c                _getpid_r
 .text._sbrk_r  0x0000000008003424       0x24 /usr/lib/gcc/arm-none-eabi/12/../../../../arm-none-eabi/lib/thumb/v6-m/nofp/libc.a(libc_a-sbrkr.o)
                0x0000000008003424                _sbrk_r
 .text._write_r
                0x0000000008003448       0x28 /usr/lib/gcc/arm-none-eabi/12/../../../../arm-none-eabi/lib/thumb/v6-m/nofp/libc.a(libc_a-writer.o)
                0x0000000008003448                _write_r
 .text.write    0x0000000008003470       0x18 /usr/lib/gcc/arm-none-eabi/12/../../../../arm-none-eabi/lib/thumb/v6-m/nofp/libc.a(libc_a-syswrite.o)
                0x0000000008003470                write
 .text.sysconf  0x0000000008003488       0x1c /usr/lib/gcc/arm-none-eabi/12/../../../../arm-none-eabi/lib/thumb/v6-m/nofp/libc.a(libc_a-sysconf.o)
                0x0000000008003488                sysconf
 .text.memchr   0x00000000080034a4       0x74 /usr/lib/gcc/arm-none-eabi/12/../../../../arm-none-eabi/lib/thumb/v6-m/nofp/libc.a(libc_a-memchr-stub.o)
                0x00000000080034a4                memchr
 .text.memcpy   0x0000000008003518       0x90 /usr/lib/gcc/arm-none-eabi/12/../../../../arm-none-eabi/lib/thumb/v6-m/nofp/libc.a(libc_a-memcpy-stub.o)
                0x0000000008003518                memcpy
 .text.quorem   0x00000000080035a8      0x154 /usr/lib/gcc/arm-none-eabi/12/../../../../arm-none-eabi/lib/thumb/v6-m/nofp/libc.a(libc_a-dtoa.o)
 .text._dtoa_r  0x00000000080036fc      0xfa8 /usr/lib/gcc/arm-none-eabi/12/../../../../arm-none-eabi/lib/thumb/v6-m/nofp/libc.a(libc_a-dtoa.o)
                0x00000000080036fc                _dtoa_r
 .text.__ascii_mbtowc
                0x00000000080046a4       0x4c /usr/lib/gcc/arm-none-eabi/12/../../../../arm-none-eabi/lib/thumb/v6-m/nofp/libc.a(libc_a-mbtowc_r.o)
                0x00000000080046a4                __ascii_mbtowc
 .text._Balloc  0x00000000080046f0       0x50 /usr/lib/gcc/arm-none-eabi/12/../../../../arm-none-eabi/lib/thumb/v6-m/nofp/libc.a(libc_a-mprec.o)
                0x00000000080046f0                _Balloc
 .text._Bfree   0x0000000008004740       0x14 /usr/lib/gcc/arm-none-eabi/12/../../../../arm-none-eabi/lib/thumb/v6-m/nofp/libc.a(libc_a-mprec.o)
                0x0000000008004740                _Bfree
 .text.__multadd
                0x0000000008004754       0xa8 /usr/lib/gcc/arm-none-eabi/12/../../../../arm-none-eabi/lib/thumb/v6-m/nofp/libc.a(libc_a-mprec.o)
                0x0000000008004754                __multadd
 .text.__hi0bits
                0x00000000080047fc       0x4c /usr/lib/gcc/arm-none-eabi/12/../../../../arm-none-eabi/lib/thumb/v6-m/nofp/libc.a(libc_a-mprec.o)
                0x00000000080047fc                __hi0bits
 .text.__lo0bits
                0x0000000008004848       0x5c /usr/lib/gcc/arm-none-eabi/12/../../../../arm-none-eabi/lib/thumb/v6-m/nofp/libc.a(libc_a-mprec.o)
                0x0000000008004848                __lo0bits
 .text.__i2b    0x00000000080048a4       0x60 /usr/lib/gcc/arm-none-eabi/12/../../../../arm-none-eabi/lib/thumb/v6-m/nofp/libc.a(libc_a-mprec.o)
                0x00000000080048a4                __i2b
 .text.__multiply
                0x0000000008004904      0x1b0 /usr/lib/gcc/arm-none-eabi/12/../../../../arm-none-eabi/lib/thumb/v6-m/nofp/libc.a(libc_a-mprec.o)
                0x0000000008004904                __multiply
 .text.__pow5mult
                0x0000000008004ab4       0xd0 /usr/lib/gcc/arm-none-eabi/12/../../../../arm-none-eabi/lib/thumb/v6-m/nofp/libc.a(libc_a-mprec.o)
                0x0000000008004ab4                __pow5mult
 .text.__lshift
                0x0000000008004b84       0xfc /usr/lib/gcc/arm-none-eabi/12/../../../../arm-none-eabi/lib/thumb/v6-m/nofp/libc.a(libc_a-mprec.o)
                0x0000000008004b84                __lshift
 .text.__mcmp   0x0000000008004c80       0x3c /usr/lib/gcc/arm-none-eabi/12/../../../../arm-none-eabi/lib/thumb/v6-m/nofp/libc.a(libc_a-mprec.o)
                0x0000000008004c80                __mcmp
 .text.__mdiff  0x0000000008004cbc      0x1a4 /usr/lib/gcc/arm-none-eabi/12/../../../../arm-none-eabi/lib/thumb/v6-m/nofp/libc.a(libc_a-mprec.o)
                0x0000000008004cbc                __mdiff
 .text.__d2b    0x0000000008004e60      0x100 /usr/lib/gcc/arm-none-eabi/12/../../../../arm-none-eabi/lib/thumb/v6-m/nofp/libc.a(libc_a-mprec.o)
                0x0000000008004e60                __d2b
 .text._realloc_r
                0x0000000008004f60      0x350 /usr/lib/gcc/arm-none-eabi/12/../../../../arm-none-eabi/lib/thumb/v6-m/nofp/libc.a(libc_a-reallocr.o)
                0x0000000008004f60                _realloc_r
 .text.__ascii_wctomb
                0x00000000080052b0       0x1c /usr/lib/gcc/arm-none-eabi/12/../../../../arm-none-eabi/lib/thumb/v6-m/nofp/libc.a(libc_a-wctomb_r.o)
                0x00000000080052b0                __ascii_wctomb
 .text._wcrtomb_r
                0x00000000080052cc       0x6c /usr/lib/gcc/arm-none-eabi/12/../../../../arm-none-eabi/lib/thumb/v6-m/nofp/libc.a(libc_a-wcrtomb.o)
                0x00000000080052cc                _wcrtomb_r
 .text._wcsrtombs_r
                0x0000000008005338       0x18 /usr/lib/gcc/arm-none-eabi/12/../../../../arm-none-eabi/lib/thumb/v6-m/nofp/libc.a(libc_a-wcsrtombs.o)
                0x0000000008005338                _wcsrtombs_r
 .text._fclose_r
                0x0000000008005350       0x88 /usr/lib/gcc/arm-none-eabi/12/../../../../arm-none-eabi/lib/thumb/v6-m/nofp/libc.a(libc_a-fclose.o)
                0x0000000008005350                _fclose_r
 .text.__assert_func
                0x00000000080053d8       0x40 /usr/lib/gcc/arm-none-eabi/12/../../../../arm-none-eabi/lib/thumb/v6-m/nofp/libc.a(libc_a-assert.o)
                0x00000000080053d8                __assert_func
 .text._calloc_r
                0x0000000008005418       0xa8 /usr/lib/gcc/arm-none-eabi/12/../../../../arm-none-eabi/lib/thumb/v6-m/nofp/libc.a(libc_a-callocr.o)
                0x0000000008005418                _calloc_r
 .text._wcsnrtombs_l
                0x00000000080054c0      0x13c /usr/lib/gcc/arm-none-eabi/12/../../../../arm-none-eabi/lib/thumb/v6-m/nofp/libc.a(libc_a-wcsnrtombs.o)
                0x00000000080054c0                _wcsnrtombs_l
 .text._wcsnrtombs_r
                0x00000000080055fc       0x24 /usr/lib/gcc/arm-none-eabi/12/../../../../arm-none-eabi/lib/thumb/v6-m/nofp/libc.a(libc_a-wcsnrtombs.o)
                0x00000000080055fc                _wcsnrtombs_r
 .text.fiprintf
                0x0000000008005620       0x44 /usr/lib/gcc/arm-none-eabi/12/../../../../arm-none-eabi/lib/thumb/v6-m/nofp/libc.a(libc_a-fiprintf.o)
                0x0000000008005620                fiprintf
 .text._vfiprintf_r
                0x0000000008005664      0xbbc /usr/lib/gcc/arm-none-eabi/12/../../../../arm-none-eabi/lib/thumb/v6-m/nofp/libc.a(libc_a-vfiprintf.o)
                0x0000000008005664                _vfiprintf_r
 .text.__sbprintf
                0x0000000008006220       0x98 /usr/lib/gcc/arm-none-eabi/12/../../../../arm-none-eabi/lib/thumb/v6-m/nofp/libc.a(libc_a-vfiprintf.o)
 .text.abort    0x00000000080062b8       0x10 /usr/lib/gcc/arm-none-eabi/12/../../../../arm-none-eabi/lib/thumb/v6-m/nofp/libc.a(libc_a-abort.o)
                0x00000000080062b8                abort
 .text          0x00000000080062c8      0x114 /usr/lib/gcc/arm-none-eabi/12/thumb/v6-m/nofp/libgcc.a(_udivsi3.o)
                0x00000000080062c8                __udivsi3
                0x00000000080062c8                __aeabi_uidiv
                0x00000000080063d4                __aeabi_uidivmod
 .text          0x00000000080063dc      0x1d4 /usr/lib/gcc/arm-none-eabi/12/thumb/v6-m/nofp/libgcc.a(_divsi3.o)
                0x00000000080063dc                __aeabi_idiv
                0x00000000080063dc                __divsi3
                0x00000000080065a8                __aeabi_idivmod
 .text          0x00000000080065b0        0x4 /usr/lib/gcc/arm-none-eabi/12/thumb/v6-m/nofp/libgcc.a(_dvmd_tls.o)
                0x00000000080065b0                __aeabi_ldiv0
                0x00000000080065b0                __aeabi_idiv0
 .text          0x00000000080065b4       0x7c /usr/lib/gcc/arm-none-eabi/12/thumb/v6-m/nofp/libgcc.a(_arm_cmpdf2.o)
                0x00000000080065b4                __aeabi_cdrcmple
                0x00000000080065c4                __aeabi_cdcmple
                0x00000000080065c4                __aeabi_cdcmpeq
                0x00000000080065d4                __aeabi_dcmpeq
                0x00000000080065e0                __aeabi_dcmplt
                0x00000000080065f4                __aeabi_dcmple
                0x0000000008006608                __aeabi_dcmpgt
                0x000000000800661c                __aeabi_dcmpge
 .text          0x0000000008006630      0x6c8 /usr/lib/gcc/arm-none-eabi/12/thumb/v6-m/nofp/libgcc.a(adddf3.o)
                0x0000000008006630                __aeabi_dadd
 .text          0x0000000008006cf8      0x634 /usr/lib/gcc/arm-none-eabi/12/thumb/v6-m/nofp/libgcc.a(divdf3.o)
                0x0000000008006cf8                __aeabi_ddiv
 .text          0x000000000800732c       0x88 /usr/lib/gcc/arm-none-eabi/12/thumb/v6-m/nofp/libgcc.a(eqdf2.o)
                0x000000000800732c                __eqdf2
                0x000000000800732c                __nedf2
 .text          0x00000000080073b4       0xe8 /usr/lib/gcc/arm-none-eabi/12/thumb/v6-m/nofp/libgcc.a(gedf2.o)
                0x00000000080073b4                __gtdf2
                0x00000000080073b4                __gedf2
 .text          0x000000000800749c       0xe4 /usr/lib/gcc/arm-none-eabi/12/thumb/v6-m/nofp/libgcc.a(ledf2.o)
                0x000000000800749c                __ltdf2
                0x000000000800749c                __ledf2
 .text          0x0000000008007580      0x590 /usr/lib/gcc/arm-none-eabi/12/thumb/v6-m/nofp/libgcc.a(muldf3.o)
                0x0000000008007580                __aeabi_dmul
 .text          0x0000000008007b10      0x738 /usr/lib/gcc/arm-none-eabi/12/thumb/v6-m/nofp/libgcc.a(subdf3.o)
                0x0000000008007b10                __aeabi_dsub
 .text          0x0000000008008248       0x44 /usr/lib/gcc/arm-none-eabi/12/thumb/v6-m/nofp/libgcc.a(unorddf2.o)
                0x0000000008008248                __aeabi_dcmpun
 .text          0x000000000800828c       0x78 /usr/lib/gcc/arm-none-eabi/12/thumb/v6-m/nofp/libgcc.a(fixdfsi.o)
                0x000000000800828c                __aeabi_d2iz
 .text          0x0000000008008304       0x5c /usr/lib/gcc/arm-none-eabi/12/thumb/v6-m/nofp/libgcc.a(floatsidf.o)
                0x0000000008008304                __aeabi_i2d
 .text          0x0000000008008360       0x48 /usr/lib/gcc/arm-none-eabi/12/thumb/v6-m/nofp/libgcc.a(floatunsidf.o)
                0x0000000008008360                __aeabi_ui2d
 .text          0x00000000080083a8       0x3c /usr/lib/gcc/arm-none-eabi/12/thumb/v6-m/nofp/libgcc.a(_clzsi2.o)
                0x00000000080083a8                __clzsi2
 .text._close   0x00000000080083e4       0x10 /usr/lib/gcc/arm-none-eabi/12/../../../../arm-none-eabi/lib/thumb/v6-m/nofp/libnosys.a(close.o)
                0x00000000080083e4                _close
 .text._fstat   0x00000000080083f4       0x10 /usr/lib/gcc/arm-none-eabi/12/../../../../arm-none-eabi/lib/thumb/v6-m/nofp/libnosys.a(fstat.o)
                0x00000000080083f4                _fstat
 .text._getpid  0x0000000008008404       0x10 /usr/lib/gcc/arm-none-eabi/12/../../../../arm-none-eabi/lib/thumb/v6-m/nofp/libnosys.a(getpid.o)
                0x0000000008008404                _getpid
 .text._isatty  0x0000000008008414       0x10 /usr/lib/gcc/arm-none-eabi/12/../../../../arm-none-eabi/lib/thumb/v6-m/nofp/libnosys.a(isatty.o)
                0x0000000008008414                _isatty
 .text._kill    0x0000000008008424       0x10 /usr/lib/gcc/arm-none-eabi/12/../../../../arm-none-eabi/lib/thumb/v6-m/nofp/libnosys.a(kill.o)
                0x0000000008008424                _kill
 .text._lseek   0x0000000008008434       0x10 /usr/lib/gcc/arm-none-eabi/12/../../../../arm-none-eabi/lib/thumb/v6-m/nofp/libnosys.a(lseek.o)
                0x0000000008008434                _lseek
 .text._read    0x0000000008008444       0x10 /usr/lib/gcc/arm-none-eabi/12/../../../../arm-none-eabi/lib/thumb/v6-m/nofp/libnosys.a(read.o)
                0x0000000008008444                _read
 .text._sbrk    0x0000000008008454       0x1c /usr/lib/gcc/arm-none-eabi/12/../../../../arm-none-eabi/lib/thumb/v6-m/nofp/libnosys.a(sbrk.o)
                0x0000000008008454                _sbrk
 .text._write   0x0000000008008470       0x10 /usr/lib/gcc/arm-none-eabi/12/../../../../arm-none-eabi/lib/thumb/v6-m/nofp/libnosys.a(write.o)
                0x0000000008008470                _write
 .text._exit    0x0000000008008480        0x4 /usr/lib/gcc/arm-none-eabi/12/../../../../arm-none-eabi/lib/thumb/v6-m/nofp/libnosys.a(_exit.o)
                0x0000000008008480                _exit
                0x0000000008008484                . = ALIGN (0x4)
 *(.rodata*)
 .rodata.main.str1.1
                0x0000000008008484        0xe usart_stdio.o
 *fill*         0x0000000008008492        0x2 
 .rodata        0x0000000008008494       0x10 usart_stdio.o
 .rodata.__stack_chk_fail.str1.4
                0x00000000080084a4       0x2d /usr/lib/gcc/arm-none-eabi/12/../../../../arm-none-eabi/lib/thumb/v6-m/nofp/libc.a(libc_a-stack_protector.o)
 *fill*         0x00000000080084d1        0x3 
 .rodata._vfprintf_r.str1.4
                0x00000000080084d4       0x42 /usr/lib/gcc/arm-none-eabi/12/../../../../arm-none-eabi/lib/thumb/v6-m/nofp/libc.a(libc_a-vfprintf.o)
 *fill*         0x0000000008008516        0x2 
 .rodata._vfprintf_r
                0x0000000008008518      0x164 /usr/lib/gcc/arm-none-eabi/12/../../../../arm-none-eabi/lib/thumb/v6-m/nofp/libc.a(libc_a-vfprintf.o)
 .rodata.zeroes.0
                0x000000000800867c       0x10 /usr/lib/gcc/arm-none-eabi/12/../../../../arm-none-eabi/lib/thumb/v6-m/nofp/libc.a(libc_a-vfprintf.o)
 .rodata.blanks.1
                0x000000000800868c       0x10 /usr/lib/gcc/arm-none-eabi/12/../../../../arm-none-eabi/lib/thumb/v6-m/nofp/libc.a(libc_a-vfprintf.o)
 .rodata.str1.4
                0x000000000800869c       0x48 /usr/lib/gcc/arm-none-eabi/12/../../../../arm-none-eabi/lib/thumb/v6-m/nofp/libc.a(libc_a-locale.o)
                                         0x4c (size before relaxing)
 .rodata._dtoa_r.str1.4
                0x00000000080086e4       0x94 /usr/lib/gcc/arm-none-eabi/12/../../../../arm-none-eabi/lib/thumb/v6-m/nofp/libc.a(libc_a-dtoa.o)
                                         0x98 (size before relaxing)
 .rodata.__multadd.str1.4
                0x0000000008008778       0x71 /usr/lib/gcc/arm-none-eabi/12/../../../../arm-none-eabi/lib/thumb/v6-m/nofp/libc.a(libc_a-mprec.o)
                                         0x85 (size before relaxing)
 *fill*         0x00000000080087e9        0x3 
 .rodata.p05.0  0x00000000080087ec        0xc /usr/lib/gcc/arm-none-eabi/12/../../../../arm-none-eabi/lib/thumb/v6-m/nofp/libc.a(libc_a-mprec.o)
 .rodata.__mprec_bigtens
                0x00000000080087f8       0x28 /usr/lib/gcc/arm-none-eabi/12/../../../../arm-none-eabi/lib/thumb/v6-m/nofp/libc.a(libc_a-mprec.o)
                0x00000000080087f8                __mprec_bigtens
 .rodata.__mprec_tens
                0x0000000008008820       0xc8 /usr/lib/gcc/arm-none-eabi/12/../../../../arm-none-eabi/lib/thumb/v6-m/nofp/libc.a(libc_a-mprec.o)
                0x0000000008008820                __mprec_tens
 .rodata._ctype_
                0x00000000080088e8      0x101 /usr/lib/gcc/arm-none-eabi/12/../../../../arm-none-eabi/lib/thumb/v6-m/nofp/libc.a(libc_a-ctype_.o)
                0x00000000080088e8                _ctype_
 *fill*         0x00000000080089e9        0x3 
 .rodata.__assert_func.str1.4
                0x00000000080089ec       0x3f /usr/lib/gcc/arm-none-eabi/12/../../../../arm-none-eabi/lib/thumb/v6-m/nofp/libc.a(libc_a-assert.o)
                                         0x43 (size before relaxing)
 .rodata._vfiprintf_r.str1.4
                0x0000000008008a2b       0x2f /usr/lib/gcc/arm-none-eabi/12/../../../../arm-none-eabi/lib/thumb/v6-m/nofp/libc.a(libc_a-vfiprintf.o)
 *fill*         0x0000000008008a2b        0x1 
 .rodata._vfiprintf_r
                0x0000000008008a2c      0x164 /usr/lib/gcc/arm-none-eabi/12/../../../../arm-none-eabi/lib/thumb/v6-m/nofp/libc.a(libc_a-vfiprintf.o)
 .rodata.zeroes.0
                0x0000000008008b90       0x10 /usr/lib/gcc/arm-none-eabi/12/../../../../arm-none-eabi/lib/thumb/v6-m/nofp/libc.a(libc_a-vfiprintf.o)
 .rodata.blanks.1
                0x0000000008008ba0       0x10 /usr/lib/gcc/arm-none-eabi/12/../../../../arm-none-eabi/lib/thumb/v6-m/nofp/libc.a(libc_a-vfiprintf.o)
 .rodata        0x0000000008008bb0       0x40 /usr/lib/gcc/arm-none-eabi/12/thumb/v6-m/nofp/libgcc.a(divdf3.o)
                0x0000000008008bf0                . = ALIGN (0x4)

.glue_7         0x0000000008008bf0        0x0
 .glue_7        0x0000000008008bf0        0x0 linker stubs

.glue_7t        0x0000000008008bf0        0x0
 .glue_7t       0x0000000008008bf0        0x0 linker stubs

.vfp11_veneer   0x0000000008008bf0        0x0
 .vfp11_veneer  0x0000000008008bf0        0x0 linker stubs

.v4_bx          0x0000000008008bf0        0x0
 .v4_bx         0x0000000008008bf0        0x0 linker stubs

.iplt           0x0000000008008bf0        0x0
 .iplt          0x0000000008008bf0        0x0 usart_stdio.o

.rel.dyn        0x0000000008008bf0        0x0
 .rel.iplt      0x0000000008008bf0        0x0 usart_stdio.o

.preinit_array  0x0000000008008bf0        0x0
                0x0000000008008bf0                . = ALIGN (0x4)
                0x0000000008008bf0                __preinit_array_start = .
 *(.preinit_array)
                0x0000000008008bf0                __preinit_array_end = .

.init_array     0x0000000008008bf0        0x4
                0x0000000008008bf0                . = ALIGN (0x4)
                0x0000000008008bf0                __init_array_start = .
 *(SORT_BY_NAME(.init_array.*))
 *(.init_array)
 .init_array    0x0000000008008bf0        0x4 /usr/lib/gcc/arm-none-eabi/12/../../../../arm-none-eabi/lib/thumb/v6-m/nofp/libc.a(libc_a-stack_protector.o)
                0x0000000008008bf4                __init_array_end = .

.fini_array     0x0000000008008bf4        0x0
                0x0000000008008bf4                . = ALIGN (0x4)
                0x0000000008008bf4                __fini_array_start = .
 *(.fini_array)
 *(SORT_BY_NAME(.fini_array.*))
                0x0000000008008bf4                __fini_array_end = .

.ARM.extab
 *(.ARM.extab*)

.ARM.exidx      0x0000000008008bf4        0x0
                0x0000000008008bf4                __exidx_start = .
 *(.ARM.exidx*)
                0x0000000008008bf4                __exidx_end = .
                0x0000000008008bf4                . = ALIGN (0x4)
                0x0000000008008bf4                _etext = .

.noinit
 *(.noinit*)
                0x0000000008008bf4                . = ALIGN (0x4)

.data           0x0000000020000000      0x6b0 load address 0x0000000008008bf4
                0x0000000020000000                _data = .
 *(.data*)
 .data.rcc_apb1_frequency
                0x0000000020000000        0x4 /mnt/hdd/src/stm32/libopencm3-examples/libopencm3/lib/libopencm3_stm32f0.a(rcc.o)
                0x0000000020000000                rcc_apb1_frequency
 .data._impure_ptr
                0x0000000020000004        0x4 /usr/lib/gcc/arm-none-eabi/12/../../../../arm-none-eabi/lib/thumb/v6-m/nofp/libc.a(libc_a-impure.o)
                0x0000000020000004                _impure_ptr
 .data._impure_data
                0x0000000020000008      0x120 /usr/lib/gcc/arm-none-eabi/12/../../../../arm-none-eabi/lib/thumb/v6-m/nofp/libc.a(libc_a-impure.o)
                0x0000000020000008                _impure_data
 .data.__malloc_sbrk_base
                0x0000000020000128        0x4 /usr/lib/gcc/arm-none-eabi/12/../../../../arm-none-eabi/lib/thumb/v6-m/nofp/libc.a(libc_a-mallocr.o)
                0x0000000020000128                __malloc_sbrk_base
 .data.__malloc_trim_threshold
                0x000000002000012c        0x4 /usr/lib/gcc/arm-none-eabi/12/../../../../arm-none-eabi/lib/thumb/v6-m/nofp/libc.a(libc_a-mallocr.o)
                0x000000002000012c                __malloc_trim_threshold
 .data.__malloc_av_
                0x0000000020000130      0x408 /usr/lib/gcc/arm-none-eabi/12/../../../../arm-none-eabi/lib/thumb/v6-m/nofp/libc.a(libc_a-mallocr.o)
                0x0000000020000130                __malloc_av_
 .data.__sglue  0x0000000020000538        0xc /usr/lib/gcc/arm-none-eabi/12/../../../../arm-none-eabi/lib/thumb/v6-m/nofp/libc.a(libc_a-findfp.o)
                0x0000000020000538                __sglue
 .data.__global_locale
                0x0000000020000544      0x16c /usr/lib/gcc/arm-none-eabi/12/../../../../arm-none-eabi/lib/thumb/v6-m/nofp/libc.a(libc_a-locale.o)
                0x0000000020000544                __global_locale
 *(.ramtext*)
                0x00000000200006b0                . = ALIGN (0x4)
                0x00000000200006b0                _edata = .
                0x0000000008008bf4                _data_loadaddr = LOADADDR (.data)

.igot.plt       0x00000000200006b0        0x0 load address 0x00000000080092a4
 .igot.plt      0x00000000200006b0        0x0 usart_stdio.o

.bss            0x00000000200006b0      0x170 load address 0x00000000080092a4
 *(.bss*)
 .bss.__stack_chk_guard
                0x00000000200006b0        0x4 /usr/lib/gcc/arm-none-eabi/12/../../../../arm-none-eabi/lib/thumb/v6-m/nofp/libc.a(libc_a-stack_protector.o)
                0x00000000200006b0                __stack_chk_guard
 .bss.__malloc_current_mallinfo
                0x00000000200006b4       0x28 /usr/lib/gcc/arm-none-eabi/12/../../../../arm-none-eabi/lib/thumb/v6-m/nofp/libc.a(libc_a-mallocr.o)
                0x00000000200006b4                __malloc_current_mallinfo
 .bss.__malloc_max_total_mem
                0x00000000200006dc        0x4 /usr/lib/gcc/arm-none-eabi/12/../../../../arm-none-eabi/lib/thumb/v6-m/nofp/libc.a(libc_a-mallocr.o)
                0x00000000200006dc                __malloc_max_total_mem
 .bss.__malloc_max_sbrked_mem
                0x00000000200006e0        0x4 /usr/lib/gcc/arm-none-eabi/12/../../../../arm-none-eabi/lib/thumb/v6-m/nofp/libc.a(libc_a-mallocr.o)
                0x00000000200006e0                __malloc_max_sbrked_mem
 .bss.__malloc_top_pad
                0x00000000200006e4        0x4 /usr/lib/gcc/arm-none-eabi/12/../../../../arm-none-eabi/lib/thumb/v6-m/nofp/libc.a(libc_a-mallocr.o)
                0x00000000200006e4                __malloc_top_pad
 .bss.__sf      0x00000000200006e8      0x12c /usr/lib/gcc/arm-none-eabi/12/../../../../arm-none-eabi/lib/thumb/v6-m/nofp/libc.a(libc_a-findfp.o)
                0x00000000200006e8                __sf
 .bss.__stdio_exit_handler
                0x0000000020000814        0x4 /usr/lib/gcc/arm-none-eabi/12/../../../../arm-none-eabi/lib/thumb/v6-m/nofp/libc.a(libc_a-findfp.o)
                0x0000000020000814                __stdio_exit_handler
 .bss.errno     0x0000000020000818        0x4 /usr/lib/gcc/arm-none-eabi/12/../../../../arm-none-eabi/lib/thumb/v6-m/nofp/libc.a(libc_a-reent.o)
                0x0000000020000818                errno
 .bss.heap_end.0
                0x000000002000081c        0x4 /usr/lib/gcc/arm-none-eabi/12/../../../../arm-none-eabi/lib/thumb/v6-m/nofp/libnosys.a(sbrk.o)
 *(COMMON)
                0x0000000020000820                . = ALIGN (0x4)
                0x0000000020000820                _ebss = .

/DISCARD/
 *(.eh_frame)
                0x0000000020000820                . = ALIGN (0x4)
                0x0000000020000820                end = .
                0x0000000020002000                PROVIDE (_stack = (ORIGIN (ram) + LENGTH (ram)))
OUTPUT(usart_stdio.elf elf32-littlearm)
LOAD linker stubs

.debug_info     0x0000000000000000     0x5960
 .debug_info    0x0000000000000000      0xf23 usart_stdio.o
 .debug_info    0x0000000000000f23      0x256 /mnt/hdd/src/stm32/libopencm3-examples/libopencm3/lib/libopencm3_stm32f0.a(gpio_common_all.o)
 .debug_info    0x0000000000001179      0x23e /mnt/hdd/src/stm32/libopencm3-examples/libopencm3/lib/libopencm3_stm32f0.a(gpio_common_f0234.o)
 .debug_info    0x00000000000013b7      0x57f /mnt/hdd/src/stm32/libopencm3-examples/libopencm3/lib/libopencm3_stm32f0.a(rcc_common_all.o)
 .debug_info    0x0000000000001936      0x57e /mnt/hdd/src/stm32/libopencm3-examples/libopencm3/lib/libopencm3_stm32f0.a(usart_common_all.o)
 .debug_info    0x0000000000001eb4      0x370 /mnt/hdd/src/stm32/libopencm3-examples/libopencm3/lib/libopencm3_stm32f0.a(usart_common_v2.o)
 .debug_info    0x0000000000002224      0x2c3 /mnt/hdd/src/stm32/libopencm3-examples/libopencm3/lib/libopencm3_stm32f0.a(vector.o)
 .debug_info    0x00000000000024e7      0x949 /mnt/hdd/src/stm32/libopencm3-examples/libopencm3/lib/libopencm3_stm32f0.a(rcc.o)
 .debug_info    0x0000000000002e30       0x25 /usr/lib/gcc/arm-none-eabi/12/thumb/v6-m/nofp/libgcc.a(_udivsi3.o)
 .debug_info    0x0000000000002e55       0x25 /usr/lib/gcc/arm-none-eabi/12/thumb/v6-m/nofp/libgcc.a(_divsi3.o)
 .debug_info    0x0000000000002e7a       0x24 /usr/lib/gcc/arm-none-eabi/12/thumb/v6-m/nofp/libgcc.a(_dvmd_tls.o)
 .debug_info    0x0000000000002e9e       0x24 /usr/lib/gcc/arm-none-eabi/12/thumb/v6-m/nofp/libgcc.a(_arm_cmpdf2.o)
 .debug_info    0x0000000000002ec2      0x588 /usr/lib/gcc/arm-none-eabi/12/thumb/v6-m/nofp/libgcc.a(adddf3.o)
 .debug_info    0x000000000000344a      0x7b2 /usr/lib/gcc/arm-none-eabi/12/thumb/v6-m/nofp/libgcc.a(divdf3.o)
 .debug_info    0x0000000000003bfc      0x243 /usr/lib/gcc/arm-none-eabi/12/thumb/v6-m/nofp/libgcc.a(eqdf2.o)
 .debug_info    0x0000000000003e3f      0x25f /usr/lib/gcc/arm-none-eabi/12/thumb/v6-m/nofp/libgcc.a(gedf2.o)
 .debug_info    0x000000000000409e      0x25f /usr/lib/gcc/arm-none-eabi/12/thumb/v6-m/nofp/libgcc.a(ledf2.o)
 .debug_info    0x00000000000042fd      0x7b5 /usr/lib/gcc/arm-none-eabi/12/thumb/v6-m/nofp/libgcc.a(muldf3.o)
 .debug_info    0x0000000000004ab2      0x588 /usr/lib/gcc/arm-none-eabi/12/thumb/v6-m/nofp/libgcc.a(subdf3.o)
 .debug_info    0x000000000000503a      0x227 /usr/lib/gcc/arm-none-eabi/12/thumb/v6-m/nofp/libgcc.a(unorddf2.o)
 .debug_info    0x0000000000005261      0x1d0 /usr/lib/gcc/arm-none-eabi/12/thumb/v6-m/nofp/libgcc.a(fixdfsi.o)
 .debug_info    0x0000000000005431      0x28b /usr/lib/gcc/arm-none-eabi/12/thumb/v6-m/nofp/libgcc.a(floatsidf.o)
 .debug_info    0x00000000000056bc      0x280 /usr/lib/gcc/arm-none-eabi/12/thumb/v6-m/nofp/libgcc.a(floatunsidf.o)
 .debug_info    0x000000000000593c       0x24 /usr/lib/gcc/arm-none-eabi/12/thumb/v6-m/nofp/libgcc.a(_clzsi2.o)

.debug_abbrev   0x0000000000000000     0x1d1d
 .debug_abbrev  0x0000000000000000      0x383 usart_stdio.o
 .debug_abbrev  0x0000000000000383      0x115 /mnt/hdd/src/stm32/libopencm3-examples/libopencm3/lib/libopencm3_stm32f0.a(gpio_common_all.o)
 .debug_abbrev  0x0000000000000498       0xc3 /mnt/hdd/src/stm32/libopencm3-examples/libopencm3/lib/libopencm3_stm32f0.a(gpio_common_f0234.o)
 .debug_abbrev  0x000000000000055b      0x174 /mnt/hdd/src/stm32/libopencm3-examples/libopencm3/lib/libopencm3_stm32f0.a(rcc_common_all.o)
 .debug_abbrev  0x00000000000006cf      0x15c /mnt/hdd/src/stm32/libopencm3-examples/libopencm3/lib/libopencm3_stm32f0.a(usart_common_all.o)
 .debug_abbrev  0x000000000000082b      0x12d /mnt/hdd/src/stm32/libopencm3-examples/libopencm3/lib/libopencm3_stm32f0.a(usart_common_v2.o)
 .debug_abbrev  0x0000000000000958      0x149 /mnt/hdd/src/stm32/libopencm3-examples/libopencm3/lib/libopencm3_stm32f0.a(vector.o)
 .debug_abbrev  0x0000000000000aa1      0x310 /mnt/hdd/src/stm32/libopencm3-examples/libopencm3/lib/libopencm3_stm32f0.a(rcc.o)
 .debug_abbrev  0x0000000000000db1       0x14 /usr/lib/gcc/arm-none-eabi/12/thumb/v6-m/nofp/libgcc.a(_udivsi3.o)
 .debug_abbrev  0x0000000000000dc5       0x14 /usr/lib/gcc/arm-none-eabi/12/thumb/v6-m/nofp/libgcc.a(_divsi3.o)
 .debug_abbrev  0x0000000000000dd9       0x14 /usr/lib/gcc/arm-none-eabi/12/thumb/v6-m/nofp/libgcc.a(_dvmd_tls.o)
 .debug_abbrev  0x0000000000000ded       0x14 /usr/lib/gcc/arm-none-eabi/12/thumb/v6-m/nofp/libgcc.a(_arm_cmpdf2.o)
 .debug_abbrev  0x0000000000000e01      0x16e /usr/lib/gcc/arm-none-eabi/12/thumb/v6-m/nofp/libgcc.a(adddf3.o)
 .debug_abbrev  0x0000000000000f6f      0x16c /usr/lib/gcc/arm-none-eabi/12/thumb/v6-m/nofp/libgcc.a(divdf3.o)
 .debug_abbrev  0x00000000000010db      0x157 /usr/lib/gcc/arm-none-eabi/12/thumb/v6-m/nofp/libgcc.a(eqdf2.o)
 .debug_abbrev  0x0000000000001232      0x136 /usr/lib/gcc/arm-none-eabi/12/thumb/v6-m/nofp/libgcc.a(gedf2.o)
 .debug_abbrev  0x0000000000001368      0x136 /usr/lib/gcc/arm-none-eabi/12/thumb/v6-m/nofp/libgcc.a(ledf2.o)
 .debug_abbrev  0x000000000000149e      0x17d /usr/lib/gcc/arm-none-eabi/12/thumb/v6-m/nofp/libgcc.a(muldf3.o)
 .debug_abbrev  0x000000000000161b      0x16e /usr/lib/gcc/arm-none-eabi/12/thumb/v6-m/nofp/libgcc.a(subdf3.o)
 .debug_abbrev  0x0000000000001789      0x154 /usr/lib/gcc/arm-none-eabi/12/thumb/v6-m/nofp/libgcc.a(unorddf2.o)
 .debug_abbrev  0x00000000000018dd      0x153 /usr/lib/gcc/arm-none-eabi/12/thumb/v6-m/nofp/libgcc.a(fixdfsi.o)
 .debug_abbrev  0x0000000000001a30      0x16d /usr/lib/gcc/arm-none-eabi/12/thumb/v6-m/nofp/libgcc.a(floatsidf.o)
 .debug_abbrev  0x0000000000001b9d      0x16c /usr/lib/gcc/arm-none-eabi/12/thumb/v6-m/nofp/libgcc.a(floatunsidf.o)
 .debug_abbrev  0x0000000000001d09       0x14 /usr/lib/gcc/arm-none-eabi/12/thumb/v6-m/nofp/libgcc.a(_clzsi2.o)

.debug_loclists
                0x0000000000000000     0x6429
 .debug_loclists
                0x0000000000000000      0x175 usart_stdio.o
 .debug_loclists
                0x0000000000000175       0x7e /mnt/hdd/src/stm32/libopencm3-examples/libopencm3/lib/libopencm3_stm32f0.a(gpio_common_all.o)
 .debug_loclists
                0x00000000000001f3      0x171 /mnt/hdd/src/stm32/libopencm3-examples/libopencm3/lib/libopencm3_stm32f0.a(gpio_common_f0234.o)
 .debug_loclists
                0x0000000000000364       0x7f /mnt/hdd/src/stm32/libopencm3-examples/libopencm3/lib/libopencm3_stm32f0.a(rcc_common_all.o)
 .debug_loclists
                0x00000000000003e3       0xf9 /mnt/hdd/src/stm32/libopencm3-examples/libopencm3/lib/libopencm3_stm32f0.a(usart_common_all.o)
 .debug_loclists
                0x00000000000004dc       0x93 /mnt/hdd/src/stm32/libopencm3-examples/libopencm3/lib/libopencm3_stm32f0.a(usart_common_v2.o)
 .debug_loclists
                0x000000000000056f       0xaf /mnt/hdd/src/stm32/libopencm3-examples/libopencm3/lib/libopencm3_stm32f0.a(vector.o)
 .debug_loclists
                0x000000000000061e      0x211 /mnt/hdd/src/stm32/libopencm3-examples/libopencm3/lib/libopencm3_stm32f0.a(rcc.o)
 .debug_loclists
                0x000000000000082f     0x1510 /usr/lib/gcc/arm-none-eabi/12/thumb/v6-m/nofp/libgcc.a(adddf3.o)
 .debug_loclists
                0x0000000000001d3f     0x17d0 /usr/lib/gcc/arm-none-eabi/12/thumb/v6-m/nofp/libgcc.a(divdf3.o)
 .debug_loclists
                0x000000000000350f      0x166 /usr/lib/gcc/arm-none-eabi/12/thumb/v6-m/nofp/libgcc.a(eqdf2.o)
 .debug_loclists
                0x0000000000003675      0x35e /usr/lib/gcc/arm-none-eabi/12/thumb/v6-m/nofp/libgcc.a(gedf2.o)
 .debug_loclists
                0x00000000000039d3      0x3a1 /usr/lib/gcc/arm-none-eabi/12/thumb/v6-m/nofp/libgcc.a(ledf2.o)
 .debug_loclists
                0x0000000000003d74      0xde2 /usr/lib/gcc/arm-none-eabi/12/thumb/v6-m/nofp/libgcc.a(muldf3.o)
 .debug_loclists
                0x0000000000004b56     0x1419 /usr/lib/gcc/arm-none-eabi/12/thumb/v6-m/nofp/libgcc.a(subdf3.o)
 .debug_loclists
                0x0000000000005f6f       0xbb /usr/lib/gcc/arm-none-eabi/12/thumb/v6-m/nofp/libgcc.a(unorddf2.o)
 .debug_loclists
                0x000000000000602a       0xe7 /usr/lib/gcc/arm-none-eabi/12/thumb/v6-m/nofp/libgcc.a(fixdfsi.o)
 .debug_loclists
                0x0000000000006111      0x19d /usr/lib/gcc/arm-none-eabi/12/thumb/v6-m/nofp/libgcc.a(floatsidf.o)
 .debug_loclists
                0x00000000000062ae      0x17b /usr/lib/gcc/arm-none-eabi/12/thumb/v6-m/nofp/libgcc.a(floatunsidf.o)

.debug_aranges  0x0000000000000000      0x618
 .debug_aranges
                0x0000000000000000       0x30 usart_stdio.o
 .debug_aranges
                0x0000000000000030       0x50 /mnt/hdd/src/stm32/libopencm3-examples/libopencm3/lib/libopencm3_stm32f0.a(gpio_common_all.o)
 .debug_aranges
                0x0000000000000080       0x30 /mnt/hdd/src/stm32/libopencm3-examples/libopencm3/lib/libopencm3_stm32f0.a(gpio_common_f0234.o)
 .debug_aranges
                0x00000000000000b0       0x80 /mnt/hdd/src/stm32/libopencm3-examples/libopencm3/lib/libopencm3_stm32f0.a(rcc_common_all.o)
 .debug_aranges
                0x0000000000000130       0xd8 /mnt/hdd/src/stm32/libopencm3-examples/libopencm3/lib/libopencm3_stm32f0.a(usart_common_all.o)
 .debug_aranges
                0x0000000000000208       0xa8 /mnt/hdd/src/stm32/libopencm3-examples/libopencm3/lib/libopencm3_stm32f0.a(usart_common_v2.o)
 .debug_aranges
                0x00000000000002b0       0x30 /mnt/hdd/src/stm32/libopencm3-examples/libopencm3/lib/libopencm3_stm32f0.a(vector.o)
 .debug_aranges
                0x00000000000002e0      0x138 /mnt/hdd/src/stm32/libopencm3-examples/libopencm3/lib/libopencm3_stm32f0.a(rcc.o)
 .debug_aranges
                0x0000000000000418       0x20 /usr/lib/gcc/arm-none-eabi/12/thumb/v6-m/nofp/libgcc.a(_udivsi3.o)
 .debug_aranges
                0x0000000000000438       0x20 /usr/lib/gcc/arm-none-eabi/12/thumb/v6-m/nofp/libgcc.a(_divsi3.o)
 .debug_aranges
                0x0000000000000458       0x20 /usr/lib/gcc/arm-none-eabi/12/thumb/v6-m/nofp/libgcc.a(_dvmd_tls.o)
 .debug_aranges
                0x0000000000000478       0x20 /usr/lib/gcc/arm-none-eabi/12/thumb/v6-m/nofp/libgcc.a(_arm_cmpdf2.o)
 .debug_aranges
                0x0000000000000498       0x20 /usr/lib/gcc/arm-none-eabi/12/thumb/v6-m/nofp/libgcc.a(adddf3.o)
 .debug_aranges
                0x00000000000004b8       0x20 /usr/lib/gcc/arm-none-eabi/12/thumb/v6-m/nofp/libgcc.a(divdf3.o)
 .debug_aranges
                0x00000000000004d8       0x20 /usr/lib/gcc/arm-none-eabi/12/thumb/v6-m/nofp/libgcc.a(eqdf2.o)
 .debug_aranges
                0x00000000000004f8       0x20 /usr/lib/gcc/arm-none-eabi/12/thumb/v6-m/nofp/libgcc.a(gedf2.o)
 .debug_aranges
                0x0000000000000518       0x20 /usr/lib/gcc/arm-none-eabi/12/thumb/v6-m/nofp/libgcc.a(ledf2.o)
 .debug_aranges
                0x0000000000000538       0x20 /usr/lib/gcc/arm-none-eabi/12/thumb/v6-m/nofp/libgcc.a(muldf3.o)
 .debug_aranges
                0x0000000000000558       0x20 /usr/lib/gcc/arm-none-eabi/12/thumb/v6-m/nofp/libgcc.a(subdf3.o)
 .debug_aranges
                0x0000000000000578       0x20 /usr/lib/gcc/arm-none-eabi/12/thumb/v6-m/nofp/libgcc.a(unorddf2.o)
 .debug_aranges
                0x0000000000000598       0x20 /usr/lib/gcc/arm-none-eabi/12/thumb/v6-m/nofp/libgcc.a(fixdfsi.o)
 .debug_aranges
                0x00000000000005b8       0x20 /usr/lib/gcc/arm-none-eabi/12/thumb/v6-m/nofp/libgcc.a(floatsidf.o)
 .debug_aranges
                0x00000000000005d8       0x20 /usr/lib/gcc/arm-none-eabi/12/thumb/v6-m/nofp/libgcc.a(floatunsidf.o)
 .debug_aranges
                0x00000000000005f8       0x20 /usr/lib/gcc/arm-none-eabi/12/thumb/v6-m/nofp/libgcc.a(_clzsi2.o)

.debug_rnglists
                0x0000000000000000      0xc63
 .debug_rnglists
                0x0000000000000000       0x3e usart_stdio.o
 .debug_rnglists
                0x000000000000003e       0x37 /mnt/hdd/src/stm32/libopencm3-examples/libopencm3/lib/libopencm3_stm32f0.a(gpio_common_all.o)
 .debug_rnglists
                0x0000000000000075       0x1f /mnt/hdd/src/stm32/libopencm3-examples/libopencm3/lib/libopencm3_stm32f0.a(gpio_common_f0234.o)
 .debug_rnglists
                0x0000000000000094       0x5b /mnt/hdd/src/stm32/libopencm3-examples/libopencm3/lib/libopencm3_stm32f0.a(rcc_common_all.o)
 .debug_rnglists
                0x00000000000000ef       0x9d /mnt/hdd/src/stm32/libopencm3-examples/libopencm3/lib/libopencm3_stm32f0.a(usart_common_all.o)
 .debug_rnglists
                0x000000000000018c       0x79 /mnt/hdd/src/stm32/libopencm3-examples/libopencm3/lib/libopencm3_stm32f0.a(usart_common_v2.o)
 .debug_rnglists
                0x0000000000000205       0x20 /mnt/hdd/src/stm32/libopencm3-examples/libopencm3/lib/libopencm3_stm32f0.a(vector.o)
 .debug_rnglists
                0x0000000000000225       0xf7 /mnt/hdd/src/stm32/libopencm3-examples/libopencm3/lib/libopencm3_stm32f0.a(rcc.o)
 .debug_rnglists
                0x000000000000031c      0x245 /usr/lib/gcc/arm-none-eabi/12/thumb/v6-m/nofp/libgcc.a(adddf3.o)
 .debug_rnglists
                0x0000000000000561      0x14a /usr/lib/gcc/arm-none-eabi/12/thumb/v6-m/nofp/libgcc.a(divdf3.o)
 .debug_rnglists
                0x00000000000006ab       0x2f /usr/lib/gcc/arm-none-eabi/12/thumb/v6-m/nofp/libgcc.a(eqdf2.o)
 .debug_rnglists
                0x00000000000006da       0x47 /usr/lib/gcc/arm-none-eabi/12/thumb/v6-m/nofp/libgcc.a(gedf2.o)
 .debug_rnglists
                0x0000000000000721       0x3b /usr/lib/gcc/arm-none-eabi/12/thumb/v6-m/nofp/libgcc.a(ledf2.o)
 .debug_rnglists
                0x000000000000075c      0x141 /usr/lib/gcc/arm-none-eabi/12/thumb/v6-m/nofp/libgcc.a(muldf3.o)
 .debug_rnglists
                0x000000000000089d      0x2eb /usr/lib/gcc/arm-none-eabi/12/thumb/v6-m/nofp/libgcc.a(subdf3.o)
 .debug_rnglists
                0x0000000000000b88       0x20 /usr/lib/gcc/arm-none-eabi/12/thumb/v6-m/nofp/libgcc.a(unorddf2.o)
 .debug_rnglists
                0x0000000000000ba8       0x20 /usr/lib/gcc/arm-none-eabi/12/thumb/v6-m/nofp/libgcc.a(fixdfsi.o)
 .debug_rnglists
                0x0000000000000bc8       0x49 /usr/lib/gcc/arm-none-eabi/12/thumb/v6-m/nofp/libgcc.a(floatsidf.o)
 .debug_rnglists
                0x0000000000000c11       0x52 /usr/lib/gcc/arm-none-eabi/12/thumb/v6-m/nofp/libgcc.a(floatunsidf.o)

.debug_macro    0x0000000000000000     0x4b78
 .debug_macro   0x0000000000000000      0x29c usart_stdio.o
 .debug_macro   0x000000000000029c      0x7d8 usart_stdio.o
 .debug_macro   0x0000000000000a74       0x1c usart_stdio.o
 .debug_macro   0x0000000000000a90       0x22 usart_stdio.o
 .debug_macro   0x0000000000000ab2       0xee usart_stdio.o
 .debug_macro   0x0000000000000ba0       0x51 usart_stdio.o
 .debug_macro   0x0000000000000bf1      0x103 usart_stdio.o
 .debug_macro   0x0000000000000cf4       0x6a usart_stdio.o
 .debug_macro   0x0000000000000d5e      0x1df usart_stdio.o
 .debug_macro   0x0000000000000f3d       0x22 usart_stdio.o
 .debug_macro   0x0000000000000f5f       0xe8 usart_stdio.o
 .debug_macro   0x0000000000001047       0x52 usart_stdio.o
 .debug_macro   0x0000000000001099      0x178 usart_stdio.o
 .debug_macro   0x0000000000001211      0x780 usart_stdio.o
 .debug_macro   0x0000000000001991       0x76 usart_stdio.o
 .debug_macro   0x0000000000001a07      0x37e usart_stdio.o
 .debug_macro   0x0000000000001d85       0xca usart_stdio.o
 .debug_macro   0x0000000000001e4f       0x3a usart_stdio.o
 .debug_macro   0x0000000000001e89       0x94 usart_stdio.o
 .debug_macro   0x0000000000001f1d      0x514 usart_stdio.o
 .debug_macro   0x0000000000002431       0x34 usart_stdio.o
 .debug_macro   0x0000000000002465       0x5f usart_stdio.o
 .debug_macro   0x00000000000024c4       0x24 usart_stdio.o
 .debug_macro   0x00000000000024e8       0x3c usart_stdio.o
 .debug_macro   0x0000000000002524       0x34 usart_stdio.o
 .debug_macro   0x0000000000002558       0x16 usart_stdio.o
 .debug_macro   0x000000000000256e       0x9e usart_stdio.o
 .debug_macro   0x000000000000260c      0x38c usart_stdio.o
 .debug_macro   0x0000000000002998      0x104 usart_stdio.o
 .debug_macro   0x0000000000002a9c       0x10 usart_stdio.o
 .debug_macro   0x0000000000002aac       0x16 usart_stdio.o
 .debug_macro   0x0000000000002ac2       0x43 usart_stdio.o
 .debug_macro   0x0000000000002b05       0x34 usart_stdio.o
 .debug_macro   0x0000000000002b39       0x10 usart_stdio.o
 .debug_macro   0x0000000000002b49       0x52 usart_stdio.o
 .debug_macro   0x0000000000002b9b      0x1de usart_stdio.o
 .debug_macro   0x0000000000002d79       0x16 usart_stdio.o
 .debug_macro   0x0000000000002d8f       0x16 usart_stdio.o
 .debug_macro   0x0000000000002da5      0x177 usart_stdio.o
 .debug_macro   0x0000000000002f1c       0x4c usart_stdio.o
 .debug_macro   0x0000000000002f68       0x22 usart_stdio.o
 .debug_macro   0x0000000000002f8a       0x10 usart_stdio.o
 .debug_macro   0x0000000000002f9a      0x242 usart_stdio.o
 .debug_macro   0x00000000000031dc       0x10 usart_stdio.o
 .debug_macro   0x00000000000031ec       0x1c usart_stdio.o
 .debug_macro   0x0000000000003208       0x52 usart_stdio.o
 .debug_macro   0x000000000000325a       0x22 usart_stdio.o
 .debug_macro   0x000000000000327c       0x10 usart_stdio.o
 .debug_macro   0x000000000000328c       0x52 usart_stdio.o
 .debug_macro   0x00000000000032de       0xc1 usart_stdio.o
 .debug_macro   0x000000000000339f       0x1c usart_stdio.o
 .debug_macro   0x00000000000033bb       0x3d usart_stdio.o
 .debug_macro   0x00000000000033f8       0xd6 /mnt/hdd/src/stm32/libopencm3-examples/libopencm3/lib/libopencm3_stm32f0.a(gpio_common_all.o)
 .debug_macro   0x00000000000034ce      0x7d2 /mnt/hdd/src/stm32/libopencm3-examples/libopencm3/lib/libopencm3_stm32f0.a(gpio_common_all.o)
 .debug_macro   0x0000000000003ca0       0x56 /mnt/hdd/src/stm32/libopencm3-examples/libopencm3/lib/libopencm3_stm32f0.a(gpio_common_all.o)
 .debug_macro   0x0000000000003cf6       0xd6 /mnt/hdd/src/stm32/libopencm3-examples/libopencm3/lib/libopencm3_stm32f0.a(gpio_common_f0234.o)
 .debug_macro   0x0000000000003dcc       0xce /mnt/hdd/src/stm32/libopencm3-examples/libopencm3/lib/libopencm3_stm32f0.a(rcc_common_all.o)
 .debug_macro   0x0000000000003e9a       0xd9 /mnt/hdd/src/stm32/libopencm3-examples/libopencm3/lib/libopencm3_stm32f0.a(usart_common_all.o)
 .debug_macro   0x0000000000003f73       0xc1 /mnt/hdd/src/stm32/libopencm3-examples/libopencm3/lib/libopencm3_stm32f0.a(usart_common_v2.o)
 .debug_macro   0x0000000000004034       0xcf /mnt/hdd/src/stm32/libopencm3-examples/libopencm3/lib/libopencm3_stm32f0.a(vector.o)
 .debug_macro   0x0000000000004103      0x19f /mnt/hdd/src/stm32/libopencm3-examples/libopencm3/lib/libopencm3_stm32f0.a(vector.o)
 .debug_macro   0x00000000000042a2       0x49 /mnt/hdd/src/stm32/libopencm3-examples/libopencm3/lib/libopencm3_stm32f0.a(vector.o)
 .debug_macro   0x00000000000042eb       0xca /mnt/hdd/src/stm32/libopencm3-examples/libopencm3/lib/libopencm3_stm32f0.a(vector.o)
 .debug_macro   0x00000000000043b5      0x10d /mnt/hdd/src/stm32/libopencm3-examples/libopencm3/lib/libopencm3_stm32f0.a(rcc.o)
 .debug_macro   0x00000000000044c2       0x16 /mnt/hdd/src/stm32/libopencm3-examples/libopencm3/lib/libopencm3_stm32f0.a(rcc.o)
 .debug_macro   0x00000000000044d8       0xee /mnt/hdd/src/stm32/libopencm3-examples/libopencm3/lib/libopencm3_stm32f0.a(rcc.o)
 .debug_macro   0x00000000000045c6       0xd0 /mnt/hdd/src/stm32/libopencm3-examples/libopencm3/lib/libopencm3_stm32f0.a(rcc.o)
 .debug_macro   0x0000000000004696      0x182 /mnt/hdd/src/stm32/libopencm3-examples/libopencm3/lib/libopencm3_stm32f0.a(rcc.o)
 .debug_macro   0x0000000000004818      0x360 /mnt/hdd/src/stm32/libopencm3-examples/libopencm3/lib/libopencm3_stm32f0.a(rcc.o)

.debug_line     0x0000000000000000     0x6d92
 .debug_line    0x0000000000000000      0x5f0 usart_stdio.o
 .debug_line    0x00000000000005f0      0x378 /mnt/hdd/src/stm32/libopencm3-examples/libopencm3/lib/libopencm3_stm32f0.a(gpio_common_all.o)
 .debug_line    0x0000000000000968      0x456 /mnt/hdd/src/stm32/libopencm3-examples/libopencm3/lib/libopencm3_stm32f0.a(gpio_common_f0234.o)
 .debug_line    0x0000000000000dbe      0x425 /mnt/hdd/src/stm32/libopencm3-examples/libopencm3/lib/libopencm3_stm32f0.a(rcc_common_all.o)
 .debug_line    0x00000000000011e3      0x64a /mnt/hdd/src/stm32/libopencm3-examples/libopencm3/lib/libopencm3_stm32f0.a(usart_common_all.o)
 .debug_line    0x000000000000182d      0x4ee /mnt/hdd/src/stm32/libopencm3-examples/libopencm3/lib/libopencm3_stm32f0.a(usart_common_v2.o)
 .debug_line    0x0000000000001d1b      0x386 /mnt/hdd/src/stm32/libopencm3-examples/libopencm3/lib/libopencm3_stm32f0.a(vector.o)
 .debug_line    0x00000000000020a1      0xbf8 /mnt/hdd/src/stm32/libopencm3-examples/libopencm3/lib/libopencm3_stm32f0.a(rcc.o)
 .debug_line    0x0000000000002c99       0x56 /usr/lib/gcc/arm-none-eabi/12/thumb/v6-m/nofp/libgcc.a(_udivsi3.o)
 .debug_line    0x0000000000002cef       0x5d /usr/lib/gcc/arm-none-eabi/12/thumb/v6-m/nofp/libgcc.a(_divsi3.o)
 .debug_line    0x0000000000002d4c       0x4a /usr/lib/gcc/arm-none-eabi/12/thumb/v6-m/nofp/libgcc.a(_dvmd_tls.o)
 .debug_line    0x0000000000002d96       0x62 /usr/lib/gcc/arm-none-eabi/12/thumb/v6-m/nofp/libgcc.a(_arm_cmpdf2.o)
 .debug_line    0x0000000000002df8      0xe44 /usr/lib/gcc/arm-none-eabi/12/thumb/v6-m/nofp/libgcc.a(adddf3.o)
 .debug_line    0x0000000000003c3c      0xb53 /usr/lib/gcc/arm-none-eabi/12/thumb/v6-m/nofp/libgcc.a(divdf3.o)
 .debug_line    0x000000000000478f      0x169 /usr/lib/gcc/arm-none-eabi/12/thumb/v6-m/nofp/libgcc.a(eqdf2.o)
 .debug_line    0x00000000000048f8      0x1f6 /usr/lib/gcc/arm-none-eabi/12/thumb/v6-m/nofp/libgcc.a(gedf2.o)
 .debug_line    0x0000000000004aee      0x1fd /usr/lib/gcc/arm-none-eabi/12/thumb/v6-m/nofp/libgcc.a(ledf2.o)
 .debug_line    0x0000000000004ceb      0xa44 /usr/lib/gcc/arm-none-eabi/12/thumb/v6-m/nofp/libgcc.a(muldf3.o)
 .debug_line    0x000000000000572f      0xf3d /usr/lib/gcc/arm-none-eabi/12/thumb/v6-m/nofp/libgcc.a(subdf3.o)
 .debug_line    0x000000000000666c      0x12d /usr/lib/gcc/arm-none-eabi/12/thumb/v6-m/nofp/libgcc.a(unorddf2.o)
 .debug_line    0x0000000000006799      0x180 /usr/lib/gcc/arm-none-eabi/12/thumb/v6-m/nofp/libgcc.a(fixdfsi.o)
 .debug_line    0x0000000000006919      0x207 /usr/lib/gcc/arm-none-eabi/12/thumb/v6-m/nofp/libgcc.a(floatsidf.o)
 .debug_line    0x0000000000006b20      0x214 /usr/lib/gcc/arm-none-eabi/12/thumb/v6-m/nofp/libgcc.a(floatunsidf.o)
 .debug_line    0x0000000000006d34       0x5e /usr/lib/gcc/arm-none-eabi/12/thumb/v6-m/nofp/libgcc.a(_clzsi2.o)

.debug_str      0x0000000000000000    0x1223a
 .debug_str     0x0000000000000000     0xe1a3 usart_stdio.o
                                       0xe417 (size before relaxing)
 .debug_str     0x000000000000e1a3      0x20b /mnt/hdd/src/stm32/libopencm3-examples/libopencm3/lib/libopencm3_stm32f0.a(gpio_common_all.o)
                                       0x553c (size before relaxing)
 .debug_str     0x000000000000e3ae       0x79 /mnt/hdd/src/stm32/libopencm3-examples/libopencm3/lib/libopencm3_stm32f0.a(gpio_common_f0234.o)
                                       0x555e (size before relaxing)
 .debug_str     0x000000000000e427      0x354 /mnt/hdd/src/stm32/libopencm3-examples/libopencm3/lib/libopencm3_stm32f0.a(rcc_common_all.o)
                                       0x6a1a (size before relaxing)
 .debug_str     0x000000000000e77b      0x21d /mnt/hdd/src/stm32/libopencm3-examples/libopencm3/lib/libopencm3_stm32f0.a(usart_common_all.o)
                                       0x8349 (size before relaxing)
 .debug_str     0x000000000000e998      0x190 /mnt/hdd/src/stm32/libopencm3-examples/libopencm3/lib/libopencm3_stm32f0.a(usart_common_v2.o)
                                       0x5dca (size before relaxing)
 .debug_str     0x000000000000eb28     0x12f1 /mnt/hdd/src/stm32/libopencm3-examples/libopencm3/lib/libopencm3_stm32f0.a(vector.o)
                                       0x4971 (size before relaxing)
 .debug_str     0x000000000000fe19     0x1c6a /mnt/hdd/src/stm32/libopencm3-examples/libopencm3/lib/libopencm3_stm32f0.a(rcc.o)
                                       0x84f3 (size before relaxing)
 .debug_str     0x0000000000011a83       0xe3 /usr/lib/gcc/arm-none-eabi/12/thumb/v6-m/nofp/libgcc.a(_udivsi3.o)
 .debug_str     0x0000000000011b66       0xe3 /usr/lib/gcc/arm-none-eabi/12/thumb/v6-m/nofp/libgcc.a(_divsi3.o)
 .debug_str     0x0000000000011b66       0xe3 /usr/lib/gcc/arm-none-eabi/12/thumb/v6-m/nofp/libgcc.a(_dvmd_tls.o)
 .debug_str     0x0000000000011b66       0x6d /usr/lib/gcc/arm-none-eabi/12/thumb/v6-m/nofp/libgcc.a(_arm_cmpdf2.o)
                                         0xe3 (size before relaxing)
 .debug_str     0x0000000000011bd3      0x228 /usr/lib/gcc/arm-none-eabi/12/thumb/v6-m/nofp/libgcc.a(adddf3.o)
                                        0x31d (size before relaxing)
 .debug_str     0x0000000000011dfb      0x1cf /usr/lib/gcc/arm-none-eabi/12/thumb/v6-m/nofp/libgcc.a(divdf3.o)
                                        0x3f0 (size before relaxing)
 .debug_str     0x0000000000011fca       0x2f /usr/lib/gcc/arm-none-eabi/12/thumb/v6-m/nofp/libgcc.a(eqdf2.o)
                                        0x22a (size before relaxing)
 .debug_str     0x0000000000011ff9       0x34 /usr/lib/gcc/arm-none-eabi/12/thumb/v6-m/nofp/libgcc.a(gedf2.o)
                                        0x24e (size before relaxing)
 .debug_str     0x000000000001202d       0x10 /usr/lib/gcc/arm-none-eabi/12/thumb/v6-m/nofp/libgcc.a(ledf2.o)
                                        0x24e (size before relaxing)
 .debug_str     0x000000000001203d      0x13b /usr/lib/gcc/arm-none-eabi/12/thumb/v6-m/nofp/libgcc.a(muldf3.o)
                                        0x437 (size before relaxing)
 .debug_str     0x0000000000012178       0x16 /usr/lib/gcc/arm-none-eabi/12/thumb/v6-m/nofp/libgcc.a(subdf3.o)
                                        0x31d (size before relaxing)
 .debug_str     0x000000000001218e       0x1a /usr/lib/gcc/arm-none-eabi/12/thumb/v6-m/nofp/libgcc.a(unorddf2.o)
                                        0x234 (size before relaxing)
 .debug_str     0x00000000000121a8       0x32 /usr/lib/gcc/arm-none-eabi/12/thumb/v6-m/nofp/libgcc.a(fixdfsi.o)
                                        0x22a (size before relaxing)
 .debug_str     0x00000000000121da       0x45 /usr/lib/gcc/arm-none-eabi/12/thumb/v6-m/nofp/libgcc.a(floatsidf.o)
                                        0x2cb (size before relaxing)
 .debug_str     0x000000000001221f       0x1b /usr/lib/gcc/arm-none-eabi/12/thumb/v6-m/nofp/libgcc.a(floatunsidf.o)
                                        0x2c7 (size before relaxing)
 .debug_str     0x000000000001223a       0xe3 /usr/lib/gcc/arm-none-eabi/12/thumb/v6-m/nofp/libgcc.a(_clzsi2.o)

.comment        0x0000000000000000       0x33
 .comment       0x0000000000000000       0x33 usart_stdio.o
                                         0x34 (size before relaxing)
 .comment       0x0000000000000033       0x34 /mnt/hdd/src/stm32/libopencm3-examples/libopencm3/lib/libopencm3_stm32f0.a(gpio_common_all.o)
 .comment       0x0000000000000033       0x34 /mnt/hdd/src/stm32/libopencm3-examples/libopencm3/lib/libopencm3_stm32f0.a(gpio_common_f0234.o)
 .comment       0x0000000000000033       0x34 /mnt/hdd/src/stm32/libopencm3-examples/libopencm3/lib/libopencm3_stm32f0.a(rcc_common_all.o)
 .comment       0x0000000000000033       0x34 /mnt/hdd/src/stm32/libopencm3-examples/libopencm3/lib/libopencm3_stm32f0.a(usart_common_all.o)
 .comment       0x0000000000000033       0x34 /mnt/hdd/src/stm32/libopencm3-examples/libopencm3/lib/libopencm3_stm32f0.a(usart_common_v2.o)
 .comment       0x0000000000000033       0x34 /mnt/hdd/src/stm32/libopencm3-examples/libopencm3/lib/libopencm3_stm32f0.a(vector.o)
 .comment       0x0000000000000033       0x34 /mnt/hdd/src/stm32/libopencm3-examples/libopencm3/lib/libopencm3_stm32f0.a(rcc.o)
 .comment       0x0000000000000033       0x34 /usr/lib/gcc/arm-none-eabi/12/../../../../arm-none-eabi/lib/thumb/v6-m/nofp/libc.a(libc_a-fprintf.o)
 .comment       0x0000000000000033       0x34 /usr/lib/gcc/arm-none-eabi/12/../../../../arm-none-eabi/lib/thumb/v6-m/nofp/libc.a(libc_a-setvbuf.o)
 .comment       0x0000000000000033       0x34 /usr/lib/gcc/arm-none-eabi/12/../../../../arm-none-eabi/lib/thumb/v6-m/nofp/libc.a(libc_a-fopencookie.o)
 .comment       0x0000000000000033       0x34 /usr/lib/gcc/arm-none-eabi/12/../../../../arm-none-eabi/lib/thumb/v6-m/nofp/libc.a(libc_a-impure.o)
 .comment       0x0000000000000033       0x34 /usr/lib/gcc/arm-none-eabi/12/../../../../arm-none-eabi/lib/thumb/v6-m/nofp/libc.a(libc_a-errno.o)
 .comment       0x0000000000000033       0x34 /usr/lib/gcc/arm-none-eabi/12/../../../../arm-none-eabi/lib/thumb/v6-m/nofp/libc.a(libc_a-stack_protector.o)
 .comment       0x0000000000000033       0x34 /usr/lib/gcc/arm-none-eabi/12/../../../../arm-none-eabi/lib/thumb/v6-m/nofp/libc.a(libc_a-strlen-stub.o)
 .comment       0x0000000000000033       0x34 /usr/lib/gcc/arm-none-eabi/12/../../../../arm-none-eabi/lib/thumb/v6-m/nofp/libc.a(libc_a-freer.o)
 .comment       0x0000000000000033       0x34 /usr/lib/gcc/arm-none-eabi/12/../../../../arm-none-eabi/lib/thumb/v6-m/nofp/libc.a(libc_a-malloc.o)
 .comment       0x0000000000000033       0x34 /usr/lib/gcc/arm-none-eabi/12/../../../../arm-none-eabi/lib/thumb/v6-m/nofp/libc.a(libc_a-mallocr.o)
 .comment       0x0000000000000033       0x34 /usr/lib/gcc/arm-none-eabi/12/../../../../arm-none-eabi/lib/thumb/v6-m/nofp/libc.a(libc_a-mlock.o)
 .comment       0x0000000000000033       0x34 /usr/lib/gcc/arm-none-eabi/12/../../../../arm-none-eabi/lib/thumb/v6-m/nofp/libc.a(libc_a-vfprintf.o)
 .comment       0x0000000000000033       0x34 /usr/lib/gcc/arm-none-eabi/12/../../../../arm-none-eabi/lib/thumb/v6-m/nofp/libc.a(libc_a-sprint_r.o)
 .comment       0x0000000000000033       0x34 /usr/lib/gcc/arm-none-eabi/12/../../../../arm-none-eabi/lib/thumb/v6-m/nofp/libc.a(libc_a-fflush.o)
 .comment       0x0000000000000033       0x34 /usr/lib/gcc/arm-none-eabi/12/../../../../arm-none-eabi/lib/thumb/v6-m/nofp/libc.a(libc_a-findfp.o)
 .comment       0x0000000000000033       0x34 /usr/lib/gcc/arm-none-eabi/12/../../../../arm-none-eabi/lib/thumb/v6-m/nofp/libc.a(libc_a-flags.o)
 .comment       0x0000000000000033       0x34 /usr/lib/gcc/arm-none-eabi/12/../../../../arm-none-eabi/lib/thumb/v6-m/nofp/libc.a(libc_a-fvwrite.o)
 .comment       0x0000000000000033       0x34 /usr/lib/gcc/arm-none-eabi/12/../../../../arm-none-eabi/lib/thumb/v6-m/nofp/libc.a(libc_a-fwalk.o)
 .comment       0x0000000000000033       0x34 /usr/lib/gcc/arm-none-eabi/12/../../../../arm-none-eabi/lib/thumb/v6-m/nofp/libc.a(libc_a-makebuf.o)
 .comment       0x0000000000000033       0x34 /usr/lib/gcc/arm-none-eabi/12/../../../../arm-none-eabi/lib/thumb/v6-m/nofp/libc.a(libc_a-stdio.o)
 .comment       0x0000000000000033       0x34 /usr/lib/gcc/arm-none-eabi/12/../../../../arm-none-eabi/lib/thumb/v6-m/nofp/libc.a(libc_a-wsetup.o)
 .comment       0x0000000000000033       0x34 /usr/lib/gcc/arm-none-eabi/12/../../../../arm-none-eabi/lib/thumb/v6-m/nofp/libc.a(libc_a-memmove.o)
 .comment       0x0000000000000033       0x34 /usr/lib/gcc/arm-none-eabi/12/../../../../arm-none-eabi/lib/thumb/v6-m/nofp/libc.a(libc_a-memset.o)
 .comment       0x0000000000000033       0x34 /usr/lib/gcc/arm-none-eabi/12/../../../../arm-none-eabi/lib/thumb/v6-m/nofp/libc.a(libc_a-signal.o)
 .comment       0x0000000000000033       0x34 /usr/lib/gcc/arm-none-eabi/12/../../../../arm-none-eabi/lib/thumb/v6-m/nofp/libc.a(libc_a-locale.o)
 .comment       0x0000000000000033       0x34 /usr/lib/gcc/arm-none-eabi/12/../../../../arm-none-eabi/lib/thumb/v6-m/nofp/libc.a(libc_a-localeconv.o)
 .comment       0x0000000000000033       0x34 /usr/lib/gcc/arm-none-eabi/12/../../../../arm-none-eabi/lib/thumb/v6-m/nofp/libc.a(libc_a-closer.o)
 .comment       0x0000000000000033       0x34 /usr/lib/gcc/arm-none-eabi/12/../../../../arm-none-eabi/lib/thumb/v6-m/nofp/libc.a(libc_a-reent.o)
 .comment       0x0000000000000033       0x34 /usr/lib/gcc/arm-none-eabi/12/../../../../arm-none-eabi/lib/thumb/v6-m/nofp/libc.a(libc_a-fstatr.o)
 .comment       0x0000000000000033       0x34 /usr/lib/gcc/arm-none-eabi/12/../../../../arm-none-eabi/lib/thumb/v6-m/nofp/libc.a(libc_a-isattyr.o)
 .comment       0x0000000000000033       0x34 /usr/lib/gcc/arm-none-eabi/12/../../../../arm-none-eabi/lib/thumb/v6-m/nofp/libc.a(libc_a-lseekr.o)
 .comment       0x0000000000000033       0x34 /usr/lib/gcc/arm-none-eabi/12/../../../../arm-none-eabi/lib/thumb/v6-m/nofp/libc.a(libc_a-readr.o)
 .comment       0x0000000000000033       0x34 /usr/lib/gcc/arm-none-eabi/12/../../../../arm-none-eabi/lib/thumb/v6-m/nofp/libc.a(libc_a-signalr.o)
 .comment       0x0000000000000033       0x34 /usr/lib/gcc/arm-none-eabi/12/../../../../arm-none-eabi/lib/thumb/v6-m/nofp/libc.a(libc_a-sbrkr.o)
 .comment       0x0000000000000033       0x34 /usr/lib/gcc/arm-none-eabi/12/../../../../arm-none-eabi/lib/thumb/v6-m/nofp/libc.a(libc_a-writer.o)
 .comment       0x0000000000000033       0x34 /usr/lib/gcc/arm-none-eabi/12/../../../../arm-none-eabi/lib/thumb/v6-m/nofp/libc.a(libc_a-syswrite.o)
 .comment       0x0000000000000033       0x34 /usr/lib/gcc/arm-none-eabi/12/../../../../arm-none-eabi/lib/thumb/v6-m/nofp/libc.a(libc_a-sysconf.o)
 .comment       0x0000000000000033       0x34 /usr/lib/gcc/arm-none-eabi/12/../../../../arm-none-eabi/lib/thumb/v6-m/nofp/libc.a(libc_a-memchr-stub.o)
 .comment       0x0000000000000033       0x34 /usr/lib/gcc/arm-none-eabi/12/../../../../arm-none-eabi/lib/thumb/v6-m/nofp/libc.a(libc_a-memcpy-stub.o)
 .comment       0x0000000000000033       0x34 /usr/lib/gcc/arm-none-eabi/12/../../../../arm-none-eabi/lib/thumb/v6-m/nofp/libc.a(libc_a-dtoa.o)
 .comment       0x0000000000000033       0x34 /usr/lib/gcc/arm-none-eabi/12/../../../../arm-none-eabi/lib/thumb/v6-m/nofp/libc.a(libc_a-mbtowc_r.o)
 .comment       0x0000000000000033       0x34 /usr/lib/gcc/arm-none-eabi/12/../../../../arm-none-eabi/lib/thumb/v6-m/nofp/libc.a(libc_a-mprec.o)
 .comment       0x0000000000000033       0x34 /usr/lib/gcc/arm-none-eabi/12/../../../../arm-none-eabi/lib/thumb/v6-m/nofp/libc.a(libc_a-reallocr.o)
 .comment       0x0000000000000033       0x34 /usr/lib/gcc/arm-none-eabi/12/../../../../arm-none-eabi/lib/thumb/v6-m/nofp/libc.a(libc_a-wctomb_r.o)
 .comment       0x0000000000000033       0x34 /usr/lib/gcc/arm-none-eabi/12/../../../../arm-none-eabi/lib/thumb/v6-m/nofp/libc.a(libc_a-wcrtomb.o)
 .comment       0x0000000000000033       0x34 /usr/lib/gcc/arm-none-eabi/12/../../../../arm-none-eabi/lib/thumb/v6-m/nofp/libc.a(libc_a-wcsrtombs.o)
 .comment       0x0000000000000033       0x34 /usr/lib/gcc/arm-none-eabi/12/../../../../arm-none-eabi/lib/thumb/v6-m/nofp/libc.a(libc_a-ctype_.o)
 .comment       0x0000000000000033       0x34 /usr/lib/gcc/arm-none-eabi/12/../../../../arm-none-eabi/lib/thumb/v6-m/nofp/libc.a(libc_a-fclose.o)
 .comment       0x0000000000000033       0x34 /usr/lib/gcc/arm-none-eabi/12/../../../../arm-none-eabi/lib/thumb/v6-m/nofp/libc.a(libc_a-assert.o)
 .comment       0x0000000000000033       0x34 /usr/lib/gcc/arm-none-eabi/12/../../../../arm-none-eabi/lib/thumb/v6-m/nofp/libc.a(libc_a-callocr.o)
 .comment       0x0000000000000033       0x34 /usr/lib/gcc/arm-none-eabi/12/../../../../arm-none-eabi/lib/thumb/v6-m/nofp/libc.a(libc_a-wcsnrtombs.o)
 .comment       0x0000000000000033       0x34 /usr/lib/gcc/arm-none-eabi/12/../../../../arm-none-eabi/lib/thumb/v6-m/nofp/libc.a(libc_a-fiprintf.o)
 .comment       0x0000000000000033       0x34 /usr/lib/gcc/arm-none-eabi/12/../../../../arm-none-eabi/lib/thumb/v6-m/nofp/libc.a(libc_a-vfiprintf.o)
 .comment       0x0000000000000033       0x34 /usr/lib/gcc/arm-none-eabi/12/../../../../arm-none-eabi/lib/thumb/v6-m/nofp/libc.a(libc_a-abort.o)
 .comment       0x0000000000000033       0x34 /usr/lib/gcc/arm-none-eabi/12/thumb/v6-m/nofp/libgcc.a(adddf3.o)
 .comment       0x0000000000000033       0x34 /usr/lib/gcc/arm-none-eabi/12/thumb/v6-m/nofp/libgcc.a(divdf3.o)
 .comment       0x0000000000000033       0x34 /usr/lib/gcc/arm-none-eabi/12/thumb/v6-m/nofp/libgcc.a(eqdf2.o)
 .comment       0x0000000000000033       0x34 /usr/lib/gcc/arm-none-eabi/12/thumb/v6-m/nofp/libgcc.a(gedf2.o)
 .comment       0x0000000000000033       0x34 /usr/lib/gcc/arm-none-eabi/12/thumb/v6-m/nofp/libgcc.a(ledf2.o)
 .comment       0x0000000000000033       0x34 /usr/lib/gcc/arm-none-eabi/12/thumb/v6-m/nofp/libgcc.a(muldf3.o)
 .comment       0x0000000000000033       0x34 /usr/lib/gcc/arm-none-eabi/12/thumb/v6-m/nofp/libgcc.a(subdf3.o)
 .comment       0x0000000000000033       0x34 /usr/lib/gcc/arm-none-eabi/12/thumb/v6-m/nofp/libgcc.a(unorddf2.o)
 .comment       0x0000000000000033       0x34 /usr/lib/gcc/arm-none-eabi/12/thumb/v6-m/nofp/libgcc.a(fixdfsi.o)
 .comment       0x0000000000000033       0x34 /usr/lib/gcc/arm-none-eabi/12/thumb/v6-m/nofp/libgcc.a(floatsidf.o)
 .comment       0x0000000000000033       0x34 /usr/lib/gcc/arm-none-eabi/12/thumb/v6-m/nofp/libgcc.a(floatunsidf.o)
 .comment       0x0000000000000033       0x34 /usr/lib/gcc/arm-none-eabi/12/../../../../arm-none-eabi/lib/thumb/v6-m/nofp/libnosys.a(close.o)
 .comment       0x0000000000000033       0x34 /usr/lib/gcc/arm-none-eabi/12/../../../../arm-none-eabi/lib/thumb/v6-m/nofp/libnosys.a(fstat.o)
 .comment       0x0000000000000033       0x34 /usr/lib/gcc/arm-none-eabi/12/../../../../arm-none-eabi/lib/thumb/v6-m/nofp/libnosys.a(getpid.o)
 .comment       0x0000000000000033       0x34 /usr/lib/gcc/arm-none-eabi/12/../../../../arm-none-eabi/lib/thumb/v6-m/nofp/libnosys.a(isatty.o)
 .comment       0x0000000000000033       0x34 /usr/lib/gcc/arm-none-eabi/12/../../../../arm-none-eabi/lib/thumb/v6-m/nofp/libnosys.a(kill.o)
 .comment       0x0000000000000033       0x34 /usr/lib/gcc/arm-none-eabi/12/../../../../arm-none-eabi/lib/thumb/v6-m/nofp/libnosys.a(lseek.o)
 .comment       0x0000000000000033       0x34 /usr/lib/gcc/arm-none-eabi/12/../../../../arm-none-eabi/lib/thumb/v6-m/nofp/libnosys.a(read.o)
 .comment       0x0000000000000033       0x34 /usr/lib/gcc/arm-none-eabi/12/../../../../arm-none-eabi/lib/thumb/v6-m/nofp/libnosys.a(sbrk.o)
 .comment       0x0000000000000033       0x34 /usr/lib/gcc/arm-none-eabi/12/../../../../arm-none-eabi/lib/thumb/v6-m/nofp/libnosys.a(write.o)
 .comment       0x0000000000000033       0x34 /usr/lib/gcc/arm-none-eabi/12/../../../../arm-none-eabi/lib/thumb/v6-m/nofp/libnosys.a(_exit.o)

.ARM.attributes
                0x0000000000000000       0x2a
 .ARM.attributes
                0x0000000000000000       0x2c usart_stdio.o
 .ARM.attributes
                0x000000000000002c       0x2c /mnt/hdd/src/stm32/libopencm3-examples/libopencm3/lib/libopencm3_stm32f0.a(gpio_common_all.o)
 .ARM.attributes
                0x0000000000000058       0x2c /mnt/hdd/src/stm32/libopencm3-examples/libopencm3/lib/libopencm3_stm32f0.a(gpio_common_f0234.o)
 .ARM.attributes
                0x0000000000000084       0x2c /mnt/hdd/src/stm32/libopencm3-examples/libopencm3/lib/libopencm3_stm32f0.a(rcc_common_all.o)
 .ARM.attributes
                0x00000000000000b0       0x2c /mnt/hdd/src/stm32/libopencm3-examples/libopencm3/lib/libopencm3_stm32f0.a(usart_common_all.o)
 .ARM.attributes
                0x00000000000000dc       0x2c /mnt/hdd/src/stm32/libopencm3-examples/libopencm3/lib/libopencm3_stm32f0.a(usart_common_v2.o)
 .ARM.attributes
                0x0000000000000108       0x2c /mnt/hdd/src/stm32/libopencm3-examples/libopencm3/lib/libopencm3_stm32f0.a(vector.o)
 .ARM.attributes
                0x0000000000000134       0x2c /mnt/hdd/src/stm32/libopencm3-examples/libopencm3/lib/libopencm3_stm32f0.a(rcc.o)
 .ARM.attributes
                0x0000000000000160       0x2c /usr/lib/gcc/arm-none-eabi/12/../../../../arm-none-eabi/lib/thumb/v6-m/nofp/libc.a(libc_a-fprintf.o)
 .ARM.attributes
                0x000000000000018c       0x2c /usr/lib/gcc/arm-none-eabi/12/../../../../arm-none-eabi/lib/thumb/v6-m/nofp/libc.a(libc_a-setvbuf.o)
 .ARM.attributes
                0x00000000000001b8       0x2c /usr/lib/gcc/arm-none-eabi/12/../../../../arm-none-eabi/lib/thumb/v6-m/nofp/libc.a(libc_a-fopencookie.o)
 .ARM.attributes
                0x00000000000001e4       0x2c /usr/lib/gcc/arm-none-eabi/12/../../../../arm-none-eabi/lib/thumb/v6-m/nofp/libc.a(libc_a-impure.o)
 .ARM.attributes
                0x0000000000000210       0x2c /usr/lib/gcc/arm-none-eabi/12/../../../../arm-none-eabi/lib/thumb/v6-m/nofp/libc.a(libc_a-errno.o)
 .ARM.attributes
                0x000000000000023c       0x2c /usr/lib/gcc/arm-none-eabi/12/../../../../arm-none-eabi/lib/thumb/v6-m/nofp/libc.a(libc_a-stack_protector.o)
 .ARM.attributes
                0x0000000000000268       0x2c /usr/lib/gcc/arm-none-eabi/12/../../../../arm-none-eabi/lib/thumb/v6-m/nofp/libc.a(libc_a-strlen-stub.o)
 .ARM.attributes
                0x0000000000000294       0x2c /usr/lib/gcc/arm-none-eabi/12/../../../../arm-none-eabi/lib/thumb/v6-m/nofp/libc.a(libc_a-freer.o)
 .ARM.attributes
                0x00000000000002c0       0x2c /usr/lib/gcc/arm-none-eabi/12/../../../../arm-none-eabi/lib/thumb/v6-m/nofp/libc.a(libc_a-malloc.o)
 .ARM.attributes
                0x00000000000002ec       0x2c /usr/lib/gcc/arm-none-eabi/12/../../../../arm-none-eabi/lib/thumb/v6-m/nofp/libc.a(libc_a-mallocr.o)
 .ARM.attributes
                0x0000000000000318       0x2c /usr/lib/gcc/arm-none-eabi/12/../../../../arm-none-eabi/lib/thumb/v6-m/nofp/libc.a(libc_a-mlock.o)
 .ARM.attributes
                0x0000000000000344       0x2c /usr/lib/gcc/arm-none-eabi/12/../../../../arm-none-eabi/lib/thumb/v6-m/nofp/libc.a(libc_a-vfprintf.o)
 .ARM.attributes
                0x0000000000000370       0x2c /usr/lib/gcc/arm-none-eabi/12/../../../../arm-none-eabi/lib/thumb/v6-m/nofp/libc.a(libc_a-sprint_r.o)
 .ARM.attributes
                0x000000000000039c       0x2c /usr/lib/gcc/arm-none-eabi/12/../../../../arm-none-eabi/lib/thumb/v6-m/nofp/libc.a(libc_a-fflush.o)
 .ARM.attributes
                0x00000000000003c8       0x2c /usr/lib/gcc/arm-none-eabi/12/../../../../arm-none-eabi/lib/thumb/v6-m/nofp/libc.a(libc_a-findfp.o)
 .ARM.attributes
                0x00000000000003f4       0x2c /usr/lib/gcc/arm-none-eabi/12/../../../../arm-none-eabi/lib/thumb/v6-m/nofp/libc.a(libc_a-flags.o)
 .ARM.attributes
                0x0000000000000420       0x2c /usr/lib/gcc/arm-none-eabi/12/../../../../arm-none-eabi/lib/thumb/v6-m/nofp/libc.a(libc_a-fvwrite.o)
 .ARM.attributes
                0x000000000000044c       0x2c /usr/lib/gcc/arm-none-eabi/12/../../../../arm-none-eabi/lib/thumb/v6-m/nofp/libc.a(libc_a-fwalk.o)
 .ARM.attributes
                0x0000000000000478       0x2c /usr/lib/gcc/arm-none-eabi/12/../../../../arm-none-eabi/lib/thumb/v6-m/nofp/libc.a(libc_a-makebuf.o)
 .ARM.attributes
                0x00000000000004a4       0x2c /usr/lib/gcc/arm-none-eabi/12/../../../../arm-none-eabi/lib/thumb/v6-m/nofp/libc.a(libc_a-stdio.o)
 .ARM.attributes
                0x00000000000004d0       0x2c /usr/lib/gcc/arm-none-eabi/12/../../../../arm-none-eabi/lib/thumb/v6-m/nofp/libc.a(libc_a-wsetup.o)
 .ARM.attributes
                0x00000000000004fc       0x2c /usr/lib/gcc/arm-none-eabi/12/../../../../arm-none-eabi/lib/thumb/v6-m/nofp/libc.a(libc_a-memmove.o)
 .ARM.attributes
                0x0000000000000528       0x2c /usr/lib/gcc/arm-none-eabi/12/../../../../arm-none-eabi/lib/thumb/v6-m/nofp/libc.a(libc_a-memset.o)
 .ARM.attributes
                0x0000000000000554       0x2c /usr/lib/gcc/arm-none-eabi/12/../../../../arm-none-eabi/lib/thumb/v6-m/nofp/libc.a(libc_a-signal.o)
 .ARM.attributes
                0x0000000000000580       0x2c /usr/lib/gcc/arm-none-eabi/12/../../../../arm-none-eabi/lib/thumb/v6-m/nofp/libc.a(libc_a-locale.o)
 .ARM.attributes
                0x00000000000005ac       0x2c /usr/lib/gcc/arm-none-eabi/12/../../../../arm-none-eabi/lib/thumb/v6-m/nofp/libc.a(libc_a-localeconv.o)
 .ARM.attributes
                0x00000000000005d8       0x2c /usr/lib/gcc/arm-none-eabi/12/../../../../arm-none-eabi/lib/thumb/v6-m/nofp/libc.a(libc_a-closer.o)
 .ARM.attributes
                0x0000000000000604       0x2c /usr/lib/gcc/arm-none-eabi/12/../../../../arm-none-eabi/lib/thumb/v6-m/nofp/libc.a(libc_a-reent.o)
 .ARM.attributes
                0x0000000000000630       0x2c /usr/lib/gcc/arm-none-eabi/12/../../../../arm-none-eabi/lib/thumb/v6-m/nofp/libc.a(libc_a-fstatr.o)
 .ARM.attributes
                0x000000000000065c       0x2c /usr/lib/gcc/arm-none-eabi/12/../../../../arm-none-eabi/lib/thumb/v6-m/nofp/libc.a(libc_a-isattyr.o)
 .ARM.attributes
                0x0000000000000688       0x2c /usr/lib/gcc/arm-none-eabi/12/../../../../arm-none-eabi/lib/thumb/v6-m/nofp/libc.a(libc_a-lseekr.o)
 .ARM.attributes
                0x00000000000006b4       0x2c /usr/lib/gcc/arm-none-eabi/12/../../../../arm-none-eabi/lib/thumb/v6-m/nofp/libc.a(libc_a-readr.o)
 .ARM.attributes
                0x00000000000006e0       0x2c /usr/lib/gcc/arm-none-eabi/12/../../../../arm-none-eabi/lib/thumb/v6-m/nofp/libc.a(libc_a-signalr.o)
 .ARM.attributes
                0x000000000000070c       0x2c /usr/lib/gcc/arm-none-eabi/12/../../../../arm-none-eabi/lib/thumb/v6-m/nofp/libc.a(libc_a-sbrkr.o)
 .ARM.attributes
                0x0000000000000738       0x2c /usr/lib/gcc/arm-none-eabi/12/../../../../arm-none-eabi/lib/thumb/v6-m/nofp/libc.a(libc_a-writer.o)
 .ARM.attributes
                0x0000000000000764       0x2c /usr/lib/gcc/arm-none-eabi/12/../../../../arm-none-eabi/lib/thumb/v6-m/nofp/libc.a(libc_a-syswrite.o)
 .ARM.attributes
                0x0000000000000790       0x2c /usr/lib/gcc/arm-none-eabi/12/../../../../arm-none-eabi/lib/thumb/v6-m/nofp/libc.a(libc_a-sysconf.o)
 .ARM.attributes
                0x00000000000007bc       0x2c /usr/lib/gcc/arm-none-eabi/12/../../../../arm-none-eabi/lib/thumb/v6-m/nofp/libc.a(libc_a-memchr-stub.o)
 .ARM.attributes
                0x00000000000007e8       0x2c /usr/lib/gcc/arm-none-eabi/12/../../../../arm-none-eabi/lib/thumb/v6-m/nofp/libc.a(libc_a-memcpy-stub.o)
 .ARM.attributes
                0x0000000000000814       0x2c /usr/lib/gcc/arm-none-eabi/12/../../../../arm-none-eabi/lib/thumb/v6-m/nofp/libc.a(libc_a-dtoa.o)
 .ARM.attributes
                0x0000000000000840       0x2c /usr/lib/gcc/arm-none-eabi/12/../../../../arm-none-eabi/lib/thumb/v6-m/nofp/libc.a(libc_a-mbtowc_r.o)
 .ARM.attributes
                0x000000000000086c       0x2c /usr/lib/gcc/arm-none-eabi/12/../../../../arm-none-eabi/lib/thumb/v6-m/nofp/libc.a(libc_a-mprec.o)
 .ARM.attributes
                0x0000000000000898       0x2c /usr/lib/gcc/arm-none-eabi/12/../../../../arm-none-eabi/lib/thumb/v6-m/nofp/libc.a(libc_a-reallocr.o)
 .ARM.attributes
                0x00000000000008c4       0x2c /usr/lib/gcc/arm-none-eabi/12/../../../../arm-none-eabi/lib/thumb/v6-m/nofp/libc.a(libc_a-wctomb_r.o)
 .ARM.attributes
                0x00000000000008f0       0x2c /usr/lib/gcc/arm-none-eabi/12/../../../../arm-none-eabi/lib/thumb/v6-m/nofp/libc.a(libc_a-wcrtomb.o)
 .ARM.attributes
                0x000000000000091c       0x2c /usr/lib/gcc/arm-none-eabi/12/../../../../arm-none-eabi/lib/thumb/v6-m/nofp/libc.a(libc_a-wcsrtombs.o)
 .ARM.attributes
                0x0000000000000948       0x2c /usr/lib/gcc/arm-none-eabi/12/../../../../arm-none-eabi/lib/thumb/v6-m/nofp/libc.a(libc_a-ctype_.o)
 .ARM.attributes
                0x0000000000000974       0x2c /usr/lib/gcc/arm-none-eabi/12/../../../../arm-none-eabi/lib/thumb/v6-m/nofp/libc.a(libc_a-fclose.o)
 .ARM.attributes
                0x00000000000009a0       0x2c /usr/lib/gcc/arm-none-eabi/12/../../../../arm-none-eabi/lib/thumb/v6-m/nofp/libc.a(libc_a-assert.o)
 .ARM.attributes
                0x00000000000009cc       0x2c /usr/lib/gcc/arm-none-eabi/12/../../../../arm-none-eabi/lib/thumb/v6-m/nofp/libc.a(libc_a-callocr.o)
 .ARM.attributes
                0x00000000000009f8       0x2c /usr/lib/gcc/arm-none-eabi/12/../../../../arm-none-eabi/lib/thumb/v6-m/nofp/libc.a(libc_a-wcsnrtombs.o)
 .ARM.attributes
                0x0000000000000a24       0x2c /usr/lib/gcc/arm-none-eabi/12/../../../../arm-none-eabi/lib/thumb/v6-m/nofp/libc.a(libc_a-fiprintf.o)
 .ARM.attributes
                0x0000000000000a50       0x2c /usr/lib/gcc/arm-none-eabi/12/../../../../arm-none-eabi/lib/thumb/v6-m/nofp/libc.a(libc_a-vfiprintf.o)
 .ARM.attributes
                0x0000000000000a7c       0x2c /usr/lib/gcc/arm-none-eabi/12/../../../../arm-none-eabi/lib/thumb/v6-m/nofp/libc.a(libc_a-abort.o)
 .ARM.attributes
                0x0000000000000aa8       0x1e /usr/lib/gcc/arm-none-eabi/12/thumb/v6-m/nofp/libgcc.a(_udivsi3.o)
 .ARM.attributes
                0x0000000000000ac6       0x1e /usr/lib/gcc/arm-none-eabi/12/thumb/v6-m/nofp/libgcc.a(_divsi3.o)
 .ARM.attributes
                0x0000000000000ae4       0x1e /usr/lib/gcc/arm-none-eabi/12/thumb/v6-m/nofp/libgcc.a(_dvmd_tls.o)
 .ARM.attributes
                0x0000000000000b02       0x1e /usr/lib/gcc/arm-none-eabi/12/thumb/v6-m/nofp/libgcc.a(_arm_cmpdf2.o)
 .ARM.attributes
                0x0000000000000b20       0x2c /usr/lib/gcc/arm-none-eabi/12/thumb/v6-m/nofp/libgcc.a(adddf3.o)
 .ARM.attributes
                0x0000000000000b4c       0x2c /usr/lib/gcc/arm-none-eabi/12/thumb/v6-m/nofp/libgcc.a(divdf3.o)
 .ARM.attributes
                0x0000000000000b78       0x2c /usr/lib/gcc/arm-none-eabi/12/thumb/v6-m/nofp/libgcc.a(eqdf2.o)
 .ARM.attributes
                0x0000000000000ba4       0x2c /usr/lib/gcc/arm-none-eabi/12/thumb/v6-m/nofp/libgcc.a(gedf2.o)
 .ARM.attributes
                0x0000000000000bd0       0x2c /usr/lib/gcc/arm-none-eabi/12/thumb/v6-m/nofp/libgcc.a(ledf2.o)
 .ARM.attributes
                0x0000000000000bfc       0x2c /usr/lib/gcc/arm-none-eabi/12/thumb/v6-m/nofp/libgcc.a(muldf3.o)
 .ARM.attributes
                0x0000000000000c28       0x2c /usr/lib/gcc/arm-none-eabi/12/thumb/v6-m/nofp/libgcc.a(subdf3.o)
 .ARM.attributes
                0x0000000000000c54       0x2c /usr/lib/gcc/arm-none-eabi/12/thumb/v6-m/nofp/libgcc.a(unorddf2.o)
 .ARM.attributes
                0x0000000000000c80       0x2c /usr/lib/gcc/arm-none-eabi/12/thumb/v6-m/nofp/libgcc.a(fixdfsi.o)
 .ARM.attributes
                0x0000000000000cac       0x2c /usr/lib/gcc/arm-none-eabi/12/thumb/v6-m/nofp/libgcc.a(floatsidf.o)
 .ARM.attributes
                0x0000000000000cd8       0x2c /usr/lib/gcc/arm-none-eabi/12/thumb/v6-m/nofp/libgcc.a(floatunsidf.o)
 .ARM.attributes
                0x0000000000000d04       0x1e /usr/lib/gcc/arm-none-eabi/12/thumb/v6-m/nofp/libgcc.a(_clzsi2.o)
 .ARM.attributes
                0x0000000000000d22       0x2c /usr/lib/gcc/arm-none-eabi/12/../../../../arm-none-eabi/lib/thumb/v6-m/nofp/libnosys.a(close.o)
 .ARM.attributes
                0x0000000000000d4e       0x2c /usr/lib/gcc/arm-none-eabi/12/../../../../arm-none-eabi/lib/thumb/v6-m/nofp/libnosys.a(fstat.o)
 .ARM.attributes
                0x0000000000000d7a       0x2c /usr/lib/gcc/arm-none-eabi/12/../../../../arm-none-eabi/lib/thumb/v6-m/nofp/libnosys.a(getpid.o)
 .ARM.attributes
                0x0000000000000da6       0x2c /usr/lib/gcc/arm-none-eabi/12/../../../../arm-none-eabi/lib/thumb/v6-m/nofp/libnosys.a(isatty.o)
 .ARM.attributes
                0x0000000000000dd2       0x2c /usr/lib/gcc/arm-none-eabi/12/../../../../arm-none-eabi/lib/thumb/v6-m/nofp/libnosys.a(kill.o)
 .ARM.attributes
                0x0000000000000dfe       0x2c /usr/lib/gcc/arm-none-eabi/12/../../../../arm-none-eabi/lib/thumb/v6-m/nofp/libnosys.a(lseek.o)
 .ARM.attributes
                0x0000000000000e2a       0x2c /usr/lib/gcc/arm-none-eabi/12/../../../../arm-none-eabi/lib/thumb/v6-m/nofp/libnosys.a(read.o)
 .ARM.attributes
                0x0000000000000e56       0x2c /usr/lib/gcc/arm-none-eabi/12/../../../../arm-none-eabi/lib/thumb/v6-m/nofp/libnosys.a(sbrk.o)
 .ARM.attributes
                0x0000000000000e82       0x2c /usr/lib/gcc/arm-none-eabi/12/../../../../arm-none-eabi/lib/thumb/v6-m/nofp/libnosys.a(write.o)
 .ARM.attributes
                0x0000000000000eae       0x2c /usr/lib/gcc/arm-none-eabi/12/../../../../arm-none-eabi/lib/thumb/v6-m/nofp/libnosys.a(_exit.o)

.debug_frame    0x0000000000000000      0xad8
 .debug_frame   0x0000000000000000       0x60 usart_stdio.o
 .debug_frame   0x0000000000000060       0x80 /mnt/hdd/src/stm32/libopencm3-examples/libopencm3/lib/libopencm3_stm32f0.a(gpio_common_all.o)