Archive member included to satisfy reference by file (symbol)

/mnt/hdd/src/stm32/libopencm3-examples/libopencm3/lib/libopencm3_stm32f0.a(gpio_common_all.o)
                              miniblink.o (gpio_toggle)
/mnt/hdd/src/stm32/libopencm3-examples/libopencm3/lib/libopencm3_stm32f0.a(gpio_common_f0234.o)
                              miniblink.o (gpio_mode_setup)
/mnt/hdd/src/stm32/libopencm3-examples/libopencm3/lib/libopencm3_stm32f0.a(rcc_common_all.o)
                              miniblink.o (rcc_periph_clock_enable)
/mnt/hdd/src/stm32/libopencm3-examples/libopencm3/lib/libopencm3_stm32f0.a(vector.o)
                              (reset_handler)

Discarded input sections

 .group         0x0000000000000000        0xc miniblink.o
 .group         0x0000000000000000        0xc miniblink.o
 .group         0x0000000000000000        0xc miniblink.o
 .group         0x0000000000000000        0xc miniblink.o
 .group         0x0000000000000000        0xc miniblink.o
 .group         0x0000000000000000        0xc miniblink.o
 .group         0x0000000000000000        0xc miniblink.o
 .group         0x0000000000000000        0xc miniblink.o
 .group         0x0000000000000000        0xc miniblink.o
 .group         0x0000000000000000        0xc miniblink.o
 .group         0x0000000000000000        0xc miniblink.o
 .group         0x0000000000000000        0xc miniblink.o
 .group         0x0000000000000000        0xc miniblink.o
 .group         0x0000000000000000        0xc miniblink.o
 .group         0x0000000000000000        0xc miniblink.o
 .group         0x0000000000000000        0xc miniblink.o
 .group         0x0000000000000000        0xc miniblink.o
 .text          0x0000000000000000        0x0 miniblink.o
 .data          0x0000000000000000        0x0 miniblink.o
 .bss           0x0000000000000000        0x0 miniblink.o
 .group         0x0000000000000000        0xc /mnt/hdd/src/stm32/libopencm3-examples/libopencm3/lib/libopencm3_stm32f0.a(gpio_common_all.o)
 .group         0x0000000000000000        0xc /mnt/hdd/src/stm32/libopencm3-examples/libopencm3/lib/libopencm3_stm32f0.a(gpio_common_all.o)
 .group         0x0000000000000000        0xc /mnt/hdd/src/stm32/libopencm3-examples/libopencm3/lib/libopencm3_stm32f0.a(gpio_common_all.o)
 .group         0x0000000000000000        0xc /mnt/hdd/src/stm32/libopencm3-examples/libopencm3/lib/libopencm3_stm32f0.a(gpio_common_all.o)
 .group         0x0000000000000000        0xc /mnt/hdd/src/stm32/libopencm3-examples/libopencm3/lib/libopencm3_stm32f0.a(gpio_common_all.o)
 .group         0x0000000000000000        0xc /mnt/hdd/src/stm32/libopencm3-examples/libopencm3/lib/libopencm3_stm32f0.a(gpio_common_all.o)
 .group         0x0000000000000000        0xc /mnt/hdd/src/stm32/libopencm3-examples/libopencm3/lib/libopencm3_stm32f0.a(gpio_common_all.o)
 .group         0x0000000000000000        0xc /mnt/hdd/src/stm32/libopencm3-examples/libopencm3/lib/libopencm3_stm32f0.a(gpio_common_all.o)
 .group         0x0000000000000000        0xc /mnt/hdd/src/stm32/libopencm3-examples/libopencm3/lib/libopencm3_stm32f0.a(gpio_common_all.o)
 .group         0x0000000000000000        0xc /mnt/hdd/src/stm32/libopencm3-examples/libopencm3/lib/libopencm3_stm32f0.a(gpio_common_all.o)
 .group         0x0000000000000000        0xc /mnt/hdd/src/stm32/libopencm3-examples/libopencm3/lib/libopencm3_stm32f0.a(gpio_common_all.o)
 .group         0x0000000000000000        0xc /mnt/hdd/src/stm32/libopencm3-examples/libopencm3/lib/libopencm3_stm32f0.a(gpio_common_all.o)
 .group         0x0000000000000000        0xc /mnt/hdd/src/stm32/libopencm3-examples/libopencm3/lib/libopencm3_stm32f0.a(gpio_common_all.o)
 .group         0x0000000000000000        0xc /mnt/hdd/src/stm32/libopencm3-examples/libopencm3/lib/libopencm3_stm32f0.a(gpio_common_all.o)
 .group         0x0000000000000000        0xc /mnt/hdd/src/stm32/libopencm3-examples/libopencm3/lib/libopencm3_stm32f0.a(gpio_common_all.o)
 .group         0x0000000000000000        0xc /mnt/hdd/src/stm32/libopencm3-examples/libopencm3/lib/libopencm3_stm32f0.a(gpio_common_all.o)
 .text          0x0000000000000000        0x0 /mnt/hdd/src/stm32/libopencm3-examples/libopencm3/lib/libopencm3_stm32f0.a(gpio_common_all.o)
 .data          0x0000000000000000        0x0 /mnt/hdd/src/stm32/libopencm3-examples/libopencm3/lib/libopencm3_stm32f0.a(gpio_common_all.o)
 .bss           0x0000000000000000        0x0 /mnt/hdd/src/stm32/libopencm3-examples/libopencm3/lib/libopencm3_stm32f0.a(gpio_common_all.o)
 .text.gpio_set
                0x0000000000000000        0x4 /mnt/hdd/src/stm32/libopencm3-examples/libopencm3/lib/libopencm3_stm32f0.a(gpio_common_all.o)
 .text.gpio_clear
                0x0000000000000000        0x6 /mnt/hdd/src/stm32/libopencm3-examples/libopencm3/lib/libopencm3_stm32f0.a(gpio_common_all.o)
 .text.gpio_get
                0x0000000000000000        0x6 /mnt/hdd/src/stm32/libopencm3-examples/libopencm3/lib/libopencm3_stm32f0.a(gpio_common_all.o)
 .text.gpio_port_read
                0x0000000000000000        0x6 /mnt/hdd/src/stm32/libopencm3-examples/libopencm3/lib/libopencm3_stm32f0.a(gpio_common_all.o)
 .text.gpio_port_write
                0x0000000000000000        0x4 /mnt/hdd/src/stm32/libopencm3-examples/libopencm3/lib/libopencm3_stm32f0.a(gpio_common_all.o)
 .text.gpio_port_config_lock
                0x0000000000000000       0x12 /mnt/hdd/src/stm32/libopencm3-examples/libopencm3/lib/libopencm3_stm32f0.a(gpio_common_all.o)
 .debug_macro   0x0000000000000000      0x7d2 /mnt/hdd/src/stm32/libopencm3-examples/libopencm3/lib/libopencm3_stm32f0.a(gpio_common_all.o)
 .debug_macro   0x0000000000000000       0x1c /mnt/hdd/src/stm32/libopencm3-examples/libopencm3/lib/libopencm3_stm32f0.a(gpio_common_all.o)
 .debug_macro   0x0000000000000000       0x22 /mnt/hdd/src/stm32/libopencm3-examples/libopencm3/lib/libopencm3_stm32f0.a(gpio_common_all.o)
 .debug_macro   0x0000000000000000       0x56 /mnt/hdd/src/stm32/libopencm3-examples/libopencm3/lib/libopencm3_stm32f0.a(gpio_common_all.o)
 .debug_macro   0x0000000000000000       0x51 /mnt/hdd/src/stm32/libopencm3-examples/libopencm3/lib/libopencm3_stm32f0.a(gpio_common_all.o)
 .debug_macro   0x0000000000000000      0x103 /mnt/hdd/src/stm32/libopencm3-examples/libopencm3/lib/libopencm3_stm32f0.a(gpio_common_all.o)
 .debug_macro   0x0000000000000000       0x6a /mnt/hdd/src/stm32/libopencm3-examples/libopencm3/lib/libopencm3_stm32f0.a(gpio_common_all.o)
 .debug_macro   0x0000000000000000      0x1df /mnt/hdd/src/stm32/libopencm3-examples/libopencm3/lib/libopencm3_stm32f0.a(gpio_common_all.o)
 .debug_macro   0x0000000000000000       0x22 /mnt/hdd/src/stm32/libopencm3-examples/libopencm3/lib/libopencm3_stm32f0.a(gpio_common_all.o)
 .debug_macro   0x0000000000000000       0xe8 /mnt/hdd/src/stm32/libopencm3-examples/libopencm3/lib/libopencm3_stm32f0.a(gpio_common_all.o)
 .debug_macro   0x0000000000000000       0x52 /mnt/hdd/src/stm32/libopencm3-examples/libopencm3/lib/libopencm3_stm32f0.a(gpio_common_all.o)
 .debug_macro   0x0000000000000000      0x178 /mnt/hdd/src/stm32/libopencm3-examples/libopencm3/lib/libopencm3_stm32f0.a(gpio_common_all.o)
 .debug_macro   0x0000000000000000       0x76 /mnt/hdd/src/stm32/libopencm3-examples/libopencm3/lib/libopencm3_stm32f0.a(gpio_common_all.o)
 .debug_macro   0x0000000000000000      0x37e /mnt/hdd/src/stm32/libopencm3-examples/libopencm3/lib/libopencm3_stm32f0.a(gpio_common_all.o)
 .debug_macro   0x0000000000000000       0xca /mnt/hdd/src/stm32/libopencm3-examples/libopencm3/lib/libopencm3_stm32f0.a(gpio_common_all.o)
 .debug_macro   0x0000000000000000       0x3a /mnt/hdd/src/stm32/libopencm3-examples/libopencm3/lib/libopencm3_stm32f0.a(gpio_common_all.o)
 .group         0x0000000000000000        0xc /mnt/hdd/src/stm32/libopencm3-examples/libopencm3/lib/libopencm3_stm32f0.a(gpio_common_f0234.o)
 .group         0x0000000000000000        0xc /mnt/hdd/src/stm32/libopencm3-examples/libopencm3/lib/libopencm3_stm32f0.a(gpio_common_f0234.o)
 .group         0x0000000000000000        0xc /mnt/hdd/src/stm32/libopencm3-examples/libopencm3/lib/libopencm3_stm32f0.a(gpio_common_f0234.o)
 .group         0x0000000000000000        0xc /mnt/hdd/src/stm32/libopencm3-examples/libopencm3/lib/libopencm3_stm32f0.a(gpio_common_f0234.o)
 .group         0x0000000000000000        0xc /mnt/hdd/src/stm32/libopencm3-examples/libopencm3/lib/libopencm3_stm32f0.a(gpio_common_f0234.o)
 .group         0x0000000000000000        0xc /mnt/hdd/src/stm32/libopencm3-examples/libopencm3/lib/libopencm3_stm32f0.a(gpio_common_f0234.o)
 .group         0x0000000000000000        0xc /mnt/hdd/src/stm32/libopencm3-examples/libopencm3/lib/libopencm3_stm32f0.a(gpio_common_f0234.o)
 .group         0x0000000000000000        0xc /mnt/hdd/src/stm32/libopencm3-examples/libopencm3/lib/libopencm3_stm32f0.a(gpio_common_f0234.o)
 .group         0x0000000000000000        0xc /mnt/hdd/src/stm32/libopencm3-examples/libopencm3/lib/libopencm3_stm32f0.a(gpio_common_f0234.o)
 .group         0x0000000000000000        0xc /mnt/hdd/src/stm32/libopencm3-examples/libopencm3/lib/libopencm3_stm32f0.a(gpio_common_f0234.o)
 .group         0x0000000000000000        0xc /mnt/hdd/src/stm32/libopencm3-examples/libopencm3/lib/libopencm3_stm32f0.a(gpio_common_f0234.o)
 .group         0x0000000000000000        0xc /mnt/hdd/src/stm32/libopencm3-examples/libopencm3/lib/libopencm3_stm32f0.a(gpio_common_f0234.o)
 .group         0x0000000000000000        0xc /mnt/hdd/src/stm32/libopencm3-examples/libopencm3/lib/libopencm3_stm32f0.a(gpio_common_f0234.o)
 .group         0x0000000000000000        0xc /mnt/hdd/src/stm32/libopencm3-examples/libopencm3/lib/libopencm3_stm32f0.a(gpio_common_f0234.o)
 .group         0x0000000000000000        0xc /mnt/hdd/src/stm32/libopencm3-examples/libopencm3/lib/libopencm3_stm32f0.a(gpio_common_f0234.o)
 .group         0x0000000000000000        0xc /mnt/hdd/src/stm32/libopencm3-examples/libopencm3/lib/libopencm3_stm32f0.a(gpio_common_f0234.o)
 .text          0x0000000000000000        0x0 /mnt/hdd/src/stm32/libopencm3-examples/libopencm3/lib/libopencm3_stm32f0.a(gpio_common_f0234.o)
 .data          0x0000000000000000        0x0 /mnt/hdd/src/stm32/libopencm3-examples/libopencm3/lib/libopencm3_stm32f0.a(gpio_common_f0234.o)
 .bss           0x0000000000000000        0x0 /mnt/hdd/src/stm32/libopencm3-examples/libopencm3/lib/libopencm3_stm32f0.a(gpio_common_f0234.o)
 .text.gpio_set_output_options
                0x0000000000000000       0x3c /mnt/hdd/src/stm32/libopencm3-examples/libopencm3/lib/libopencm3_stm32f0.a(gpio_common_f0234.o)
 .text.gpio_set_af
                0x0000000000000000       0x58 /mnt/hdd/src/stm32/libopencm3-examples/libopencm3/lib/libopencm3_stm32f0.a(gpio_common_f0234.o)
 .debug_macro   0x0000000000000000      0x7d2 /mnt/hdd/src/stm32/libopencm3-examples/libopencm3/lib/libopencm3_stm32f0.a(gpio_common_f0234.o)
 .debug_macro   0x0000000000000000       0x1c /mnt/hdd/src/stm32/libopencm3-examples/libopencm3/lib/libopencm3_stm32f0.a(gpio_common_f0234.o)
 .debug_macro   0x0000000000000000       0x22 /mnt/hdd/src/stm32/libopencm3-examples/libopencm3/lib/libopencm3_stm32f0.a(gpio_common_f0234.o)
 .debug_macro   0x0000000000000000       0x56 /mnt/hdd/src/stm32/libopencm3-examples/libopencm3/lib/libopencm3_stm32f0.a(gpio_common_f0234.o)
 .debug_macro   0x0000000000000000       0x51 /mnt/hdd/src/stm32/libopencm3-examples/libopencm3/lib/libopencm3_stm32f0.a(gpio_common_f0234.o)
 .debug_macro   0x0000000000000000      0x103 /mnt/hdd/src/stm32/libopencm3-examples/libopencm3/lib/libopencm3_stm32f0.a(gpio_common_f0234.o)
 .debug_macro   0x0000000000000000       0x6a /mnt/hdd/src/stm32/libopencm3-examples/libopencm3/lib/libopencm3_stm32f0.a(gpio_common_f0234.o)
 .debug_macro   0x0000000000000000      0x1df /mnt/hdd/src/stm32/libopencm3-examples/libopencm3/lib/libopencm3_stm32f0.a(gpio_common_f0234.o)
 .debug_macro   0x0000000000000000       0x22 /mnt/hdd/src/stm32/libopencm3-examples/libopencm3/lib/libopencm3_stm32f0.a(gpio_common_f0234.o)
 .debug_macro   0x0000000000000000       0xe8 /mnt/hdd/src/stm32/libopencm3-examples/libopencm3/lib/libopencm3_stm32f0.a(gpio_common_f0234.o)
 .debug_macro   0x0000000000000000       0x52 /mnt/hdd/src/stm32/libopencm3-examples/libopencm3/lib/libopencm3_stm32f0.a(gpio_common_f0234.o)
 .debug_macro   0x0000000000000000      0x178 /mnt/hdd/src/stm32/libopencm3-examples/libopencm3/lib/libopencm3_stm32f0.a(gpio_common_f0234.o)
 .debug_macro   0x0000000000000000       0x76 /mnt/hdd/src/stm32/libopencm3-examples/libopencm3/lib/libopencm3_stm32f0.a(gpio_common_f0234.o)
 .debug_macro   0x0000000000000000      0x37e /mnt/hdd/src/stm32/libopencm3-examples/libopencm3/lib/libopencm3_stm32f0.a(gpio_common_f0234.o)
 .debug_macro   0x0000000000000000       0xca /mnt/hdd/src/stm32/libopencm3-examples/libopencm3/lib/libopencm3_stm32f0.a(gpio_common_f0234.o)
 .debug_macro   0x0000000000000000       0x3a /mnt/hdd/src/stm32/libopencm3-examples/libopencm3/lib/libopencm3_stm32f0.a(gpio_common_f0234.o)
 .group         0x0000000000000000        0xc /mnt/hdd/src/stm32/libopencm3-examples/libopencm3/lib/libopencm3_stm32f0.a(rcc_common_all.o)
 .group         0x0000000000000000        0xc /mnt/hdd/src/stm32/libopencm3-examples/libopencm3/lib/libopencm3_stm32f0.a(rcc_common_all.o)
 .group         0x0000000000000000        0xc /mnt/hdd/src/stm32/libopencm3-examples/libopencm3/lib/libopencm3_stm32f0.a(rcc_common_all.o)
 .group         0x0000000000000000        0xc /mnt/hdd/src/stm32/libopencm3-examples/libopencm3/lib/libopencm3_stm32f0.a(rcc_common_all.o)
 .group         0x0000000000000000        0xc /mnt/hdd/src/stm32/libopencm3-examples/libopencm3/lib/libopencm3_stm32f0.a(rcc_common_all.o)
 .group         0x0000000000000000        0xc /mnt/hdd/src/stm32/libopencm3-examples/libopencm3/lib/libopencm3_stm32f0.a(rcc_common_all.o)
 .group         0x0000000000000000        0xc /mnt/hdd/src/stm32/libopencm3-examples/libopencm3/lib/libopencm3_stm32f0.a(rcc_common_all.o)
 .group         0x0000000000000000        0xc /mnt/hdd/src/stm32/libopencm3-examples/libopencm3/lib/libopencm3_stm32f0.a(rcc_common_all.o)
 .group         0x0000000000000000        0xc /mnt/hdd/src/stm32/libopencm3-examples/libopencm3/lib/libopencm3_stm32f0.a(rcc_common_all.o)
 .group         0x0000000000000000        0xc /mnt/hdd/src/stm32/libopencm3-examples/libopencm3/lib/libopencm3_stm32f0.a(rcc_common_all.o)
 .group         0x0000000000000000        0xc /mnt/hdd/src/stm32/libopencm3-examples/libopencm3/lib/libopencm3_stm32f0.a(rcc_common_all.o)
 .group         0x0000000000000000        0xc /mnt/hdd/src/stm32/libopencm3-examples/libopencm3/lib/libopencm3_stm32f0.a(rcc_common_all.o)
 .group         0x0000000000000000        0xc /mnt/hdd/src/stm32/libopencm3-examples/libopencm3/lib/libopencm3_stm32f0.a(rcc_common_all.o)
 .text          0x0000000000000000        0x0 /mnt/hdd/src/stm32/libopencm3-examples/libopencm3/lib/libopencm3_stm32f0.a(rcc_common_all.o)
 .data          0x0000000000000000        0x0 /mnt/hdd/src/stm32/libopencm3-examples/libopencm3/lib/libopencm3_stm32f0.a(rcc_common_all.o)
 .bss           0x0000000000000000        0x0 /mnt/hdd/src/stm32/libopencm3-examples/libopencm3/lib/libopencm3_stm32f0.a(rcc_common_all.o)
 .text.rcc_peripheral_enable_clock
                0x0000000000000000        0x8 /mnt/hdd/src/stm32/libopencm3-examples/libopencm3/lib/libopencm3_stm32f0.a(rcc_common_all.o)
 .text.rcc_peripheral_disable_clock
                0x0000000000000000        0x8 /mnt/hdd/src/stm32/libopencm3-examples/libopencm3/lib/libopencm3_stm32f0.a(rcc_common_all.o)
 .text.rcc_peripheral_reset
                0x0000000000000000        0x8 /mnt/hdd/src/stm32/libopencm3-examples/libopencm3/lib/libopencm3_stm32f0.a(rcc_common_all.o)
 .text.rcc_peripheral_clear_reset
                0x0000000000000000        0x8 /mnt/hdd/src/stm32/libopencm3-examples/libopencm3/lib/libopencm3_stm32f0.a(rcc_common_all.o)
 .text.rcc_periph_clock_disable
                0x0000000000000000       0x1c /mnt/hdd/src/stm32/libopencm3-examples/libopencm3/lib/libopencm3_stm32f0.a(rcc_common_all.o)
 .text.rcc_periph_reset_pulse
                0x0000000000000000       0x20 /mnt/hdd/src/stm32/libopencm3-examples/libopencm3/lib/libopencm3_stm32f0.a(rcc_common_all.o)
 .text.rcc_periph_reset_hold
                0x0000000000000000        0x8 /mnt/hdd/src/stm32/libopencm3-examples/libopencm3/lib/libopencm3_stm32f0.a(rcc_common_all.o)
 .text.rcc_periph_reset_release
                0x0000000000000000        0x8 /mnt/hdd/src/stm32/libopencm3-examples/libopencm3/lib/libopencm3_stm32f0.a(rcc_common_all.o)
 .text.rcc_set_mco
                0x0000000000000000       0x18 /mnt/hdd/src/stm32/libopencm3-examples/libopencm3/lib/libopencm3_stm32f0.a(rcc_common_all.o)
 .text.rcc_osc_bypass_enable
                0x0000000000000000       0x28 /mnt/hdd/src/stm32/libopencm3-examples/libopencm3/lib/libopencm3_stm32f0.a(rcc_common_all.o)
 .text.rcc_osc_bypass_disable
                0x0000000000000000       0x2c /mnt/hdd/src/stm32/libopencm3-examples/libopencm3/lib/libopencm3_stm32f0.a(rcc_common_all.o)
 .text.rcc_get_div_from_hpre
                0x0000000000000000       0x1a /mnt/hdd/src/stm32/libopencm3-examples/libopencm3/lib/libopencm3_stm32f0.a(rcc_common_all.o)
 .debug_macro   0x0000000000000000      0x7d2 /mnt/hdd/src/stm32/libopencm3-examples/libopencm3/lib/libopencm3_stm32f0.a(rcc_common_all.o)
 .debug_macro   0x0000000000000000       0x1c /mnt/hdd/src/stm32/libopencm3-examples/libopencm3/lib/libopencm3_stm32f0.a(rcc_common_all.o)
 .debug_macro   0x0000000000000000       0x22 /mnt/hdd/src/stm32/libopencm3-examples/libopencm3/lib/libopencm3_stm32f0.a(rcc_common_all.o)
 .debug_macro   0x0000000000000000       0x56 /mnt/hdd/src/stm32/libopencm3-examples/libopencm3/lib/libopencm3_stm32f0.a(rcc_common_all.o)
 .debug_macro   0x0000000000000000       0x51 /mnt/hdd/src/stm32/libopencm3-examples/libopencm3/lib/libopencm3_stm32f0.a(rcc_common_all.o)
 .debug_macro   0x0000000000000000      0x103 /mnt/hdd/src/stm32/libopencm3-examples/libopencm3/lib/libopencm3_stm32f0.a(rcc_common_all.o)
 .debug_macro   0x0000000000000000       0x6a /mnt/hdd/src/stm32/libopencm3-examples/libopencm3/lib/libopencm3_stm32f0.a(rcc_common_all.o)
 .debug_macro   0x0000000000000000      0x1df /mnt/hdd/src/stm32/libopencm3-examples/libopencm3/lib/libopencm3_stm32f0.a(rcc_common_all.o)
 .debug_macro   0x0000000000000000       0x22 /mnt/hdd/src/stm32/libopencm3-examples/libopencm3/lib/libopencm3_stm32f0.a(rcc_common_all.o)
 .debug_macro   0x0000000000000000       0xe8 /mnt/hdd/src/stm32/libopencm3-examples/libopencm3/lib/libopencm3_stm32f0.a(rcc_common_all.o)
 .debug_macro   0x0000000000000000       0x52 /mnt/hdd/src/stm32/libopencm3-examples/libopencm3/lib/libopencm3_stm32f0.a(rcc_common_all.o)
 .debug_macro   0x0000000000000000      0x178 /mnt/hdd/src/stm32/libopencm3-examples/libopencm3/lib/libopencm3_stm32f0.a(rcc_common_all.o)
 .debug_macro   0x0000000000000000      0x780 /mnt/hdd/src/stm32/libopencm3-examples/libopencm3/lib/libopencm3_stm32f0.a(rcc_common_all.o)
 .group         0x0000000000000000        0xc /mnt/hdd/src/stm32/libopencm3-examples/libopencm3/lib/libopencm3_stm32f0.a(vector.o)
 .group         0x0000000000000000        0xc /mnt/hdd/src/stm32/libopencm3-examples/libopencm3/lib/libopencm3_stm32f0.a(vector.o)
 .group         0x0000000000000000        0xc /mnt/hdd/src/stm32/libopencm3-examples/libopencm3/lib/libopencm3_stm32f0.a(vector.o)
 .group         0x0000000000000000        0xc /mnt/hdd/src/stm32/libopencm3-examples/libopencm3/lib/libopencm3_stm32f0.a(vector.o)
 .group         0x0000000000000000        0xc /mnt/hdd/src/stm32/libopencm3-examples/libopencm3/lib/libopencm3_stm32f0.a(vector.o)
 .group         0x0000000000000000        0xc /mnt/hdd/src/stm32/libopencm3-examples/libopencm3/lib/libopencm3_stm32f0.a(vector.o)
 .group         0x0000000000000000        0xc /mnt/hdd/src/stm32/libopencm3-examples/libopencm3/lib/libopencm3_stm32f0.a(vector.o)
 .group         0x0000000000000000        0xc /mnt/hdd/src/stm32/libopencm3-examples/libopencm3/lib/libopencm3_stm32f0.a(vector.o)
 .group         0x0000000000000000        0xc /mnt/hdd/src/stm32/libopencm3-examples/libopencm3/lib/libopencm3_stm32f0.a(vector.o)
 .group         0x0000000000000000        0xc /mnt/hdd/src/stm32/libopencm3-examples/libopencm3/lib/libopencm3_stm32f0.a(vector.o)
 .group         0x0000000000000000        0xc /mnt/hdd/src/stm32/libopencm3-examples/libopencm3/lib/libopencm3_stm32f0.a(vector.o)
 .group         0x0000000000000000        0xc /mnt/hdd/src/stm32/libopencm3-examples/libopencm3/lib/libopencm3_stm32f0.a(vector.o)
 .group         0x0000000000000000        0xc /mnt/hdd/src/stm32/libopencm3-examples/libopencm3/lib/libopencm3_stm32f0.a(vector.o)
 .group         0x0000000000000000        0xc /mnt/hdd/src/stm32/libopencm3-examples/libopencm3/lib/libopencm3_stm32f0.a(vector.o)
 .text          0x0000000000000000        0x0 /mnt/hdd/src/stm32/libopencm3-examples/libopencm3/lib/libopencm3_stm32f0.a(vector.o)
 .data          0x0000000000000000        0x0 /mnt/hdd/src/stm32/libopencm3-examples/libopencm3/lib/libopencm3_stm32f0.a(vector.o)
 .bss           0x0000000000000000        0x0 /mnt/hdd/src/stm32/libopencm3-examples/libopencm3/lib/libopencm3_stm32f0.a(vector.o)
 .debug_macro   0x0000000000000000      0x7d2 /mnt/hdd/src/stm32/libopencm3-examples/libopencm3/lib/libopencm3_stm32f0.a(vector.o)
 .debug_macro   0x0000000000000000       0x52 /mnt/hdd/src/stm32/libopencm3-examples/libopencm3/lib/libopencm3_stm32f0.a(vector.o)
 .debug_macro   0x0000000000000000       0x1c /mnt/hdd/src/stm32/libopencm3-examples/libopencm3/lib/libopencm3_stm32f0.a(vector.o)
 .debug_macro   0x0000000000000000       0x22 /mnt/hdd/src/stm32/libopencm3-examples/libopencm3/lib/libopencm3_stm32f0.a(vector.o)
 .debug_macro   0x0000000000000000       0x56 /mnt/hdd/src/stm32/libopencm3-examples/libopencm3/lib/libopencm3_stm32f0.a(vector.o)
 .debug_macro   0x0000000000000000       0x51 /mnt/hdd/src/stm32/libopencm3-examples/libopencm3/lib/libopencm3_stm32f0.a(vector.o)
 .debug_macro   0x0000000000000000      0x103 /mnt/hdd/src/stm32/libopencm3-examples/libopencm3/lib/libopencm3_stm32f0.a(vector.o)
 .debug_macro   0x0000000000000000       0x6a /mnt/hdd/src/stm32/libopencm3-examples/libopencm3/lib/libopencm3_stm32f0.a(vector.o)
 .debug_macro   0x0000000000000000      0x1df /mnt/hdd/src/stm32/libopencm3-examples/libopencm3/lib/libopencm3_stm32f0.a(vector.o)
 .debug_macro   0x0000000000000000       0x22 /mnt/hdd/src/stm32/libopencm3-examples/libopencm3/lib/libopencm3_stm32f0.a(vector.o)
 .debug_macro   0x0000000000000000       0xe8 /mnt/hdd/src/stm32/libopencm3-examples/libopencm3/lib/libopencm3_stm32f0.a(vector.o)

Memory Configuration

Name             Origin             Length             Attributes
rom              0x0000000008000000 0x0000000000010000 xr
ram              0x0000000020000000 0x0000000000002000 xrw
*default*        0x0000000000000000 0xffffffffffffffff

Linker script and memory map

LOAD miniblink.o
LOAD /mnt/hdd/src/stm32/libopencm3-examples/libopencm3/lib/libopencm3_stm32f0.a
START GROUP
LOAD /usr/lib/gcc/arm-none-eabi/12/../../../../arm-none-eabi/lib/thumb/v6-m/nofp/libc.a
LOAD /usr/lib/gcc/arm-none-eabi/12/thumb/v6-m/nofp/libgcc.a
LOAD /usr/lib/gcc/arm-none-eabi/12/../../../../arm-none-eabi/lib/thumb/v6-m/nofp/libnosys.a
END GROUP
START GROUP
LOAD /usr/lib/gcc/arm-none-eabi/12/thumb/v6-m/nofp/libgcc.a
LOAD /usr/lib/gcc/arm-none-eabi/12/../../../../arm-none-eabi/lib/thumb/v6-m/nofp/libg.a
LOAD /usr/lib/gcc/arm-none-eabi/12/../../../../arm-none-eabi/lib/thumb/v6-m/nofp/libc.a
END GROUP

.text           0x0000000008000000      0x1f4
 *(.vectors)
 .vectors       0x0000000008000000       0xc0 /mnt/hdd/src/stm32/libopencm3-examples/libopencm3/lib/libopencm3_stm32f0.a(vector.o)
                0x0000000008000000                vector_table
 *(.text*)
 .text.startup.main
                0x00000000080000c0       0x3c miniblink.o
                0x00000000080000c0                main
 .text.gpio_toggle
                0x00000000080000fc       0x10 /mnt/hdd/src/stm32/libopencm3-examples/libopencm3/lib/libopencm3_stm32f0.a(gpio_common_all.o)
                0x00000000080000fc                gpio_toggle
 .text.gpio_mode_setup
                0x000000000800010c       0x40 /mnt/hdd/src/stm32/libopencm3-examples/libopencm3/lib/libopencm3_stm32f0.a(gpio_common_f0234.o)
                0x000000000800010c                gpio_mode_setup
 .text.rcc_periph_clock_enable
                0x000000000800014c       0x1c /mnt/hdd/src/stm32/libopencm3-examples/libopencm3/lib/libopencm3_stm32f0.a(rcc_common_all.o)
                0x000000000800014c                rcc_periph_clock_enable
 .text.blocking_handler
                0x0000000008000168        0x2 /mnt/hdd/src/stm32/libopencm3-examples/libopencm3/lib/libopencm3_stm32f0.a(vector.o)
                0x0000000008000168                dma1_channel2_3_dma2_channel1_2_isr
                0x0000000008000168                rtc_isr
                0x0000000008000168                tim7_isr
                0x0000000008000168                dma1_channel4_7_dma2_channel3_5_isr
                0x0000000008000168                blocking_handler
                0x0000000008000168                tsc_isr
                0x0000000008000168                spi1_isr
                0x0000000008000168                i2c1_isr
                0x0000000008000168                tim17_isr
                0x0000000008000168                i2c2_isr
                0x0000000008000168                usart1_isr
                0x0000000008000168                usart3_4_isr
                0x0000000008000168                tim1_cc_isr
                0x0000000008000168                exti2_3_isr
                0x0000000008000168                tim16_isr
                0x0000000008000168                pvd_isr
                0x0000000008000168                rcc_isr
                0x0000000008000168                flash_isr
                0x0000000008000168                hard_fault_handler
                0x0000000008000168                tim14_isr
                0x0000000008000168                spi2_isr
                0x0000000008000168                usb_isr
                0x0000000008000168                tim15_isr
                0x0000000008000168                tim3_isr
                0x0000000008000168                usart2_isr
                0x0000000008000168                adc_comp_isr
                0x0000000008000168                dma1_channel1_isr
                0x0000000008000168                tim6_dac_isr
                0x0000000008000168                tim1_brk_up_trg_com_isr
                0x0000000008000168                exti4_15_isr
                0x0000000008000168                cec_can_isr
                0x0000000008000168                wwdg_isr
                0x0000000008000168                tim2_isr
                0x0000000008000168                exti0_1_isr
 .text.null_handler
                0x000000000800016a        0x2 /mnt/hdd/src/stm32/libopencm3-examples/libopencm3/lib/libopencm3_stm32f0.a(vector.o)
                0x000000000800016a                null_handler
                0x000000000800016a                sv_call_handler
                0x000000000800016a                pend_sv_handler
                0x000000000800016a                sys_tick_handler
                0x000000000800016a                nmi_handler
 .text.reset_handler
                0x000000000800016c       0x88 /mnt/hdd/src/stm32/libopencm3-examples/libopencm3/lib/libopencm3_stm32f0.a(vector.o)
                0x000000000800016c                reset_handler
                0x00000000080001f4                . = ALIGN (0x4)
 *(.rodata*)
                0x00000000080001f4                . = ALIGN (0x4)

.glue_7         0x00000000080001f4        0x0
 .glue_7        0x00000000080001f4        0x0 linker stubs

.glue_7t        0x00000000080001f4        0x0
 .glue_7t       0x00000000080001f4        0x0 linker stubs

.vfp11_veneer   0x00000000080001f4        0x0
 .vfp11_veneer  0x00000000080001f4        0x0 linker stubs

.v4_bx          0x00000000080001f4        0x0
 .v4_bx         0x00000000080001f4        0x0 linker stubs

.iplt           0x00000000080001f4        0x0
 .iplt          0x00000000080001f4        0x0 miniblink.o

.rel.dyn        0x00000000080001f4        0x0
 .rel.iplt      0x00000000080001f4        0x0 miniblink.o

.preinit_array  0x00000000080001f4        0x0
                0x00000000080001f4                . = ALIGN (0x4)
                0x00000000080001f4                __preinit_array_start = .
 *(.preinit_array)
                0x00000000080001f4                __preinit_array_end = .

.init_array     0x00000000080001f4        0x0
                0x00000000080001f4                . = ALIGN (0x4)
                0x00000000080001f4                __init_array_start = .
 *(SORT_BY_NAME(.init_array.*))
 *(.init_array)
                0x00000000080001f4                __init_array_end = .

.fini_array     0x00000000080001f4        0x0
                0x00000000080001f4                . = ALIGN (0x4)
                0x00000000080001f4                __fini_array_start = .
 *(.fini_array)
 *(SORT_BY_NAME(.fini_array.*))
                0x00000000080001f4                __fini_array_end = .

.ARM.extab
 *(.ARM.extab*)

.ARM.exidx      0x00000000080001f4        0x0
                0x00000000080001f4                __exidx_start = .
 *(.ARM.exidx*)
                0x00000000080001f4                __exidx_end = .
                0x00000000080001f4                . = ALIGN (0x4)
                0x00000000080001f4                _etext = .

.noinit
 *(.noinit*)
                0x00000000080001f4                . = ALIGN (0x4)

.data           0x0000000020000000        0x0 load address 0x00000000080001f4
                0x0000000020000000                _data = .
 *(.data*)
 *(.ramtext*)
                0x0000000020000000                . = ALIGN (0x4)
                0x0000000020000000                _edata = .
                0x00000000080001f4                _data_loadaddr = LOADADDR (.data)

.igot.plt       0x0000000020000000        0x0 load address 0x00000000080001f4
 .igot.plt      0x0000000020000000        0x0 miniblink.o

.bss            0x0000000020000000        0x0 load address 0x00000000080001f4
 *(.bss*)
 *(COMMON)
                0x0000000020000000                . = ALIGN (0x4)
                0x0000000020000000                _ebss = .

/DISCARD/
 *(.eh_frame)
                0x0000000020000000                . = ALIGN (0x4)
                0x0000000020000000                end = .
                0x0000000020002000                PROVIDE (_stack = (ORIGIN (ram) + LENGTH (ram)))
OUTPUT(miniblink.elf elf32-littlearm)
LOAD linker stubs

.debug_info     0x0000000000000000      0xfdb
 .debug_info    0x0000000000000000      0x305 miniblink.o
 .debug_info    0x0000000000000305      0x256 /mnt/hdd/src/stm32/libopencm3-examples/libopencm3/lib/libopencm3_stm32f0.a(gpio_common_all.o)
 .debug_info    0x000000000000055b      0x23e /mnt/hdd/src/stm32/libopencm3-examples/libopencm3/lib/libopencm3_stm32f0.a(gpio_common_f0234.o)
 .debug_info    0x0000000000000799      0x57f /mnt/hdd/src/stm32/libopencm3-examples/libopencm3/lib/libopencm3_stm32f0.a(rcc_common_all.o)
 .debug_info    0x0000000000000d18      0x2c3 /mnt/hdd/src/stm32/libopencm3-examples/libopencm3/lib/libopencm3_stm32f0.a(vector.o)

.debug_abbrev   0x0000000000000000      0x595
 .debug_abbrev  0x0000000000000000      0x100 miniblink.o
 .debug_abbrev  0x0000000000000100      0x115 /mnt/hdd/src/stm32/libopencm3-examples/libopencm3/lib/libopencm3_stm32f0.a(gpio_common_all.o)
 .debug_abbrev  0x0000000000000215       0xc3 /mnt/hdd/src/stm32/libopencm3-examples/libopencm3/lib/libopencm3_stm32f0.a(gpio_common_f0234.o)
 .debug_abbrev  0x00000000000002d8      0x174 /mnt/hdd/src/stm32/libopencm3-examples/libopencm3/lib/libopencm3_stm32f0.a(rcc_common_all.o)
 .debug_abbrev  0x000000000000044c      0x149 /mnt/hdd/src/stm32/libopencm3-examples/libopencm3/lib/libopencm3_stm32f0.a(vector.o)

.debug_loclists
                0x0000000000000000      0x364
 .debug_loclists
                0x0000000000000000       0x47 miniblink.o
 .debug_loclists
                0x0000000000000047       0x7e /mnt/hdd/src/stm32/libopencm3-examples/libopencm3/lib/libopencm3_stm32f0.a(gpio_common_all.o)
 .debug_loclists
                0x00000000000000c5      0x171 /mnt/hdd/src/stm32/libopencm3-examples/libopencm3/lib/libopencm3_stm32f0.a(gpio_common_f0234.o)
 .debug_loclists
                0x0000000000000236       0x7f /mnt/hdd/src/stm32/libopencm3-examples/libopencm3/lib/libopencm3_stm32f0.a(rcc_common_all.o)
 .debug_loclists
                0x00000000000002b5       0xaf /mnt/hdd/src/stm32/libopencm3-examples/libopencm3/lib/libopencm3_stm32f0.a(vector.o)

.debug_aranges  0x0000000000000000      0x150
 .debug_aranges
                0x0000000000000000       0x20 miniblink.o
 .debug_aranges
                0x0000000000000020       0x50 /mnt/hdd/src/stm32/libopencm3-examples/libopencm3/lib/libopencm3_stm32f0.a(gpio_common_all.o)
 .debug_aranges
                0x0000000000000070       0x30 /mnt/hdd/src/stm32/libopencm3-examples/libopencm3/lib/libopencm3_stm32f0.a(gpio_common_f0234.o)
 .debug_aranges
                0x00000000000000a0       0x80 /mnt/hdd/src/stm32/libopencm3-examples/libopencm3/lib/libopencm3_stm32f0.a(rcc_common_all.o)
 .debug_aranges
                0x0000000000000120       0x30 /mnt/hdd/src/stm32/libopencm3-examples/libopencm3/lib/libopencm3_stm32f0.a(vector.o)

.debug_rnglists
                0x0000000000000000       0xf3
 .debug_rnglists
                0x0000000000000000       0x22 miniblink.o
 .debug_rnglists
                0x0000000000000022       0x37 /mnt/hdd/src/stm32/libopencm3-examples/libopencm3/lib/libopencm3_stm32f0.a(gpio_common_all.o)
 .debug_rnglists
                0x0000000000000059       0x1f /mnt/hdd/src/stm32/libopencm3-examples/libopencm3/lib/libopencm3_stm32f0.a(gpio_common_f0234.o)
 .debug_rnglists
                0x0000000000000078       0x5b /mnt/hdd/src/stm32/libopencm3-examples/libopencm3/lib/libopencm3_stm32f0.a(rcc_common_all.o)
 .debug_rnglists
                0x00000000000000d3       0x20 /mnt/hdd/src/stm32/libopencm3-examples/libopencm3/lib/libopencm3_stm32f0.a(vector.o)

.debug_macro    0x0000000000000000     0x2244
 .debug_macro   0x0000000000000000       0xfa miniblink.o
 .debug_macro   0x00000000000000fa      0x7d2 miniblink.o
 .debug_macro   0x00000000000008cc       0x1c miniblink.o
 .debug_macro   0x00000000000008e8       0x22 miniblink.o
 .debug_macro   0x000000000000090a       0x56 miniblink.o
 .debug_macro   0x0000000000000960       0x51 miniblink.o
 .debug_macro   0x00000000000009b1      0x103 miniblink.o
 .debug_macro   0x0000000000000ab4       0x6a miniblink.o
 .debug_macro   0x0000000000000b1e      0x1df miniblink.o
 .debug_macro   0x0000000000000cfd       0x22 miniblink.o
 .debug_macro   0x0000000000000d1f       0xe8 miniblink.o
 .debug_macro   0x0000000000000e07       0x52 miniblink.o
 .debug_macro   0x0000000000000e59      0x178 miniblink.o
 .debug_macro   0x0000000000000fd1      0x780 miniblink.o
 .debug_macro   0x0000000000001751       0x76 miniblink.o
 .debug_macro   0x00000000000017c7      0x37e miniblink.o
 .debug_macro   0x0000000000001b45       0xca miniblink.o
 .debug_macro   0x0000000000001c0f       0x3a miniblink.o
 .debug_macro   0x0000000000001c49       0xd6 /mnt/hdd/src/stm32/libopencm3-examples/libopencm3/lib/libopencm3_stm32f0.a(gpio_common_all.o)
 .debug_macro   0x0000000000001d1f       0xd6 /mnt/hdd/src/stm32/libopencm3-examples/libopencm3/lib/libopencm3_stm32f0.a(gpio_common_f0234.o)
 .debug_macro   0x0000000000001df5       0xce /mnt/hdd/src/stm32/libopencm3-examples/libopencm3/lib/libopencm3_stm32f0.a(rcc_common_all.o)
 .debug_macro   0x0000000000001ec3       0xcf /mnt/hdd/src/stm32/libopencm3-examples/libopencm3/lib/libopencm3_stm32f0.a(vector.o)
 .debug_macro   0x0000000000001f92      0x19f /mnt/hdd/src/stm32/libopencm3-examples/libopencm3/lib/libopencm3_stm32f0.a(vector.o)
 .debug_macro   0x0000000000002131       0x49 /mnt/hdd/src/stm32/libopencm3-examples/libopencm3/lib/libopencm3_stm32f0.a(vector.o)
 .debug_macro   0x000000000000217a       0xca /mnt/hdd/src/stm32/libopencm3-examples/libopencm3/lib/libopencm3_stm32f0.a(vector.o)

.debug_line     0x0000000000000000     0x12ee
 .debug_line    0x0000000000000000      0x375 miniblink.o
 .debug_line    0x0000000000000375      0x378 /mnt/hdd/src/stm32/libopencm3-examples/libopencm3/lib/libopencm3_stm32f0.a(gpio_common_all.o)
 .debug_line    0x00000000000006ed      0x456 /mnt/hdd/src/stm32/libopencm3-examples/libopencm3/lib/libopencm3_stm32f0.a(gpio_common_f0234.o)
 .debug_line    0x0000000000000b43      0x425 /mnt/hdd/src/stm32/libopencm3-examples/libopencm3/lib/libopencm3_stm32f0.a(rcc_common_all.o)
 .debug_line    0x0000000000000f68      0x386 /mnt/hdd/src/stm32/libopencm3-examples/libopencm3/lib/libopencm3_stm32f0.a(vector.o)

.debug_str      0x0000000000000000     0x9245
 .debug_str     0x0000000000000000     0x7a19 miniblink.o
                                       0x7b93 (size before relaxing)
 .debug_str     0x0000000000007a19      0x157 /mnt/hdd/src/stm32/libopencm3-examples/libopencm3/lib/libopencm3_stm32f0.a(gpio_common_all.o)
                                       0x553c (size before relaxing)
 .debug_str     0x0000000000007b70       0x8a /mnt/hdd/src/stm32/libopencm3-examples/libopencm3/lib/libopencm3_stm32f0.a(gpio_common_f0234.o)
                                       0x555e (size before relaxing)
 .debug_str     0x0000000000007bfa      0x354 /mnt/hdd/src/stm32/libopencm3-examples/libopencm3/lib/libopencm3_stm32f0.a(rcc_common_all.o)
                                       0x6a1a (size before relaxing)
 .debug_str     0x0000000000007f4e     0x12f7 /mnt/hdd/src/stm32/libopencm3-examples/libopencm3/lib/libopencm3_stm32f0.a(vector.o)
                                       0x4971 (size before relaxing)

.comment        0x0000000000000000       0x33
 .comment       0x0000000000000000       0x33 miniblink.o
                                         0x34 (size before relaxing)
 .comment       0x0000000000000033       0x34 /mnt/hdd/src/stm32/libopencm3-examples/libopencm3/lib/libopencm3_stm32f0.a(gpio_common_all.o)
 .comment       0x0000000000000033       0x34 /mnt/hdd/src/stm32/libopencm3-examples/libopencm3/lib/libopencm3_stm32f0.a(gpio_common_f0234.o)
 .comment       0x0000000000000033       0x34 /mnt/hdd/src/stm32/libopencm3-examples/libopencm3/lib/libopencm3_stm32f0.a(rcc_common_all.o)
 .comment       0x0000000000000033       0x34 /mnt/hdd/src/stm32/libopencm3-examples/libopencm3/lib/libopencm3_stm32f0.a(vector.o)

.ARM.attributes
                0x0000000000000000       0x2c
 .ARM.attributes
                0x0000000000000000       0x2c miniblink.o
 .ARM.attributes
                0x000000000000002c       0x2c /mnt/hdd/src/stm32/libopencm3-examples/libopencm3/lib/libopencm3_stm32f0.a(gpio_common_all.o)
 .ARM.attributes
                0x0000000000000058       0x2c /mnt/hdd/src/stm32/libopencm3-examples/libopencm3/lib/libopencm3_stm32f0.a(gpio_common_f0234.o)
 .ARM.attributes
                0x0000000000000084       0x2c /mnt/hdd/src/stm32/libopencm3-examples/libopencm3/lib/libopencm3_stm32f0.a(rcc_common_all.o)
 .ARM.attributes
                0x00000000000000b0       0x2c /mnt/hdd/src/stm32/libopencm3-examples/libopencm3/lib/libopencm3_stm32f0.a(vector.o)

.debug_frame    0x0000000000000000      0x258
 .debug_frame   0x0000000000000000       0x28 miniblink.o
 .debug_frame   0x0000000000000028       0x80 /mnt/hdd/src/stm32/libopencm3-examples/libopencm3/lib/libopencm3_stm32f0.a(gpio_common_all.o)
 .debug_frame   0x00000000000000a8       0x78 /mnt/hdd/src/stm32/libopencm3-examples/libopencm3/lib/libopencm3_stm32f0.a(gpio_common_f0234.o)
 .debug_frame   0x0000000000000120       0xf0 /mnt/hdd/src/stm32/libopencm3-examples/libopencm3/lib/libopencm3_stm32f0.a(rcc_common_all.o)
 .debug_frame   0x0000000000000210       0x48 /mnt/hdd/src/stm32/libopencm3-examples/libopencm3/lib/libopencm3_stm32f0.a(vector.o)

Cross Reference Table

Symbol                                            File
__fini_array_end                                  /mnt/hdd/src/stm32/libopencm3-examples/libopencm3/lib/libopencm3_stm32f0.a(vector.o)
__fini_array_start                                /mnt/hdd/src/stm32/libopencm3-examples/libopencm3/lib/libopencm3_stm32f0.a(vector.o)
__init_array_end                                  /mnt/hdd/src/stm32/libopencm3-examples/libopencm3/lib/libopencm3_stm32f0.a(vector.o)
__init_array_start                                /mnt/hdd/src/stm32/libopencm3-examples/libopencm3/lib/libopencm3_stm32f0.a(vector.o)
__preinit_array_end                               /mnt/hdd/src/stm32/libopencm3-examples/libopencm3/lib/libopencm3_stm32f0.a(vector.o)
__preinit_array_start                             /mnt/hdd/src/stm32/libopencm3-examples/libopencm3/lib/libopencm3_stm32f0.a(vector.o)
_data                                             /mnt/hdd/src/stm32/libopencm3-examples/libopencm3/lib/libopencm3_stm32f0.a(vector.o)
_data_loadaddr                                    /mnt/hdd/src/stm32/libopencm3-examples/libopencm3/lib/libopencm3_stm32f0.a(vector.o)
_ebss                                             /mnt/hdd/src/stm32/libopencm3-examples/libopencm3/lib/libopencm3_stm32f0.a(vector.o)
_edata                                            /mnt/hdd/src/stm32/libopencm3-examples/libopencm3/lib/libopencm3_stm32f0.a(vector.o)
_stack                                            /mnt/hdd/src/stm32/libopencm3-examples/libopencm3/lib/libopencm3_stm32f0.a(vector.o)
adc_comp_isr                                      /mnt/hdd/src/stm32/libopencm3-examples/libopencm3/lib/libopencm3_stm32f0.a(vector.o)
blocking_handler                                  /mnt/hdd/src/stm32/libopencm3-examples/libopencm3/lib/libopencm3_stm32f0.a(vector.o)
cec_can_isr                                       /mnt/hdd/src/stm32/libopencm3-examples/libopencm3/lib/libopencm3_stm32f0.a(vector.o)
dma1_channel1_isr                                 /mnt/hdd/src/stm32/libopencm3-examples/libopencm3/lib/libopencm3_stm32f0.a(vector.o)
dma1_channel2_3_dma2_channel1_2_isr               /mnt/hdd/src/stm32/libopencm3-examples/libopencm3/lib/libopencm3_stm32f0.a(vector.o)
dma1_channel4_7_dma2_channel3_5_isr               /mnt/hdd/src/stm32/libopencm3-examples/libopencm3/lib/libopencm3_stm32f0.a(vector.o)
exti0_1_isr                                       /mnt/hdd/src/stm32/libopencm3-examples/libopencm3/lib/libopencm3_stm32f0.a(vector.o)
exti2_3_isr                                       /mnt/hdd/src/stm32/libopencm3-examples/libopencm3/lib/libopencm3_stm32f0.a(vector.o)
exti4_15_isr                                      /mnt/hdd/src/stm32/libopencm3-examples/libopencm3/lib/libopencm3_stm32f0.a(vector.o)
flash_isr                                         /mnt/hdd/src/stm32/libopencm3-examples/libopencm3/lib/libopencm3_stm32f0.a(vector.o)
gpio_clear                                        /mnt/hdd/src/stm32/libopencm3-examples/libopencm3/lib/libopencm3_stm32f0.a(gpio_common_all.o)
gpio_get                                          /mnt/hdd/src/stm32/libopencm3-examples/libopencm3/lib/libopencm3_stm32f0.a(gpio_common_all.o)
gpio_mode_setup                                   /mnt/hdd/src/stm32/libopencm3-examples/libopencm3/lib/libopencm3_stm32f0.a(gpio_common_f0234.o)
                                                  miniblink.o
gpio_port_config_lock                             /mnt/hdd/src/stm32/libopencm3-examples/libopencm3/lib/libopencm3_stm32f0.a(gpio_common_all.o)
gpio_port_read                                    /mnt/hdd/src/stm32/libopencm3-examples/libopencm3/lib/libopencm3_stm32f0.a(gpio_common_all.o)
gpio_port_write                                   /mnt/hdd/src/stm32/libopencm3-examples/libopencm3/lib/libopencm3_stm32f0.a(gpio_common_all.o)
gpio_set                                          /mnt/hdd/src/stm32/libopencm3-examples/libopencm3/lib/libopencm3_stm32f0.a(gpio_common_all.o)
gpio_set_af                                       /mnt/hdd/src/stm32/libopencm3-examples/libopencm3/lib/libopencm3_stm32f0.a(gpio_common_f0234.o)
gpio_set_output_options                           /mnt/hdd/src/stm32/libopencm3-examples/libopencm3/lib/libopencm3_stm32f0.a(gpio_common_f0234.o)
gpio_toggle                                       /mnt/hdd/src/stm32/libopencm3-examples/libopencm3/lib/libopencm3_stm32f0.a(gpio_common_all.o)
                                                  miniblink.o
hard_fault_handler                                /mnt/hdd/src/stm32/libopencm3-examples/libopencm3/lib/libopencm3_stm32f0.a(vector.o)
i2c1_isr                                          /mnt/hdd/src/stm32/libopencm3-examples/libopencm3/lib/libopencm3_stm32f0.a(vector.o)
i2c2_isr                                          /mnt/hdd/src/stm32/libopencm3-examples/libopencm3/lib/libopencm3_stm32f0.a(vector.o)
main                                              miniblink.o
                                                  /mnt/hdd/src/stm32/libopencm3-examples/libopencm3/lib/libopencm3_stm32f0.a(vector.o)
nmi_handler                                       /mnt/hdd/src/stm32/libopencm3-examples/libopencm3/lib/libopencm3_stm32f0.a(vector.o)
null_handler                                      /mnt/hdd/src/stm32/libopencm3-examples/libopencm3/lib/libopencm3_stm32f0.a(vector.o)
pend_sv_handler                                   /mnt/hdd/src/stm32/libopencm3-examples/libopencm3/lib/libopencm3_stm32f0.a(vector.o)
pvd_isr                                           /mnt/hdd/src/stm32/libopencm3-examples/libopencm3/lib/libopencm3_stm32f0.a(vector.o)
rcc_get_div_from_hpre                             /mnt/hdd/src/stm32/libopencm3-examples/libopencm3/lib/libopencm3_stm32f0.a(rcc_common_all.o)
rcc_isr                                           /mnt/hdd/src/stm32/libopencm3-examples/libopencm3/lib/libopencm3_stm32f0.a(vector.o)
rcc_osc_bypass_disable                            /mnt/hdd/src/stm32/libopencm3-examples/libopencm3/lib/libopencm3_stm32f0.a(rcc_common_all.o)
rcc_osc_bypass_enable                             /mnt/hdd/src/stm32/libopencm3-examples/libopencm3/lib/libopencm3_stm32f0.a(rcc_common_all.o)
rcc_periph_clock_disable                          /mnt/hdd/src/stm32/libopencm3-examples/libopencm3/lib/libopencm3_stm32f0.a(rcc_common_all.o)
rcc_periph_clock_enable                           /mnt/hdd/src/stm32/libopencm3-examples/libopencm3/lib/libopencm3_stm32f0.a(rcc_common_all.o)
                                                  miniblink.o
rcc_periph_reset_hold                             /mnt/hdd/src/stm32/libopencm3-examples/libopencm3/lib/libopencm3_stm32f0.a(rcc_common_all.o)
rcc_periph_reset_pulse                            /mnt/hdd/src/stm32/libopencm3-examples/libopencm3/lib/libopencm3_stm32f0.a(rcc_common_all.o)
rcc_periph_reset_release                          /mnt/hdd/src/stm32/libopencm3-examples/libopencm3/lib/libopencm3_stm32f0.a(rcc_common_all.o)
rcc_peripheral_clear_reset                        /mnt/hdd/src/stm32/libopencm3-examples/libopencm3/lib/libopencm3_stm32f0.a(rcc_common_all.o)
rcc_peripheral_disable_clock                      /mnt/hdd/src/stm32/libopencm3-examples/libopencm3/lib/libopencm3_stm32f0.a(rcc_common_all.o)
rcc_peripheral_enable_clock                       /mnt/hdd/src/stm32/libopencm3-examples/libopencm3/lib/libopencm3_stm32f0.a(rcc_common_all.o)
rcc_peripheral_reset                              /mnt/hdd/src/stm32/libopencm3-examples/libopencm3/lib/libopencm3_stm32f0.a(rcc_common_all.o)
rcc_set_mco                                       /mnt/hdd/src/stm32/libopencm3-examples/libopencm3/lib/libopencm3_stm32f0.a(rcc_common_all.o)
reset_handler                                     /mnt/hdd/src/stm32/libopencm3-examples/libopencm3/lib/libopencm3_stm32f0.a(vector.o)
rtc_isr                                           /mnt/hdd/src/stm32/libopencm3-examples/libopencm3/lib/libopencm3_stm32f0.a(vector.o)
spi1_isr                                          /mnt/hdd/src/stm32/libopencm3-examples/libopencm3/lib/libopencm3_stm32f0.a(vector.o)
spi2_isr                                          /mnt/hdd/src/stm32/libopencm3-examples/libopencm3/lib/libopencm3_stm32f0.a(vector.o)
sv_call_handler                                   /mnt/hdd/src/stm32/libopencm3-examples/libopencm3/lib/libopencm3_stm32f0.a(vector.o)
sys_tick_handler                                  /mnt/hdd/src/stm32/libopencm3-examples/libopencm3/lib/libopencm3_stm32f0.a(vector.o)
tim14_isr                                         /mnt/hdd/src/stm32/libopencm3-examples/libopencm3/lib/libopencm3_stm32f0.a(vector.o)
tim15_isr                                         /mnt/hdd/src/stm32/libopencm3-examples/libopencm3/lib/libopencm3_stm32f0.a(vector.o)
tim16_isr                                         /mnt/hdd/src/stm32/libopencm3-examples/libopencm3/lib/libopencm3_stm32f0.a(vector.o)
tim17_isr                                         /mnt/hdd/src/stm32/libopencm3-examples/libopencm3/lib/libopencm3_stm32f0.a(vector.o)
tim1_brk_up_trg_com_isr                           /mnt/hdd/src/stm32/libopencm3-examples/libopencm3/lib/libopencm3_stm32f0.a(vector.o)
tim1_cc_isr                                       /mnt/hdd/src/stm32/libopencm3-examples/libopencm3/lib/libopencm3_stm32f0.a(vector.o)
tim2_isr                                          /mnt/hdd/src/stm32/libopencm3-examples/libopencm3/lib/libopencm3_stm32f0.a(vector.o)
tim3_isr                                          /mnt/hdd/src/stm32/libopencm3-examples/libopencm3/lib/libopencm3_stm32f0.a(vector.o)
tim6_dac_isr                                      /mnt/hdd/src/stm32/libopencm3-examples/libopencm3/lib/libopencm3_stm32f0.a(vector.o)
tim7_isr                                          /mnt/hdd/src/stm32/libopencm3-examples/libopencm3/lib/libopencm3_stm32f0.a(vector.o)
tsc_isr                                           /mnt/hdd/src/stm32/libopencm3-examples/libopencm3/lib/libopencm3_stm32f0.a(vector.o)
usart1_isr                                        /mnt/hdd/src/stm32/libopencm3-examples/libopencm3/lib/libopencm3_stm32f0.a(vector.o)
usart2_isr                                        /mnt/hdd/src/stm32/libopencm3-examples/libopencm3/lib/libopencm3_stm32f0.a(vector.o)
usart3_4_isr                                      /mnt/hdd/src/stm32/libopencm3-examples/libopencm3/lib/libopencm3_stm32f0.a(vector.o)
usb_isr                                           /mnt/hdd/src/stm32/libopencm3-examples/libopencm3/lib/libopencm3_stm32f0.a(vector.o)
vector_table                                      /mnt/hdd/src/stm32/libopencm3-examples/libopencm3/lib/libopencm3_stm32f0.a(vector.o)
wwdg_isr                                          /mnt/hdd/src/stm32/libopencm3-examples/libopencm3/lib/libopencm3_stm32f0.a(vector.o)
