Archive member included to satisfy reference by file (symbol)

/mnt/hdd/src/stm32/libopencm3-examples/libopencm3/lib/libopencm3_stm32f0.a(adc.o)
                              adc.o (adc_set_operation_mode)
/mnt/hdd/src/stm32/libopencm3-examples/libopencm3/lib/libopencm3_stm32f0.a(adc_common_v2.o)
                              adc.o (adc_eoc)
/mnt/hdd/src/stm32/libopencm3-examples/libopencm3/lib/libopencm3_stm32f0.a(gpio_common_f0234.o)
                              adc.o (gpio_mode_setup)
/mnt/hdd/src/stm32/libopencm3-examples/libopencm3/lib/libopencm3_stm32f0.a(rcc_common_all.o)
                              adc.o (rcc_periph_clock_enable)
/mnt/hdd/src/stm32/libopencm3-examples/libopencm3/lib/libopencm3_stm32f0.a(usart_common_all.o)
                              adc.o (usart_set_baudrate)
/mnt/hdd/src/stm32/libopencm3-examples/libopencm3/lib/libopencm3_stm32f0.a(usart_common_v2.o)
                              /mnt/hdd/src/stm32/libopencm3-examples/libopencm3/lib/libopencm3_stm32f0.a(usart_common_all.o) (usart_send)
/mnt/hdd/src/stm32/libopencm3-examples/libopencm3/lib/libopencm3_stm32f0.a(vector.o)
                              (reset_handler)
/mnt/hdd/src/stm32/libopencm3-examples/libopencm3/lib/libopencm3_stm32f0.a(assert.o)
                              /mnt/hdd/src/stm32/libopencm3-examples/libopencm3/lib/libopencm3_stm32f0.a(adc.o) (cm3_assert_failed)
/mnt/hdd/src/stm32/libopencm3-examples/libopencm3/lib/libopencm3_stm32f0.a(rcc.o)
                              /mnt/hdd/src/stm32/libopencm3-examples/libopencm3/lib/libopencm3_stm32f0.a(usart_common_all.o) (rcc_apb1_frequency)
/mnt/hdd/src/stm32/libopencm3-examples/libopencm3/lib/libopencm3_stm32f0.a(flash_common_all.o)
                              /mnt/hdd/src/stm32/libopencm3-examples/libopencm3/lib/libopencm3_stm32f0.a(rcc.o) (flash_prefetch_enable)
/usr/lib/gcc/arm-none-eabi/12/../../../../arm-none-eabi/lib/thumb/v6-m/nofp/libc.a(libc_a-stack_protector.o)
                              adc.o (__stack_chk_guard)
/usr/lib/gcc/arm-none-eabi/12/../../../../arm-none-eabi/lib/thumb/v6-m/nofp/libc.a(libc_a-strlen-stub.o)
                              /usr/lib/gcc/arm-none-eabi/12/../../../../arm-none-eabi/lib/thumb/v6-m/nofp/libc.a(libc_a-stack_protector.o) (strlen)
/usr/lib/gcc/arm-none-eabi/12/../../../../arm-none-eabi/lib/thumb/v6-m/nofp/libc.a(libc_a-signal.o)
                              /usr/lib/gcc/arm-none-eabi/12/../../../../arm-none-eabi/lib/thumb/v6-m/nofp/libc.a(libc_a-stack_protector.o) (raise)
/usr/lib/gcc/arm-none-eabi/12/../../../../arm-none-eabi/lib/thumb/v6-m/nofp/libc.a(libc_a-impure.o)
                              /usr/lib/gcc/arm-none-eabi/12/../../../../arm-none-eabi/lib/thumb/v6-m/nofp/libc.a(libc_a-signal.o) (_impure_ptr)
/usr/lib/gcc/arm-none-eabi/12/../../../../arm-none-eabi/lib/thumb/v6-m/nofp/libc.a(libc_a-signalr.o)
                              /usr/lib/gcc/arm-none-eabi/12/../../../../arm-none-eabi/lib/thumb/v6-m/nofp/libc.a(libc_a-signal.o) (_kill_r)
/usr/lib/gcc/arm-none-eabi/12/../../../../arm-none-eabi/lib/thumb/v6-m/nofp/libc.a(libc_a-syswrite.o)
                              /usr/lib/gcc/arm-none-eabi/12/../../../../arm-none-eabi/lib/thumb/v6-m/nofp/libc.a(libc_a-stack_protector.o) (write)
/usr/lib/gcc/arm-none-eabi/12/../../../../arm-none-eabi/lib/thumb/v6-m/nofp/libc.a(libc_a-mallocr.o)
                              /usr/lib/gcc/arm-none-eabi/12/../../../../arm-none-eabi/lib/thumb/v6-m/nofp/libc.a(libc_a-signal.o) (_malloc_r)
/usr/lib/gcc/arm-none-eabi/12/../../../../arm-none-eabi/lib/thumb/v6-m/nofp/libc.a(libc_a-mlock.o)
                              /usr/lib/gcc/arm-none-eabi/12/../../../../arm-none-eabi/lib/thumb/v6-m/nofp/libc.a(libc_a-mallocr.o) (__malloc_lock)
/usr/lib/gcc/arm-none-eabi/12/../../../../arm-none-eabi/lib/thumb/v6-m/nofp/libc.a(libc_a-findfp.o)
                              /usr/lib/gcc/arm-none-eabi/12/../../../../arm-none-eabi/lib/thumb/v6-m/nofp/libc.a(libc_a-impure.o) (__sf)
/usr/lib/gcc/arm-none-eabi/12/../../../../arm-none-eabi/lib/thumb/v6-m/nofp/libc.a(libc_a-fwalk.o)
                              /usr/lib/gcc/arm-none-eabi/12/../../../../arm-none-eabi/lib/thumb/v6-m/nofp/libc.a(libc_a-findfp.o) (_fwalk_sglue)
/usr/lib/gcc/arm-none-eabi/12/../../../../arm-none-eabi/lib/thumb/v6-m/nofp/libc.a(libc_a-stdio.o)
                              /usr/lib/gcc/arm-none-eabi/12/../../../../arm-none-eabi/lib/thumb/v6-m/nofp/libc.a(libc_a-findfp.o) (__sread)
/usr/lib/gcc/arm-none-eabi/12/../../../../arm-none-eabi/lib/thumb/v6-m/nofp/libc.a(libc_a-memset.o)
                              /usr/lib/gcc/arm-none-eabi/12/../../../../arm-none-eabi/lib/thumb/v6-m/nofp/libc.a(libc_a-findfp.o) (memset)
/usr/lib/gcc/arm-none-eabi/12/../../../../arm-none-eabi/lib/thumb/v6-m/nofp/libc.a(libc_a-closer.o)
                              /usr/lib/gcc/arm-none-eabi/12/../../../../arm-none-eabi/lib/thumb/v6-m/nofp/libc.a(libc_a-stdio.o) (_close_r)
[...]
Memory Configuration

Name             Origin             Length             Attributes
rom              0x0000000008000000 0x0000000000010000 xr
ram              0x0000000020000000 0x0000000000002000 xrw
*default*        0x0000000000000000 0xffffffffffffffff

Linker script and memory map

LOAD adc.o
LOAD /mnt/hdd/src/stm32/libopencm3-examples/libopencm3/lib/libopencm3_stm32f0.a
START GROUP
LOAD /usr/lib/gcc/arm-none-eabi/12/../../../../arm-none-eabi/lib/thumb/v6-m/nofp/libc.a
LOAD /usr/lib/gcc/arm-none-eabi/12/thumb/v6-m/nofp/libgcc.a
LOAD /usr/lib/gcc/arm-none-eabi/12/../../../../arm-none-eabi/lib/thumb/v6-m/nofp/libnosys.a
END GROUP
START GROUP
LOAD /usr/lib/gcc/arm-none-eabi/12/thumb/v6-m/nofp/libgcc.a
LOAD /usr/lib/gcc/arm-none-eabi/12/../../../../arm-none-eabi/lib/thumb/v6-m/nofp/libg.a
LOAD /usr/lib/gcc/arm-none-eabi/12/../../../../arm-none-eabi/lib/thumb/v6-m/nofp/libc.a
END GROUP

.text           0x0000000008000000      0x914
 *(.vectors)
 .vectors       0x0000000008000000       0xc0 /mnt/hdd/src/stm32/libopencm3-examples/libopencm3/lib/libopencm3_stm32f0.a(vector.o)
                0x0000000008000000                vector_table
 *(.text*)
 .text.startup.main
                0x00000000080000c0      0x1b4 adc.o
                0x00000000080000c0                main
 .text.adc_set_operation_mode
                0x0000000008000274       0x44 /mnt/hdd/src/stm32/libopencm3-examples/libopencm3/lib/libopencm3_stm32f0.a(adc.o)
                0x0000000008000274                adc_set_operation_mode
 .text.adc_disable_external_trigger_regular
                0x00000000080002b8       0x10 /mnt/hdd/src/stm32/libopencm3-examples/libopencm3/lib/libopencm3_stm32f0.a(adc.o)
                0x00000000080002b8                adc_disable_external_trigger_regular
 .text.adc_set_clk_source
                0x00000000080002c8        0xc /mnt/hdd/src/stm32/libopencm3-examples/libopencm3/lib/libopencm3_stm32f0.a(adc.o)
                0x00000000080002c8                adc_set_clk_source
 .text.adc_set_regular_sequence
                0x00000000080002d4       0x6c /mnt/hdd/src/stm32/libopencm3-examples/libopencm3/lib/libopencm3_stm32f0.a(adc.o)
                0x00000000080002d4                adc_set_regular_sequence
 .text.adc_set_sample_time_on_all_channels
                0x0000000008000340        0x8 /mnt/hdd/src/stm32/libopencm3-examples/libopencm3/lib/libopencm3_stm32f0.a(adc.o)
                0x0000000008000340                adc_set_sample_time_on_all_channels
 .text.adc_disable_analog_watchdog
                0x0000000008000348       0x10 /mnt/hdd/src/stm32/libopencm3-examples/libopencm3/lib/libopencm3_stm32f0.a(adc.o)
                0x0000000008000348                adc_disable_analog_watchdog
 .text.adc_eoc  0x0000000008000358        0x8 /mnt/hdd/src/stm32/libopencm3-examples/libopencm3/lib/libopencm3_stm32f0.a(adc_common_v2.o)
                0x0000000008000358                adc_eoc
 .text.adc_power_on_async
                0x0000000008000360        0xa /mnt/hdd/src/stm32/libopencm3-examples/libopencm3/lib/libopencm3_stm32f0.a(adc_common_v2.o)
                0x0000000008000360                adc_power_on_async
 .text.adc_power_on
                0x000000000800036a       0x12 /mnt/hdd/src/stm32/libopencm3-examples/libopencm3/lib/libopencm3_stm32f0.a(adc_common_v2.o)
                0x000000000800036a                adc_power_on
 .text.adc_is_power_off
                0x000000000800037c        0x8 /mnt/hdd/src/stm32/libopencm3-examples/libopencm3/lib/libopencm3_stm32f0.a(adc_common_v2.o)
                0x000000000800037c                adc_is_power_off
 .text.adc_power_off_async
                0x0000000008000384       0x30 /mnt/hdd/src/stm32/libopencm3-examples/libopencm3/lib/libopencm3_stm32f0.a(adc_common_v2.o)
                0x0000000008000384                adc_power_off_async
 .text.adc_power_off
                0x00000000080003b4       0x14 /mnt/hdd/src/stm32/libopencm3-examples/libopencm3/lib/libopencm3_stm32f0.a(adc_common_v2.o)
                0x00000000080003b4                adc_power_off
 .text.adc_calibrate_async
                0x00000000080003c8        0xc /mnt/hdd/src/stm32/libopencm3-examples/libopencm3/lib/libopencm3_stm32f0.a(adc_common_v2.o)
                0x00000000080003c8                adc_calibrate_async
 .text.adc_calibrate
                0x00000000080003d4       0x10 /mnt/hdd/src/stm32/libopencm3-examples/libopencm3/lib/libopencm3_stm32f0.a(adc_common_v2.o)
                0x00000000080003d4                adc_calibrate
 .text.adc_set_resolution
                0x00000000080003e4        0xc /mnt/hdd/src/stm32/libopencm3-examples/libopencm3/lib/libopencm3_stm32f0.a(adc_common_v2.o)
                0x00000000080003e4                adc_set_resolution
 .text.adc_set_right_aligned
                0x00000000080003f0        0xa /mnt/hdd/src/stm32/libopencm3-examples/libopencm3/lib/libopencm3_stm32f0.a(adc_common_v2.o)
                0x00000000080003f0                adc_set_right_aligned
 .text.adc_read_regular
                0x00000000080003fa        0x4 /mnt/hdd/src/stm32/libopencm3-examples/libopencm3/lib/libopencm3_stm32f0.a(adc_common_v2.o)
                0x00000000080003fa                adc_read_regular
 *fill*         0x00000000080003fe        0x2 
 .text.adc_enable_temperature_sensor
                0x0000000008000400       0x14 /mnt/hdd/src/stm32/libopencm3-examples/libopencm3/lib/libopencm3_stm32f0.a(adc_common_v2.o)
                0x0000000008000400                adc_enable_temperature_sensor
 .text.adc_start_conversion_regular
                0x0000000008000414        0xa /mnt/hdd/src/stm32/libopencm3-examples/libopencm3/lib/libopencm3_stm32f0.a(adc_common_v2.o)
                0x0000000008000414                adc_start_conversion_regular
 .text.gpio_mode_setup
                0x000000000800041e       0x40 /mnt/hdd/src/stm32/libopencm3-examples/libopencm3/lib/libopencm3_stm32f0.a(gpio_common_f0234.o)
                0x000000000800041e                gpio_mode_setup
 .text.gpio_set_af
                0x000000000800045e       0x58 /mnt/hdd/src/stm32/libopencm3-examples/libopencm3/lib/libopencm3_stm32f0.a(gpio_common_f0234.o)
                0x000000000800045e                gpio_set_af
 *fill*         0x00000000080004b6        0x2 
 .text.rcc_periph_clock_enable
                0x00000000080004b8       0x1c /mnt/hdd/src/stm32/libopencm3-examples/libopencm3/lib/libopencm3_stm32f0.a(rcc_common_all.o)
                0x00000000080004b8                rcc_periph_clock_enable
 .text.usart_set_baudrate
                0x00000000080004d4       0x18 /mnt/hdd/src/stm32/libopencm3-examples/libopencm3/lib/libopencm3_stm32f0.a(usart_common_all.o)
                0x00000000080004d4                usart_set_baudrate
 .text.usart_set_databits
                0x00000000080004ec       0x1c /mnt/hdd/src/stm32/libopencm3-examples/libopencm3/lib/libopencm3_stm32f0.a(usart_common_all.o)
                0x00000000080004ec                usart_set_databits
 .text.usart_set_stopbits
                0x0000000008000508       0x10 /mnt/hdd/src/stm32/libopencm3-examples/libopencm3/lib/libopencm3_stm32f0.a(usart_common_all.o)
                0x0000000008000508                usart_set_stopbits
 .text.usart_set_parity
                0x0000000008000518       0x10 /mnt/hdd/src/stm32/libopencm3-examples/libopencm3/lib/libopencm3_stm32f0.a(usart_common_all.o)
                0x0000000008000518                usart_set_parity
 .text.usart_set_mode
                0x0000000008000528        0xc /mnt/hdd/src/stm32/libopencm3-examples/libopencm3/lib/libopencm3_stm32f0.a(usart_common_all.o)
                0x0000000008000528                usart_set_mode
 .text.usart_set_flow_control
                0x0000000008000534       0x10 /mnt/hdd/src/stm32/libopencm3-examples/libopencm3/lib/libopencm3_stm32f0.a(usart_common_all.o)
                0x0000000008000534                usart_set_flow_control
 .text.usart_enable
                0x0000000008000544        0xa /mnt/hdd/src/stm32/libopencm3-examples/libopencm3/lib/libopencm3_stm32f0.a(usart_common_all.o)
                0x0000000008000544                usart_enable
 .text.usart_send_blocking
                0x000000000800054e       0x14 /mnt/hdd/src/stm32/libopencm3-examples/libopencm3/lib/libopencm3_stm32f0.a(usart_common_all.o)
                0x000000000800054e                usart_send_blocking
 .text.usart_send
                0x0000000008000562        0x8 /mnt/hdd/src/stm32/libopencm3-examples/libopencm3/lib/libopencm3_stm32f0.a(usart_common_v2.o)
                0x0000000008000562                usart_send
 .text.usart_wait_send_ready
                0x000000000800056a        0xa /mnt/hdd/src/stm32/libopencm3-examples/libopencm3/lib/libopencm3_stm32f0.a(usart_common_v2.o)
                0x000000000800056a                usart_wait_send_ready
 .text.blocking_handler
                0x0000000008000574        0x2 /mnt/hdd/src/stm32/libopencm3-examples/libopencm3/lib/libopencm3_stm32f0.a(vector.o)
                0x0000000008000574                dma1_channel2_3_dma2_channel1_2_isr
                0x0000000008000574                rtc_isr
                0x0000000008000574                tim7_isr
                0x0000000008000574                dma1_channel4_7_dma2_channel3_5_isr
                0x0000000008000574                blocking_handler
                0x0000000008000574                tsc_isr
                0x0000000008000574                spi1_isr
                0x0000000008000574                i2c1_isr
                0x0000000008000574                tim17_isr
                0x0000000008000574                i2c2_isr
                0x0000000008000574                usart1_isr
                0x0000000008000574                usart3_4_isr
                0x0000000008000574                tim1_cc_isr
                0x0000000008000574                exti2_3_isr
                0x0000000008000574                tim16_isr
                0x0000000008000574                pvd_isr
                0x0000000008000574                rcc_isr
                0x0000000008000574                flash_isr
                0x0000000008000574                hard_fault_handler
                0x0000000008000574                tim14_isr
                0x0000000008000574                spi2_isr
                0x0000000008000574                usb_isr
                0x0000000008000574                tim15_isr
                0x0000000008000574                tim3_isr
                0x0000000008000574                usart2_isr
                0x0000000008000574                adc_comp_isr
                0x0000000008000574                dma1_channel1_isr
                0x0000000008000574                tim6_dac_isr
                0x0000000008000574                tim1_brk_up_trg_com_isr
                0x0000000008000574                exti4_15_isr
                0x0000000008000574                cec_can_isr
                0x0000000008000574                wwdg_isr
                0x0000000008000574                tim2_isr
                0x0000000008000574                exti0_1_isr
 .text.null_handler
                0x0000000008000576        0x2 /mnt/hdd/src/stm32/libopencm3-examples/libopencm3/lib/libopencm3_stm32f0.a(vector.o)
                0x0000000008000576                null_handler
                0x0000000008000576                sv_call_handler
                0x0000000008000576                pend_sv_handler
                0x0000000008000576                sys_tick_handler
                0x0000000008000576                nmi_handler
 .text.reset_handler
                0x0000000008000578       0x88 /mnt/hdd/src/stm32/libopencm3-examples/libopencm3/lib/libopencm3_stm32f0.a(vector.o)
                0x0000000008000578                reset_handler
 .text.cm3_assert_failed
                0x0000000008000600        0x2 /mnt/hdd/src/stm32/libopencm3-examples/libopencm3/lib/libopencm3_stm32f0.a(assert.o)
                0x0000000008000600                cm3_assert_failed
 *fill*         0x0000000008000602        0x2 
 .text.startup.__stack_chk_init
                0x0000000008000604       0x18 /usr/lib/gcc/arm-none-eabi/12/../../../../arm-none-eabi/lib/thumb/v6-m/nofp/libc.a(libc_a-stack_protector.o)
                0x0000000008000604                __stack_chk_init
 .text          0x000000000800061c      0x114 /usr/lib/gcc/arm-none-eabi/12/thumb/v6-m/nofp/libgcc.a(_udivsi3.o)
                0x000000000800061c                __udivsi3
                0x000000000800061c                __aeabi_uidiv
                0x0000000008000728                __aeabi_uidivmod
 .text          0x0000000008000730      0x1d4 /usr/lib/gcc/arm-none-eabi/12/thumb/v6-m/nofp/libgcc.a(_divsi3.o)
                0x0000000008000730                __aeabi_idiv
                0x0000000008000730                __divsi3
                0x00000000080008fc                __aeabi_idivmod
 .text          0x0000000008000904        0x4 /usr/lib/gcc/arm-none-eabi/12/thumb/v6-m/nofp/libgcc.a(_dvmd_tls.o)
                0x0000000008000904                __aeabi_ldiv0
                0x0000000008000904                __aeabi_idiv0
                0x0000000008000908                . = ALIGN (0x4)
 *(.rodata*)
 .rodata.main.str1.1
                0x0000000008000908        0xb adc.o
                0x0000000008000914                . = ALIGN (0x4)
 *fill*         0x0000000008000913        0x1 

.glue_7         0x0000000008000914        0x0
 .glue_7        0x0000000008000914        0x0 linker stubs

.glue_7t        0x0000000008000914        0x0
 .glue_7t       0x0000000008000914        0x0 linker stubs

.vfp11_veneer   0x0000000008000914        0x0
 .vfp11_veneer  0x0000000008000914        0x0 linker stubs

.v4_bx          0x0000000008000914        0x0
 .v4_bx         0x0000000008000914        0x0 linker stubs

.iplt           0x0000000008000914        0x0
 .iplt          0x0000000008000914        0x0 adc.o

.rel.dyn        0x0000000008000914        0x0
 .rel.iplt      0x0000000008000914        0x0 adc.o

.preinit_array  0x0000000008000914        0x0
                0x0000000008000914                . = ALIGN (0x4)
                0x0000000008000914                __preinit_array_start = .
 *(.preinit_array)
                0x0000000008000914                __preinit_array_end = .

.init_array     0x0000000008000914        0x4
                0x0000000008000914                . = ALIGN (0x4)
                0x0000000008000914                __init_array_start = .
 *(SORT_BY_NAME(.init_array.*))
 *(.init_array)
 .init_array    0x0000000008000914        0x4 /usr/lib/gcc/arm-none-eabi/12/../../../../arm-none-eabi/lib/thumb/v6-m/nofp/libc.a(libc_a-stack_protector.o)
                0x0000000008000918                __init_array_end = .

.fini_array     0x0000000008000918        0x0
                0x0000000008000918                . = ALIGN (0x4)
                0x0000000008000918                __fini_array_start = .
 *(.fini_array)
 *(SORT_BY_NAME(.fini_array.*))
                0x0000000008000918                __fini_array_end = .

.ARM.extab
 *(.ARM.extab*)

.ARM.exidx      0x0000000008000918        0x0
                0x0000000008000918                __exidx_start = .
 *(.ARM.exidx*)
                0x0000000008000918                __exidx_end = .
                0x0000000008000918                . = ALIGN (0x4)
                0x0000000008000918                _etext = .

.noinit
 *(.noinit*)
                0x0000000008000918                . = ALIGN (0x4)

.data           0x0000000020000000        0x8 load address 0x0000000008000918
                0x0000000020000000                _data = .
 *(.data*)
 .data.channel_array
                0x0000000020000000        0x3 adc.o
                0x0000000020000000                channel_array
 *fill*         0x0000000020000003        0x1 
 .data.rcc_apb1_frequency
                0x0000000020000004        0x4 /mnt/hdd/src/stm32/libopencm3-examples/libopencm3/lib/libopencm3_stm32f0.a(rcc.o)
                0x0000000020000004                rcc_apb1_frequency
 *(.ramtext*)
                0x0000000020000008                . = ALIGN (0x4)
                0x0000000020000008                _edata = .
                0x0000000008000918                _data_loadaddr = LOADADDR (.data)

.igot.plt       0x0000000020000008        0x0 load address 0x0000000008000920
 .igot.plt      0x0000000020000008        0x0 adc.o

.bss            0x0000000020000008        0x4 load address 0x0000000008000920
 *(.bss*)
 .bss.__stack_chk_guard
                0x0000000020000008        0x4 /usr/lib/gcc/arm-none-eabi/12/../../../../arm-none-eabi/lib/thumb/v6-m/nofp/libc.a(libc_a-stack_protector.o)
                0x0000000020000008                __stack_chk_guard
 *(COMMON)
                0x000000002000000c                . = ALIGN (0x4)
                0x000000002000000c                _ebss = .

/DISCARD/
 *(.eh_frame)
                0x000000002000000c                . = ALIGN (0x4)
                0x000000002000000c                end = .
                0x0000000020002000                PROVIDE (_stack = (ORIGIN (ram) + LENGTH (ram)))
OUTPUT(adc.elf elf32-littlearm)
LOAD linker stubs

.debug_info     0x0000000000000000     0x33f3
 .debug_info    0x0000000000000000      0x9cd adc.o
 .debug_info    0x00000000000009cd      0x56d /mnt/hdd/src/stm32/libopencm3-examples/libopencm3/lib/libopencm3_stm32f0.a(adc.o)
 .debug_info    0x0000000000000f3a      0x693 /mnt/hdd/src/stm32/libopencm3-examples/libopencm3/lib/libopencm3_stm32f0.a(adc_common_v2.o)
 .debug_info    0x00000000000015cd      0x23e /mnt/hdd/src/stm32/libopencm3-examples/libopencm3/lib/libopencm3_stm32f0.a(gpio_common_f0234.o)
 .debug_info    0x000000000000180b      0x57f /mnt/hdd/src/stm32/libopencm3-examples/libopencm3/lib/libopencm3_stm32f0.a(rcc_common_all.o)
 .debug_info    0x0000000000001d8a      0x57e /mnt/hdd/src/stm32/libopencm3-examples/libopencm3/lib/libopencm3_stm32f0.a(usart_common_all.o)
 .debug_info    0x0000000000002308      0x370 /mnt/hdd/src/stm32/libopencm3-examples/libopencm3/lib/libopencm3_stm32f0.a(usart_common_v2.o)
 .debug_info    0x0000000000002678      0x2c3 /mnt/hdd/src/stm32/libopencm3-examples/libopencm3/lib/libopencm3_stm32f0.a(vector.o)
 .debug_info    0x000000000000293b      0x101 /mnt/hdd/src/stm32/libopencm3-examples/libopencm3/lib/libopencm3_stm32f0.a(assert.o)
 .debug_info    0x0000000000002a3c      0x949 /mnt/hdd/src/stm32/libopencm3-examples/libopencm3/lib/libopencm3_stm32f0.a(rcc.o)
 .debug_info    0x0000000000003385       0x25 /usr/lib/gcc/arm-none-eabi/12/thumb/v6-m/nofp/libgcc.a(_udivsi3.o)
 .debug_info    0x00000000000033aa       0x25 /usr/lib/gcc/arm-none-eabi/12/thumb/v6-m/nofp/libgcc.a(_divsi3.o)
 .debug_info    0x00000000000033cf       0x24 /usr/lib/gcc/arm-none-eabi/12/thumb/v6-m/nofp/libgcc.a(_dvmd_tls.o)

.debug_abbrev   0x0000000000000000     0x100d
 .debug_abbrev  0x0000000000000000      0x231 adc.o
 .debug_abbrev  0x0000000000000231      0x1eb /mnt/hdd/src/stm32/libopencm3-examples/libopencm3/lib/libopencm3_stm32f0.a(adc.o)
 .debug_abbrev  0x000000000000041c      0x208 /mnt/hdd/src/stm32/libopencm3-examples/libopencm3/lib/libopencm3_stm32f0.a(adc_common_v2.o)
 .debug_abbrev  0x0000000000000624       0xc3 /mnt/hdd/src/stm32/libopencm3-examples/libopencm3/lib/libopencm3_stm32f0.a(gpio_common_f0234.o)
 .debug_abbrev  0x00000000000006e7      0x174 /mnt/hdd/src/stm32/libopencm3-examples/libopencm3/lib/libopencm3_stm32f0.a(rcc_common_all.o)
 .debug_abbrev  0x000000000000085b      0x15c /mnt/hdd/src/stm32/libopencm3-examples/libopencm3/lib/libopencm3_stm32f0.a(usart_common_all.o)
 .debug_abbrev  0x00000000000009b7      0x12d /mnt/hdd/src/stm32/libopencm3-examples/libopencm3/lib/libopencm3_stm32f0.a(usart_common_v2.o)
 .debug_abbrev  0x0000000000000ae4      0x149 /mnt/hdd/src/stm32/libopencm3-examples/libopencm3/lib/libopencm3_stm32f0.a(vector.o)
 .debug_abbrev  0x0000000000000c2d       0x94 /mnt/hdd/src/stm32/libopencm3-examples/libopencm3/lib/libopencm3_stm32f0.a(assert.o)
 .debug_abbrev  0x0000000000000cc1      0x310 /mnt/hdd/src/stm32/libopencm3-examples/libopencm3/lib/libopencm3_stm32f0.a(rcc.o)
 .debug_abbrev  0x0000000000000fd1       0x14 /usr/lib/gcc/arm-none-eabi/12/thumb/v6-m/nofp/libgcc.a(_udivsi3.o)
 .debug_abbrev  0x0000000000000fe5       0x14 /usr/lib/gcc/arm-none-eabi/12/thumb/v6-m/nofp/libgcc.a(_divsi3.o)
 .debug_abbrev  0x0000000000000ff9       0x14 /usr/lib/gcc/arm-none-eabi/12/thumb/v6-m/nofp/libgcc.a(_dvmd_tls.o)

.debug_loclists
                0x0000000000000000      0xb1d
 .debug_loclists
                0x0000000000000000      0x147 adc.o
 .debug_loclists
                0x0000000000000147      0x1d4 /mnt/hdd/src/stm32/libopencm3-examples/libopencm3/lib/libopencm3_stm32f0.a(adc.o)
 .debug_loclists
                0x000000000000031b      0x15e /mnt/hdd/src/stm32/libopencm3-examples/libopencm3/lib/libopencm3_stm32f0.a(adc_common_v2.o)
 .debug_loclists
                0x0000000000000479      0x171 /mnt/hdd/src/stm32/libopencm3-examples/libopencm3/lib/libopencm3_stm32f0.a(gpio_common_f0234.o)
 .debug_loclists
                0x00000000000005ea       0x7f /mnt/hdd/src/stm32/libopencm3-examples/libopencm3/lib/libopencm3_stm32f0.a(rcc_common_all.o)
 .debug_loclists
                0x0000000000000669       0xf9 /mnt/hdd/src/stm32/libopencm3-examples/libopencm3/lib/libopencm3_stm32f0.a(usart_common_all.o)
 .debug_loclists
                0x0000000000000762       0x93 /mnt/hdd/src/stm32/libopencm3-examples/libopencm3/lib/libopencm3_stm32f0.a(usart_common_v2.o)
 .debug_loclists
                0x00000000000007f5       0xaf /mnt/hdd/src/stm32/libopencm3-examples/libopencm3/lib/libopencm3_stm32f0.a(vector.o)
 .debug_loclists
                0x00000000000008a4       0x68 /mnt/hdd/src/stm32/libopencm3-examples/libopencm3/lib/libopencm3_stm32f0.a(assert.o)
 .debug_loclists
                0x000000000000090c      0x211 /mnt/hdd/src/stm32/libopencm3-examples/libopencm3/lib/libopencm3_stm32f0.a(rcc.o)

.debug_aranges  0x0000000000000000      0x648
 .debug_aranges
                0x0000000000000000       0x20 adc.o
 .debug_aranges
                0x0000000000000020       0xe0 /mnt/hdd/src/stm32/libopencm3-examples/libopencm3/lib/libopencm3_stm32f0.a(adc.o)
 .debug_aranges
                0x0000000000000100      0x128 /mnt/hdd/src/stm32/libopencm3-examples/libopencm3/lib/libopencm3_stm32f0.a(adc_common_v2.o)
 .debug_aranges
                0x0000000000000228       0x30 /mnt/hdd/src/stm32/libopencm3-examples/libopencm3/lib/libopencm3_stm32f0.a(gpio_common_f0234.o)
 .debug_aranges
                0x0000000000000258       0x80 /mnt/hdd/src/stm32/libopencm3-examples/libopencm3/lib/libopencm3_stm32f0.a(rcc_common_all.o)
 .debug_aranges
                0x00000000000002d8       0xd8 /mnt/hdd/src/stm32/libopencm3-examples/libopencm3/lib/libopencm3_stm32f0.a(usart_common_all.o)
 .debug_aranges
                0x00000000000003b0       0xa8 /mnt/hdd/src/stm32/libopencm3-examples/libopencm3/lib/libopencm3_stm32f0.a(usart_common_v2.o)
 .debug_aranges
                0x0000000000000458       0x30 /mnt/hdd/src/stm32/libopencm3-examples/libopencm3/lib/libopencm3_stm32f0.a(vector.o)
 .debug_aranges
                0x0000000000000488       0x28 /mnt/hdd/src/stm32/libopencm3-examples/libopencm3/lib/libopencm3_stm32f0.a(assert.o)
 .debug_aranges
                0x00000000000004b0      0x138 /mnt/hdd/src/stm32/libopencm3-examples/libopencm3/lib/libopencm3_stm32f0.a(rcc.o)
 .debug_aranges
                0x00000000000005e8       0x20 /usr/lib/gcc/arm-none-eabi/12/thumb/v6-m/nofp/libgcc.a(_udivsi3.o)
 .debug_aranges
                0x0000000000000608       0x20 /usr/lib/gcc/arm-none-eabi/12/thumb/v6-m/nofp/libgcc.a(_divsi3.o)
 .debug_aranges
                0x0000000000000628       0x20 /usr/lib/gcc/arm-none-eabi/12/thumb/v6-m/nofp/libgcc.a(_dvmd_tls.o)

.debug_rnglists
                0x0000000000000000      0x48e
 .debug_rnglists
                0x0000000000000000       0x46 adc.o
 .debug_rnglists
                0x0000000000000046       0xa3 /mnt/hdd/src/stm32/libopencm3-examples/libopencm3/lib/libopencm3_stm32f0.a(adc.o)
 .debug_rnglists
                0x00000000000000e9       0xe5 /mnt/hdd/src/stm32/libopencm3-examples/libopencm3/lib/libopencm3_stm32f0.a(adc_common_v2.o)
 .debug_rnglists
                0x00000000000001ce       0x1f /mnt/hdd/src/stm32/libopencm3-examples/libopencm3/lib/libopencm3_stm32f0.a(gpio_common_f0234.o)
 .debug_rnglists
                0x00000000000001ed       0x5b /mnt/hdd/src/stm32/libopencm3-examples/libopencm3/lib/libopencm3_stm32f0.a(rcc_common_all.o)
 .debug_rnglists
                0x0000000000000248       0x9d /mnt/hdd/src/stm32/libopencm3-examples/libopencm3/lib/libopencm3_stm32f0.a(usart_common_all.o)
 .debug_rnglists
                0x00000000000002e5       0x79 /mnt/hdd/src/stm32/libopencm3-examples/libopencm3/lib/libopencm3_stm32f0.a(usart_common_v2.o)
 .debug_rnglists
                0x000000000000035e       0x20 /mnt/hdd/src/stm32/libopencm3-examples/libopencm3/lib/libopencm3_stm32f0.a(vector.o)
 .debug_rnglists
                0x000000000000037e       0x19 /mnt/hdd/src/stm32/libopencm3-examples/libopencm3/lib/libopencm3_stm32f0.a(assert.o)
 .debug_rnglists
                0x0000000000000397       0xf7 /mnt/hdd/src/stm32/libopencm3-examples/libopencm3/lib/libopencm3_stm32f0.a(rcc.o)

.debug_macro    0x0000000000000000     0x3603
 .debug_macro   0x0000000000000000      0x138 adc.o
 .debug_macro   0x0000000000000138      0x7d2 adc.o
 .debug_macro   0x000000000000090a       0x1c adc.o
 .debug_macro   0x0000000000000926       0x22 adc.o
 .debug_macro   0x0000000000000948       0x56 adc.o
 .debug_macro   0x000000000000099e       0x51 adc.o
 .debug_macro   0x00000000000009ef      0x103 adc.o
 .debug_macro   0x0000000000000af2       0x6a adc.o
 .debug_macro   0x0000000000000b5c      0x1df adc.o
 .debug_macro   0x0000000000000d3b       0x22 adc.o
 .debug_macro   0x0000000000000d5d       0xe8 adc.o
 .debug_macro   0x0000000000000e45       0x52 adc.o
 .debug_macro   0x0000000000000e97      0x178 adc.o
 .debug_macro   0x000000000000100f      0x780 adc.o
 .debug_macro   0x000000000000178f      0x190 adc.o
 .debug_macro   0x000000000000191f       0x28 adc.o
 .debug_macro   0x0000000000001947      0x14c adc.o
 .debug_macro   0x0000000000001a93       0x94 adc.o
 .debug_macro   0x0000000000001b27      0x514 adc.o
 .debug_macro   0x000000000000203b       0x34 adc.o
 .debug_macro   0x000000000000206f       0x76 adc.o
 .debug_macro   0x00000000000020e5      0x37e adc.o
 .debug_macro   0x0000000000002463       0xca adc.o
 .debug_macro   0x000000000000252d       0x3a adc.o
 .debug_macro   0x0000000000002567       0xd0 /mnt/hdd/src/stm32/libopencm3-examples/libopencm3/lib/libopencm3_stm32f0.a(adc.o)
 .debug_macro   0x0000000000002637       0x16 /mnt/hdd/src/stm32/libopencm3-examples/libopencm3/lib/libopencm3_stm32f0.a(adc.o)
 .debug_macro   0x000000000000264d       0xc1 /mnt/hdd/src/stm32/libopencm3-examples/libopencm3/lib/libopencm3_stm32f0.a(adc_common_v2.o)
 .debug_macro   0x000000000000270e       0xd6 /mnt/hdd/src/stm32/libopencm3-examples/libopencm3/lib/libopencm3_stm32f0.a(gpio_common_f0234.o)
 .debug_macro   0x00000000000027e4       0xce /mnt/hdd/src/stm32/libopencm3-examples/libopencm3/lib/libopencm3_stm32f0.a(rcc_common_all.o)
 .debug_macro   0x00000000000028b2       0xd9 /mnt/hdd/src/stm32/libopencm3-examples/libopencm3/lib/libopencm3_stm32f0.a(usart_common_all.o)
 .debug_macro   0x000000000000298b       0xc1 /mnt/hdd/src/stm32/libopencm3-examples/libopencm3/lib/libopencm3_stm32f0.a(usart_common_v2.o)
 .debug_macro   0x0000000000002a4c       0xcf /mnt/hdd/src/stm32/libopencm3-examples/libopencm3/lib/libopencm3_stm32f0.a(vector.o)
 .debug_macro   0x0000000000002b1b      0x19f /mnt/hdd/src/stm32/libopencm3-examples/libopencm3/lib/libopencm3_stm32f0.a(vector.o)
 .debug_macro   0x0000000000002cba       0x49 /mnt/hdd/src/stm32/libopencm3-examples/libopencm3/lib/libopencm3_stm32f0.a(vector.o)
 .debug_macro   0x0000000000002d03       0xca /mnt/hdd/src/stm32/libopencm3-examples/libopencm3/lib/libopencm3_stm32f0.a(vector.o)
 .debug_macro   0x0000000000002dcd       0x89 /mnt/hdd/src/stm32/libopencm3-examples/libopencm3/lib/libopencm3_stm32f0.a(assert.o)
 .debug_macro   0x0000000000002e56      0x10d /mnt/hdd/src/stm32/libopencm3-examples/libopencm3/lib/libopencm3_stm32f0.a(rcc.o)
 .debug_macro   0x0000000000002f63       0xee /mnt/hdd/src/stm32/libopencm3-examples/libopencm3/lib/libopencm3_stm32f0.a(rcc.o)
 .debug_macro   0x0000000000003051       0xd0 /mnt/hdd/src/stm32/libopencm3-examples/libopencm3/lib/libopencm3_stm32f0.a(rcc.o)
 .debug_macro   0x0000000000003121      0x182 /mnt/hdd/src/stm32/libopencm3-examples/libopencm3/lib/libopencm3_stm32f0.a(rcc.o)
 .debug_macro   0x00000000000032a3      0x360 /mnt/hdd/src/stm32/libopencm3-examples/libopencm3/lib/libopencm3_stm32f0.a(rcc.o)

.debug_line     0x0000000000000000     0x394d
 .debug_line    0x0000000000000000      0x4c1 adc.o
 .debug_line    0x00000000000004c1      0x703 /mnt/hdd/src/stm32/libopencm3-examples/libopencm3/lib/libopencm3_stm32f0.a(adc.o)
 .debug_line    0x0000000000000bc4      0x7be /mnt/hdd/src/stm32/libopencm3-examples/libopencm3/lib/libopencm3_stm32f0.a(adc_common_v2.o)
 .debug_line    0x0000000000001382      0x456 /mnt/hdd/src/stm32/libopencm3-examples/libopencm3/lib/libopencm3_stm32f0.a(gpio_common_f0234.o)
 .debug_line    0x00000000000017d8      0x425 /mnt/hdd/src/stm32/libopencm3-examples/libopencm3/lib/libopencm3_stm32f0.a(rcc_common_all.o)
 .debug_line    0x0000000000001bfd      0x64a /mnt/hdd/src/stm32/libopencm3-examples/libopencm3/lib/libopencm3_stm32f0.a(usart_common_all.o)
 .debug_line    0x0000000000002247      0x4ee /mnt/hdd/src/stm32/libopencm3-examples/libopencm3/lib/libopencm3_stm32f0.a(usart_common_v2.o)
 .debug_line    0x0000000000002735      0x386 /mnt/hdd/src/stm32/libopencm3-examples/libopencm3/lib/libopencm3_stm32f0.a(vector.o)
 .debug_line    0x0000000000002abb      0x19d /mnt/hdd/src/stm32/libopencm3-examples/libopencm3/lib/libopencm3_stm32f0.a(assert.o)
 .debug_line    0x0000000000002c58      0xbf8 /mnt/hdd/src/stm32/libopencm3-examples/libopencm3/lib/libopencm3_stm32f0.a(rcc.o)
 .debug_line    0x0000000000003850       0x56 /usr/lib/gcc/arm-none-eabi/12/thumb/v6-m/nofp/libgcc.a(_udivsi3.o)
 .debug_line    0x00000000000038a6       0x5d /usr/lib/gcc/arm-none-eabi/12/thumb/v6-m/nofp/libgcc.a(_divsi3.o)
 .debug_line    0x0000000000003903       0x4a /usr/lib/gcc/arm-none-eabi/12/thumb/v6-m/nofp/libgcc.a(_dvmd_tls.o)

.debug_str      0x0000000000000000     0xe82b
 .debug_str     0x0000000000000000     0xa794 adc.o
                                       0xa929 (size before relaxing)
 .debug_str     0x000000000000a794      0x433 /mnt/hdd/src/stm32/libopencm3-examples/libopencm3/lib/libopencm3_stm32f0.a(adc.o)
                                       0x5408 (size before relaxing)
 .debug_str     0x000000000000abc7      0x276 /mnt/hdd/src/stm32/libopencm3-examples/libopencm3/lib/libopencm3_stm32f0.a(adc_common_v2.o)
                                       0x52ac (size before relaxing)
 .debug_str     0x000000000000ae3d       0x88 /mnt/hdd/src/stm32/libopencm3-examples/libopencm3/lib/libopencm3_stm32f0.a(gpio_common_f0234.o)
                                       0x555e (size before relaxing)
 .debug_str     0x000000000000aec5      0x354 /mnt/hdd/src/stm32/libopencm3-examples/libopencm3/lib/libopencm3_stm32f0.a(rcc_common_all.o)
                                       0x6a1a (size before relaxing)
 .debug_str     0x000000000000b219      0x217 /mnt/hdd/src/stm32/libopencm3-examples/libopencm3/lib/libopencm3_stm32f0.a(usart_common_all.o)
                                       0x8349 (size before relaxing)
 .debug_str     0x000000000000b430      0x190 /mnt/hdd/src/stm32/libopencm3-examples/libopencm3/lib/libopencm3_stm32f0.a(usart_common_v2.o)
                                       0x5dca (size before relaxing)
 .debug_str     0x000000000000b5c0     0x12f7 /mnt/hdd/src/stm32/libopencm3-examples/libopencm3/lib/libopencm3_stm32f0.a(vector.o)
                                       0x4971 (size before relaxing)
 .debug_str     0x000000000000c8b7       0x48 /mnt/hdd/src/stm32/libopencm3-examples/libopencm3/lib/libopencm3_stm32f0.a(assert.o)
                                       0x361f (size before relaxing)
 .debug_str     0x000000000000c8ff     0x1e49 /mnt/hdd/src/stm32/libopencm3-examples/libopencm3/lib/libopencm3_stm32f0.a(rcc.o)
                                       0x84f3 (size before relaxing)
 .debug_str     0x000000000000e748       0xe3 /usr/lib/gcc/arm-none-eabi/12/thumb/v6-m/nofp/libgcc.a(_udivsi3.o)
 .debug_str     0x000000000000e82b       0xe3 /usr/lib/gcc/arm-none-eabi/12/thumb/v6-m/nofp/libgcc.a(_divsi3.o)
 .debug_str     0x000000000000e82b       0xe3 /usr/lib/gcc/arm-none-eabi/12/thumb/v6-m/nofp/libgcc.a(_dvmd_tls.o)

.comment        0x0000000000000000       0x33
 .comment       0x0000000000000000       0x33 adc.o
                                         0x34 (size before relaxing)
 .comment       0x0000000000000033       0x34 /mnt/hdd/src/stm32/libopencm3-examples/libopencm3/lib/libopencm3_stm32f0.a(adc.o)
 .comment       0x0000000000000033       0x34 /mnt/hdd/src/stm32/libopencm3-examples/libopencm3/lib/libopencm3_stm32f0.a(adc_common_v2.o)
 .comment       0x0000000000000033       0x34 /mnt/hdd/src/stm32/libopencm3-examples/libopencm3/lib/libopencm3_stm32f0.a(gpio_common_f0234.o)
 .comment       0x0000000000000033       0x34 /mnt/hdd/src/stm32/libopencm3-examples/libopencm3/lib/libopencm3_stm32f0.a(rcc_common_all.o)
 .comment       0x0000000000000033       0x34 /mnt/hdd/src/stm32/libopencm3-examples/libopencm3/lib/libopencm3_stm32f0.a(usart_common_all.o)
 .comment       0x0000000000000033       0x34 /mnt/hdd/src/stm32/libopencm3-examples/libopencm3/lib/libopencm3_stm32f0.a(usart_common_v2.o)
 .comment       0x0000000000000033       0x34 /mnt/hdd/src/stm32/libopencm3-examples/libopencm3/lib/libopencm3_stm32f0.a(vector.o)
 .comment       0x0000000000000033       0x34 /mnt/hdd/src/stm32/libopencm3-examples/libopencm3/lib/libopencm3_stm32f0.a(assert.o)
 .comment       0x0000000000000033       0x34 /mnt/hdd/src/stm32/libopencm3-examples/libopencm3/lib/libopencm3_stm32f0.a(rcc.o)
 .comment       0x0000000000000033       0x34 /usr/lib/gcc/arm-none-eabi/12/../../../../arm-none-eabi/lib/thumb/v6-m/nofp/libc.a(libc_a-stack_protector.o)

.ARM.attributes
                0x0000000000000000       0x2c
 .ARM.attributes
                0x0000000000000000       0x2c adc.o
 .ARM.attributes
                0x000000000000002c       0x2c /mnt/hdd/src/stm32/libopencm3-examples/libopencm3/lib/libopencm3_stm32f0.a(adc.o)
 .ARM.attributes
                0x0000000000000058       0x2c /mnt/hdd/src/stm32/libopencm3-examples/libopencm3/lib/libopencm3_stm32f0.a(adc_common_v2.o)
 .ARM.attributes
                0x0000000000000084       0x2c /mnt/hdd/src/stm32/libopencm3-examples/libopencm3/lib/libopencm3_stm32f0.a(gpio_common_f0234.o)
 .ARM.attributes
                0x00000000000000b0       0x2c /mnt/hdd/src/stm32/libopencm3-examples/libopencm3/lib/libopencm3_stm32f0.a(rcc_common_all.o)
 .ARM.attributes
                0x00000000000000dc       0x2c /mnt/hdd/src/stm32/libopencm3-examples/libopencm3/lib/libopencm3_stm32f0.a(usart_common_all.o)
 .ARM.attributes
                0x0000000000000108       0x2c /mnt/hdd/src/stm32/libopencm3-examples/libopencm3/lib/libopencm3_stm32f0.a(usart_common_v2.o)
 .ARM.attributes
                0x0000000000000134       0x2c /mnt/hdd/src/stm32/libopencm3-examples/libopencm3/lib/libopencm3_stm32f0.a(vector.o)
 .ARM.attributes
                0x0000000000000160       0x2c /mnt/hdd/src/stm32/libopencm3-examples/libopencm3/lib/libopencm3_stm32f0.a(assert.o)
 .ARM.attributes
                0x000000000000018c       0x2c /mnt/hdd/src/stm32/libopencm3-examples/libopencm3/lib/libopencm3_stm32f0.a(rcc.o)
 .ARM.attributes
                0x00000000000001b8       0x2c /usr/lib/gcc/arm-none-eabi/12/../../../../arm-none-eabi/lib/thumb/v6-m/nofp/libc.a(libc_a-stack_protector.o)
 .ARM.attributes
                0x00000000000001e4       0x1e /usr/lib/gcc/arm-none-eabi/12/thumb/v6-m/nofp/libgcc.a(_udivsi3.o)
 .ARM.attributes
                0x0000000000000202       0x1e /usr/lib/gcc/arm-none-eabi/12/thumb/v6-m/nofp/libgcc.a(_divsi3.o)
 .ARM.attributes
                0x0000000000000220       0x1e /usr/lib/gcc/arm-none-eabi/12/thumb/v6-m/nofp/libgcc.a(_dvmd_tls.o)

.debug_frame    0x0000000000000000      0xc14
 .debug_frame   0x0000000000000000       0x30 adc.o
 .debug_frame   0x0000000000000030      0x1bc /mnt/hdd/src/stm32/libopencm3-examples/libopencm3/lib/libopencm3_stm32f0.a(adc.o)
 .debug_frame   0x00000000000001ec      0x250 /mnt/hdd/src/stm32/libopencm3-examples/libopencm3/lib/libopencm3_stm32f0.a(adc_common_v2.o)
 .debug_frame   0x000000000000043c       0x78 /mnt/hdd/src/stm32/libopencm3-examples/libopencm3/lib/libopencm3_stm32f0.a(gpio_common_f0234.o)
 .debug_frame   0x00000000000004b4       0xf0 /mnt/hdd/src/stm32/libopencm3-examples/libopencm3/lib/libopencm3_stm32f0.a(rcc_common_all.o)
 .debug_frame   0x00000000000005a4      0x1ac /mnt/hdd/src/stm32/libopencm3-examples/libopencm3/lib/libopencm3_stm32f0.a(usart_common_all.o)
 .debug_frame   0x0000000000000750      0x130 /mnt/hdd/src/stm32/libopencm3-examples/libopencm3/lib/libopencm3_stm32f0.a(usart_common_v2.o)
 .debug_frame   0x0000000000000880       0x48 /mnt/hdd/src/stm32/libopencm3-examples/libopencm3/lib/libopencm3_stm32f0.a(vector.o)
 .debug_frame   0x00000000000008c8       0x38 /mnt/hdd/src/stm32/libopencm3-examples/libopencm3/lib/libopencm3_stm32f0.a(assert.o)
 .debug_frame   0x0000000000000900      0x2d4 /mnt/hdd/src/stm32/libopencm3-examples/libopencm3/lib/libopencm3_stm32f0.a(rcc.o)
 .debug_frame   0x0000000000000bd4       0x20 /usr/lib/gcc/arm-none-eabi/12/thumb/v6-m/nofp/libgcc.a(_udivsi3.o)
 .debug_frame   0x0000000000000bf4       0x20 /usr/lib/gcc/arm-none-eabi/12/thumb/v6-m/nofp/libgcc.a(_divsi3.o)

.debug_line_str
                0x0000000000000000       0xd7
 .debug_line_str
                0x0000000000000000       0xd7 /usr/lib/gcc/arm-none-eabi/12/thumb/v6-m/nofp/libgcc.a(_udivsi3.o)
                                         0xe3 (size before relaxing)
 .debug_line_str
                0x00000000000000d7       0xe3 /usr/lib/gcc/arm-none-eabi/12/thumb/v6-m/nofp/libgcc.a(_divsi3.o)
 .debug_line_str
                0x00000000000000d7       0xe3 /usr/lib/gcc/arm-none-eabi/12/thumb/v6-m/nofp/libgcc.a(_dvmd_tls.o)

Cross Reference Table

Symbol                                            File
__aeabi_idiv                                      /usr/lib/gcc/arm-none-eabi/12/thumb/v6-m/nofp/libgcc.a(_divsi3.o)
                                                  adc.o
__aeabi_idiv0                                     /usr/lib/gcc/arm-none-eabi/12/thumb/v6-m/nofp/libgcc.a(_dvmd_tls.o)
                                                  /usr/lib/gcc/arm-none-eabi/12/thumb/v6-m/nofp/libgcc.a(_divsi3.o)
                                                  /usr/lib/gcc/arm-none-eabi/12/thumb/v6-m/nofp/libgcc.a(_udivsi3.o)
__aeabi_idivmod                                   /usr/lib/gcc/arm-none-eabi/12/thumb/v6-m/nofp/libgcc.a(_divsi3.o)
                                                  adc.o
__aeabi_ldiv0                                     /usr/lib/gcc/arm-none-eabi/12/thumb/v6-m/nofp/libgcc.a(_dvmd_tls.o)
__aeabi_uidiv                                     /usr/lib/gcc/arm-none-eabi/12/thumb/v6-m/nofp/libgcc.a(_udivsi3.o)
                                                  /usr/lib/gcc/arm-none-eabi/12/../../../../arm-none-eabi/lib/thumb/v6-m/nofp/libc.a(libc_a-freer.o)
                                                  /mnt/hdd/src/stm32/libopencm3-examples/libopencm3/lib/libopencm3_stm32f0.a(usart_common_all.o)
__aeabi_uidivmod                                  /usr/lib/gcc/arm-none-eabi/12/thumb/v6-m/nofp/libgcc.a(_udivsi3.o)
__divsi3                                          /usr/lib/gcc/arm-none-eabi/12/thumb/v6-m/nofp/libgcc.a(_divsi3.o)
__errno                                           /usr/lib/gcc/arm-none-eabi/12/../../../../arm-none-eabi/lib/thumb/v6-m/nofp/libc.a(libc_a-errno.o)
                                                  /usr/lib/gcc/arm-none-eabi/12/../../../../arm-none-eabi/lib/thumb/v6-m/nofp/libc.a(libc_a-sysconf.o)
__fini_array_end                                  /mnt/hdd/src/stm32/libopencm3-examples/libopencm3/lib/libopencm3_stm32f0.a(vector.o)
__fini_array_start                                /mnt/hdd/src/stm32/libopencm3-examples/libopencm3/lib/libopencm3_stm32f0.a(vector.o)
__gnu_thumb1_case_uqi                             /usr/lib/gcc/arm-none-eabi/12/thumb/v6-m/nofp/libgcc.a(_thumb1_case_uqi.o)
                                                  /mnt/hdd/src/stm32/libopencm3-examples/libopencm3/lib/libopencm3_stm32f0.a(rcc.o)
__init_array_end                                  /mnt/hdd/src/stm32/libopencm3-examples/libopencm3/lib/libopencm3_stm32f0.a(vector.o)
__init_array_start                                /mnt/hdd/src/stm32/libopencm3-examples/libopencm3/lib/libopencm3_stm32f0.a(vector.o)
__malloc_av_                                      /usr/lib/gcc/arm-none-eabi/12/../../../../arm-none-eabi/lib/thumb/v6-m/nofp/libc.a(libc_a-mallocr.o)
                                                  /usr/lib/gcc/arm-none-eabi/12/../../../../arm-none-eabi/lib/thumb/v6-m/nofp/libc.a(libc_a-freer.o)
__malloc_current_mallinfo                         /usr/lib/gcc/arm-none-eabi/12/../../../../arm-none-eabi/lib/thumb/v6-m/nofp/libc.a(libc_a-mallocr.o)
                                                  /usr/lib/gcc/arm-none-eabi/12/../../../../arm-none-eabi/lib/thumb/v6-m/nofp/libc.a(libc_a-freer.o)
__malloc_lock                                     /usr/lib/gcc/arm-none-eabi/12/../../../../arm-none-eabi/lib/thumb/v6-m/nofp/libc.a(libc_a-mlock.o)
                                                  /usr/lib/gcc/arm-none-eabi/12/../../../../arm-none-eabi/lib/thumb/v6-m/nofp/libc.a(libc_a-freer.o)
                                                  /usr/lib/gcc/arm-none-eabi/12/../../../../arm-none-eabi/lib/thumb/v6-m/nofp/libc.a(libc_a-mallocr.o)
__malloc_max_sbrked_mem                           /usr/lib/gcc/arm-none-eabi/12/../../../../arm-none-eabi/lib/thumb/v6-m/nofp/libc.a(libc_a-mallocr.o)
__malloc_max_total_mem                            /usr/lib/gcc/arm-none-eabi/12/../../../../arm-none-eabi/lib/thumb/v6-m/nofp/libc.a(libc_a-mallocr.o)
__malloc_sbrk_base                                /usr/lib/gcc/arm-none-eabi/12/../../../../arm-none-eabi/lib/thumb/v6-m/nofp/libc.a(libc_a-mallocr.o)
                                                  /usr/lib/gcc/arm-none-eabi/12/../../../../arm-none-eabi/lib/thumb/v6-m/nofp/libc.a(libc_a-freer.o)
__malloc_top_pad                                  /usr/lib/gcc/arm-none-eabi/12/../../../../arm-none-eabi/lib/thumb/v6-m/nofp/libc.a(libc_a-mallocr.o)
                                                  /usr/lib/gcc/arm-none-eabi/12/../../../../arm-none-eabi/lib/thumb/v6-m/nofp/libc.a(libc_a-freer.o)
__malloc_trim_threshold                           /usr/lib/gcc/arm-none-eabi/12/../../../../arm-none-eabi/lib/thumb/v6-m/nofp/libc.a(libc_a-mallocr.o)
                                                  /usr/lib/gcc/arm-none-eabi/12/../../../../arm-none-eabi/lib/thumb/v6-m/nofp/libc.a(libc_a-freer.o)
__malloc_unlock                                   /usr/lib/gcc/arm-none-eabi/12/../../../../arm-none-eabi/lib/thumb/v6-m/nofp/libc.a(libc_a-mlock.o)
                                                  /usr/lib/gcc/arm-none-eabi/12/../../../../arm-none-eabi/lib/thumb/v6-m/nofp/libc.a(libc_a-freer.o)
                                                  /usr/lib/gcc/arm-none-eabi/12/../../../../arm-none-eabi/lib/thumb/v6-m/nofp/libc.a(libc_a-mallocr.o)
__preinit_array_end                               /mnt/hdd/src/stm32/libopencm3-examples/libopencm3/lib/libopencm3_stm32f0.a(vector.o)
__preinit_array_start                             /mnt/hdd/src/stm32/libopencm3-examples/libopencm3/lib/libopencm3_stm32f0.a(vector.o)
__sclose                                          /usr/lib/gcc/arm-none-eabi/12/../../../../arm-none-eabi/lib/thumb/v6-m/nofp/libc.a(libc_a-stdio.o)
                                                  /usr/lib/gcc/arm-none-eabi/12/../../../../arm-none-eabi/lib/thumb/v6-m/nofp/libc.a(libc_a-findfp.o)
__seofread                                        /usr/lib/gcc/arm-none-eabi/12/../../../../arm-none-eabi/lib/thumb/v6-m/nofp/libc.a(libc_a-stdio.o)
__sf                                              /usr/lib/gcc/arm-none-eabi/12/../../../../arm-none-eabi/lib/thumb/v6-m/nofp/libc.a(libc_a-findfp.o)
                                                  /usr/lib/gcc/arm-none-eabi/12/../../../../arm-none-eabi/lib/thumb/v6-m/nofp/libc.a(libc_a-impure.o)
__sflush_r                                        /usr/lib/gcc/arm-none-eabi/12/../../../../arm-none-eabi/lib/thumb/v6-m/nofp/libc.a(libc_a-fflush.o)
                                                  /usr/lib/gcc/arm-none-eabi/12/../../../../arm-none-eabi/lib/thumb/v6-m/nofp/libc.a(libc_a-fclose.o)
__sfp                                             /usr/lib/gcc/arm-none-eabi/12/../../../../arm-none-eabi/lib/thumb/v6-m/nofp/libc.a(libc_a-findfp.o)
__sglue                                           /usr/lib/gcc/arm-none-eabi/12/../../../../arm-none-eabi/lib/thumb/v6-m/nofp/libc.a(libc_a-findfp.o)
                                                  /usr/lib/gcc/arm-none-eabi/12/../../../../arm-none-eabi/lib/thumb/v6-m/nofp/libc.a(libc_a-fflush.o)
__sigtramp                                        /usr/lib/gcc/arm-none-eabi/12/../../../../arm-none-eabi/lib/thumb/v6-m/nofp/libc.a(libc_a-signal.o)
__sigtramp_r                                      /usr/lib/gcc/arm-none-eabi/12/../../../../arm-none-eabi/lib/thumb/v6-m/nofp/libc.a(libc_a-signal.o)
__sinit                                           /usr/lib/gcc/arm-none-eabi/12/../../../../arm-none-eabi/lib/thumb/v6-m/nofp/libc.a(libc_a-findfp.o)
                                                  /usr/lib/gcc/arm-none-eabi/12/../../../../arm-none-eabi/lib/thumb/v6-m/nofp/libc.a(libc_a-fflush.o)
                                                  /usr/lib/gcc/arm-none-eabi/12/../../../../arm-none-eabi/lib/thumb/v6-m/nofp/libc.a(libc_a-fclose.o)
__sread                                           /usr/lib/gcc/arm-none-eabi/12/../../../../arm-none-eabi/lib/thumb/v6-m/nofp/libc.a(libc_a-stdio.o)
                                                  /usr/lib/gcc/arm-none-eabi/12/../../../../arm-none-eabi/lib/thumb/v6-m/nofp/libc.a(libc_a-findfp.o)
__sseek                                           /usr/lib/gcc/arm-none-eabi/12/../../../../arm-none-eabi/lib/thumb/v6-m/nofp/libc.a(libc_a-stdio.o)
                                                  /usr/lib/gcc/arm-none-eabi/12/../../../../arm-none-eabi/lib/thumb/v6-m/nofp/libc.a(libc_a-findfp.o)
__stack_chk_fail                                  /usr/lib/gcc/arm-none-eabi/12/../../../../arm-none-eabi/lib/thumb/v6-m/nofp/libc.a(libc_a-stack_protector.o)
__stack_chk_fail_local                            /usr/lib/gcc/arm-none-eabi/12/../../../../arm-none-eabi/lib/thumb/v6-m/nofp/libc.a(libc_a-stack_protector.o)
__stack_chk_guard                                 /usr/lib/gcc/arm-none-eabi/12/../../../../arm-none-eabi/lib/thumb/v6-m/nofp/libc.a(libc_a-stack_protector.o)
                                                  adc.o
__stack_chk_init                                  /usr/lib/gcc/arm-none-eabi/12/../../../../arm-none-eabi/lib/thumb/v6-m/nofp/libc.a(libc_a-stack_protector.o)
__stdio_exit_handler                              /usr/lib/gcc/arm-none-eabi/12/../../../../arm-none-eabi/lib/thumb/v6-m/nofp/libc.a(libc_a-findfp.o)
__swrite                                          /usr/lib/gcc/arm-none-eabi/12/../../../../arm-none-eabi/lib/thumb/v6-m/nofp/libc.a(libc_a-stdio.o)
                                                  /usr/lib/gcc/arm-none-eabi/12/../../../../arm-none-eabi/lib/thumb/v6-m/nofp/libc.a(libc_a-findfp.o)
__udivsi3                                         /usr/lib/gcc/arm-none-eabi/12/thumb/v6-m/nofp/libgcc.a(_udivsi3.o)
_close                                            /usr/lib/gcc/arm-none-eabi/12/../../../../arm-none-eabi/lib/thumb/v6-m/nofp/libnosys.a(close.o)
                                                  /usr/lib/gcc/arm-none-eabi/12/../../../../arm-none-eabi/lib/thumb/v6-m/nofp/libc.a(libc_a-closer.o)
_close_r                                          /usr/lib/gcc/arm-none-eabi/12/../../../../arm-none-eabi/lib/thumb/v6-m/nofp/libc.a(libc_a-closer.o)
                                                  /usr/lib/gcc/arm-none-eabi/12/../../../../arm-none-eabi/lib/thumb/v6-m/nofp/libc.a(libc_a-stdio.o)
_data                                             /mnt/hdd/src/stm32/libopencm3-examples/libopencm3/lib/libopencm3_stm32f0.a(vector.o)
_data_loadaddr                                    /mnt/hdd/src/stm32/libopencm3-examples/libopencm3/lib/libopencm3_stm32f0.a(vector.o)
_ebss                                             /mnt/hdd/src/stm32/libopencm3-examples/libopencm3/lib/libopencm3_stm32f0.a(vector.o)
_edata                                            /mnt/hdd/src/stm32/libopencm3-examples/libopencm3/lib/libopencm3_stm32f0.a(vector.o)
_exit                                             /usr/lib/gcc/arm-none-eabi/12/../../../../arm-none-eabi/lib/thumb/v6-m/nofp/libnosys.a(_exit.o)
                                                  /usr/lib/gcc/arm-none-eabi/12/../../../../arm-none-eabi/lib/thumb/v6-m/nofp/libc.a(libc_a-stack_protector.o)
_fclose_r                                         /usr/lib/gcc/arm-none-eabi/12/../../../../arm-none-eabi/lib/thumb/v6-m/nofp/libc.a(libc_a-fclose.o)
                                                  /usr/lib/gcc/arm-none-eabi/12/../../../../arm-none-eabi/lib/thumb/v6-m/nofp/libc.a(libc_a-findfp.o)
_fflush_r                                         /usr/lib/gcc/arm-none-eabi/12/../../../../arm-none-eabi/lib/thumb/v6-m/nofp/libc.a(libc_a-fflush.o)
_free_r                                           /usr/lib/gcc/arm-none-eabi/12/../../../../arm-none-eabi/lib/thumb/v6-m/nofp/libc.a(libc_a-freer.o)
                                                  /usr/lib/gcc/arm-none-eabi/12/../../../../arm-none-eabi/lib/thumb/v6-m/nofp/libc.a(libc_a-fflush.o)
                                                  /usr/lib/gcc/arm-none-eabi/12/../../../../arm-none-eabi/lib/thumb/v6-m/nofp/libc.a(libc_a-fclose.o)
                                                  /usr/lib/gcc/arm-none-eabi/12/../../../../arm-none-eabi/lib/thumb/v6-m/nofp/libc.a(libc_a-reent.o)
                                                  /usr/lib/gcc/arm-none-eabi/12/../../../../arm-none-eabi/lib/thumb/v6-m/nofp/libc.a(libc_a-mallocr.o)
_fwalk_sglue                                      /usr/lib/gcc/arm-none-eabi/12/../../../../arm-none-eabi/lib/thumb/v6-m/nofp/libc.a(libc_a-fwalk.o)
                                                  /usr/lib/gcc/arm-none-eabi/12/../../../../arm-none-eabi/lib/thumb/v6-m/nofp/libc.a(libc_a-fflush.o)
                                                  /usr/lib/gcc/arm-none-eabi/12/../../../../arm-none-eabi/lib/thumb/v6-m/nofp/libc.a(libc_a-findfp.o)
_getpid                                           /usr/lib/gcc/arm-none-eabi/12/../../../../arm-none-eabi/lib/thumb/v6-m/nofp/libnosys.a(getpid.o)
                                                  /usr/lib/gcc/arm-none-eabi/12/../../../../arm-none-eabi/lib/thumb/v6-m/nofp/libc.a(libc_a-signalr.o)
_getpid_r                                         /usr/lib/gcc/arm-none-eabi/12/../../../../arm-none-eabi/lib/thumb/v6-m/nofp/libc.a(libc_a-signalr.o)
                                                  /usr/lib/gcc/arm-none-eabi/12/../../../../arm-none-eabi/lib/thumb/v6-m/nofp/libc.a(libc_a-signal.o)
_impure_data                                      /usr/lib/gcc/arm-none-eabi/12/../../../../arm-none-eabi/lib/thumb/v6-m/nofp/libc.a(libc_a-impure.o)
                                                  /usr/lib/gcc/arm-none-eabi/12/../../../../arm-none-eabi/lib/thumb/v6-m/nofp/libc.a(libc_a-fflush.o)
                                                  /usr/lib/gcc/arm-none-eabi/12/../../../../arm-none-eabi/lib/thumb/v6-m/nofp/libc.a(libc_a-findfp.o)
_impure_ptr                                       /usr/lib/gcc/arm-none-eabi/12/../../../../arm-none-eabi/lib/thumb/v6-m/nofp/libc.a(libc_a-impure.o)
                                                  /usr/lib/gcc/arm-none-eabi/12/../../../../arm-none-eabi/lib/thumb/v6-m/nofp/libc.a(libc_a-errno.o)
                                                  /usr/lib/gcc/arm-none-eabi/12/../../../../arm-none-eabi/lib/thumb/v6-m/nofp/libc.a(libc_a-fflush.o)
                                                  /usr/lib/gcc/arm-none-eabi/12/../../../../arm-none-eabi/lib/thumb/v6-m/nofp/libc.a(libc_a-fclose.o)
                                                  /usr/lib/gcc/arm-none-eabi/12/../../../../arm-none-eabi/lib/thumb/v6-m/nofp/libc.a(libc_a-reent.o)
                                                  /usr/lib/gcc/arm-none-eabi/12/../../../../arm-none-eabi/lib/thumb/v6-m/nofp/libc.a(libc_a-syswrite.o)
                                                  /usr/lib/gcc/arm-none-eabi/12/../../../../arm-none-eabi/lib/thumb/v6-m/nofp/libc.a(libc_a-signal.o)
_init_signal                                      /usr/lib/gcc/arm-none-eabi/12/../../../../arm-none-eabi/lib/thumb/v6-m/nofp/libc.a(libc_a-signal.o)
_init_signal_r                                    /usr/lib/gcc/arm-none-eabi/12/../../../../arm-none-eabi/lib/thumb/v6-m/nofp/libc.a(libc_a-signal.o)
_kill                                             /usr/lib/gcc/arm-none-eabi/12/../../../../arm-none-eabi/lib/thumb/v6-m/nofp/libnosys.a(kill.o)
                                                  /usr/lib/gcc/arm-none-eabi/12/../../../../arm-none-eabi/lib/thumb/v6-m/nofp/libc.a(libc_a-signalr.o)
_kill_r                                           /usr/lib/gcc/arm-none-eabi/12/../../../../arm-none-eabi/lib/thumb/v6-m/nofp/libc.a(libc_a-signalr.o)
                                                  /usr/lib/gcc/arm-none-eabi/12/../../../../arm-none-eabi/lib/thumb/v6-m/nofp/libc.a(libc_a-signal.o)
_lseek                                            /usr/lib/gcc/arm-none-eabi/12/../../../../arm-none-eabi/lib/thumb/v6-m/nofp/libnosys.a(lseek.o)
                                                  /usr/lib/gcc/arm-none-eabi/12/../../../../arm-none-eabi/lib/thumb/v6-m/nofp/libc.a(libc_a-lseekr.o)
_lseek_r                                          /usr/lib/gcc/arm-none-eabi/12/../../../../arm-none-eabi/lib/thumb/v6-m/nofp/libc.a(libc_a-lseekr.o)
                                                  /usr/lib/gcc/arm-none-eabi/12/../../../../arm-none-eabi/lib/thumb/v6-m/nofp/libc.a(libc_a-stdio.o)
_malloc_r                                         /usr/lib/gcc/arm-none-eabi/12/../../../../arm-none-eabi/lib/thumb/v6-m/nofp/libc.a(libc_a-mallocr.o)
                                                  /usr/lib/gcc/arm-none-eabi/12/../../../../arm-none-eabi/lib/thumb/v6-m/nofp/libc.a(libc_a-findfp.o)
                                                  /usr/lib/gcc/arm-none-eabi/12/../../../../arm-none-eabi/lib/thumb/v6-m/nofp/libc.a(libc_a-signal.o)
_malloc_trim_r                                    /usr/lib/gcc/arm-none-eabi/12/../../../../arm-none-eabi/lib/thumb/v6-m/nofp/libc.a(libc_a-freer.o)
_raise_r                                          /usr/lib/gcc/arm-none-eabi/12/../../../../arm-none-eabi/lib/thumb/v6-m/nofp/libc.a(libc_a-signal.o)
_read                                             /usr/lib/gcc/arm-none-eabi/12/../../../../arm-none-eabi/lib/thumb/v6-m/nofp/libnosys.a(read.o)
                                                  /usr/lib/gcc/arm-none-eabi/12/../../../../arm-none-eabi/lib/thumb/v6-m/nofp/libc.a(libc_a-readr.o)
_read_r                                           /usr/lib/gcc/arm-none-eabi/12/../../../../arm-none-eabi/lib/thumb/v6-m/nofp/libc.a(libc_a-readr.o)
                                                  /usr/lib/gcc/arm-none-eabi/12/../../../../arm-none-eabi/lib/thumb/v6-m/nofp/libc.a(libc_a-stdio.o)
_reclaim_reent                                    /usr/lib/gcc/arm-none-eabi/12/../../../../arm-none-eabi/lib/thumb/v6-m/nofp/libc.a(libc_a-reent.o)
_sbrk                                             /usr/lib/gcc/arm-none-eabi/12/../../../../arm-none-eabi/lib/thumb/v6-m/nofp/libnosys.a(sbrk.o)
                                                  /usr/lib/gcc/arm-none-eabi/12/../../../../arm-none-eabi/lib/thumb/v6-m/nofp/libc.a(libc_a-sbrkr.o)
_sbrk_r                                           /usr/lib/gcc/arm-none-eabi/12/../../../../arm-none-eabi/lib/thumb/v6-m/nofp/libc.a(libc_a-sbrkr.o)
                                                  /usr/lib/gcc/arm-none-eabi/12/../../../../arm-none-eabi/lib/thumb/v6-m/nofp/libc.a(libc_a-freer.o)
                                                  /usr/lib/gcc/arm-none-eabi/12/../../../../arm-none-eabi/lib/thumb/v6-m/nofp/libc.a(libc_a-mallocr.o)
_signal_r                                         /usr/lib/gcc/arm-none-eabi/12/../../../../arm-none-eabi/lib/thumb/v6-m/nofp/libc.a(libc_a-signal.o)
_stack                                            /mnt/hdd/src/stm32/libopencm3-examples/libopencm3/lib/libopencm3_stm32f0.a(vector.o)
_write                                            /usr/lib/gcc/arm-none-eabi/12/../../../../arm-none-eabi/lib/thumb/v6-m/nofp/libnosys.a(write.o)
                                                  /usr/lib/gcc/arm-none-eabi/12/../../../../arm-none-eabi/lib/thumb/v6-m/nofp/libc.a(libc_a-writer.o)
_write_r                                          /usr/lib/gcc/arm-none-eabi/12/../../../../arm-none-eabi/lib/thumb/v6-m/nofp/libc.a(libc_a-writer.o)
                                                  /usr/lib/gcc/arm-none-eabi/12/../../../../arm-none-eabi/lib/thumb/v6-m/nofp/libc.a(libc_a-stdio.o)
                                                  /usr/lib/gcc/arm-none-eabi/12/../../../../arm-none-eabi/lib/thumb/v6-m/nofp/libc.a(libc_a-syswrite.o)
adc_calibrate                                     /mnt/hdd/src/stm32/libopencm3-examples/libopencm3/lib/libopencm3_stm32f0.a(adc_common_v2.o)
                                                  adc.o
adc_calibrate_async                               /mnt/hdd/src/stm32/libopencm3-examples/libopencm3/lib/libopencm3_stm32f0.a(adc_common_v2.o)
adc_calibrate_start                               /mnt/hdd/src/stm32/libopencm3-examples/libopencm3/lib/libopencm3_stm32f0.a(adc.o)
adc_calibrate_wait_finish                         /mnt/hdd/src/stm32/libopencm3-examples/libopencm3/lib/libopencm3_stm32f0.a(adc.o)
adc_clear_eoc_sequence_flag                       /mnt/hdd/src/stm32/libopencm3-examples/libopencm3/lib/libopencm3_stm32f0.a(adc.o)
adc_clear_overrun_flag                            /mnt/hdd/src/stm32/libopencm3-examples/libopencm3/lib/libopencm3_stm32f0.a(adc_common_v2.o)
adc_clear_watchdog_flag                           /mnt/hdd/src/stm32/libopencm3-examples/libopencm3/lib/libopencm3_stm32f0.a(adc.o)
adc_comp_isr                                      /mnt/hdd/src/stm32/libopencm3-examples/libopencm3/lib/libopencm3_stm32f0.a(vector.o)
adc_disable_analog_watchdog                       /mnt/hdd/src/stm32/libopencm3-examples/libopencm3/lib/libopencm3_stm32f0.a(adc.o)
                                                  adc.o
adc_disable_delayed_conversion_mode               /mnt/hdd/src/stm32/libopencm3-examples/libopencm3/lib/libopencm3_stm32f0.a(adc_common_v2.o)
adc_disable_discontinuous_mode                    /mnt/hdd/src/stm32/libopencm3-examples/libopencm3/lib/libopencm3_stm32f0.a(adc.o)
adc_disable_dma                                   /mnt/hdd/src/stm32/libopencm3-examples/libopencm3/lib/libopencm3_stm32f0.a(adc_common_v2.o)
adc_disable_dma_circular_mode                     /mnt/hdd/src/stm32/libopencm3-examples/libopencm3/lib/libopencm3_stm32f0.a(adc_common_v2.o)
adc_disable_eoc_interrupt                         /mnt/hdd/src/stm32/libopencm3-examples/libopencm3/lib/libopencm3_stm32f0.a(adc_common_v2.o)
adc_disable_eoc_sequence_interrupt                /mnt/hdd/src/stm32/libopencm3-examples/libopencm3/lib/libopencm3_stm32f0.a(adc.o)
adc_disable_external_trigger_regular              /mnt/hdd/src/stm32/libopencm3-examples/libopencm3/lib/libopencm3_stm32f0.a(adc.o)
                                                  adc.o
adc_disable_overrun_interrupt                     /mnt/hdd/src/stm32/libopencm3-examples/libopencm3/lib/libopencm3_stm32f0.a(adc_common_v2.o)
adc_disable_temperature_sensor                    /mnt/hdd/src/stm32/libopencm3-examples/libopencm3/lib/libopencm3_stm32f0.a(adc_common_v2.o)
adc_disable_vbat_sensor                           /mnt/hdd/src/stm32/libopencm3-examples/libopencm3/lib/libopencm3_stm32f0.a(adc.o)
adc_disable_vrefint                               /mnt/hdd/src/stm32/libopencm3-examples/libopencm3/lib/libopencm3_stm32f0.a(adc_common_v2.o)
adc_disable_watchdog_interrupt                    /mnt/hdd/src/stm32/libopencm3-examples/libopencm3/lib/libopencm3_stm32f0.a(adc.o)
adc_enable_analog_watchdog_on_all_channels        /mnt/hdd/src/stm32/libopencm3-examples/libopencm3/lib/libopencm3_stm32f0.a(adc.o)
adc_enable_analog_watchdog_on_selected_channel    /mnt/hdd/src/stm32/libopencm3-examples/libopencm3/lib/libopencm3_stm32f0.a(adc.o)
adc_enable_delayed_conversion_mode                /mnt/hdd/src/stm32/libopencm3-examples/libopencm3/lib/libopencm3_stm32f0.a(adc_common_v2.o)
adc_enable_discontinuous_mode                     /mnt/hdd/src/stm32/libopencm3-examples/libopencm3/lib/libopencm3_stm32f0.a(adc.o)
adc_enable_dma                                    /mnt/hdd/src/stm32/libopencm3-examples/libopencm3/lib/libopencm3_stm32f0.a(adc_common_v2.o)
adc_enable_dma_circular_mode                      /mnt/hdd/src/stm32/libopencm3-examples/libopencm3/lib/libopencm3_stm32f0.a(adc_common_v2.o)
adc_enable_eoc_interrupt                          /mnt/hdd/src/stm32/libopencm3-examples/libopencm3/lib/libopencm3_stm32f0.a(adc_common_v2.o)
adc_enable_eoc_sequence_interrupt                 /mnt/hdd/src/stm32/libopencm3-examples/libopencm3/lib/libopencm3_stm32f0.a(adc.o)
adc_enable_external_trigger_regular               /mnt/hdd/src/stm32/libopencm3-examples/libopencm3/lib/libopencm3_stm32f0.a(adc.o)
adc_enable_overrun_interrupt                      /mnt/hdd/src/stm32/libopencm3-examples/libopencm3/lib/libopencm3_stm32f0.a(adc_common_v2.o)
adc_enable_temperature_sensor                     /mnt/hdd/src/stm32/libopencm3-examples/libopencm3/lib/libopencm3_stm32f0.a(adc_common_v2.o)
                                                  adc.o
adc_enable_vbat_sensor                            /mnt/hdd/src/stm32/libopencm3-examples/libopencm3/lib/libopencm3_stm32f0.a(adc.o)
adc_enable_vrefint                                /mnt/hdd/src/stm32/libopencm3-examples/libopencm3/lib/libopencm3_stm32f0.a(adc_common_v2.o)
adc_enable_watchdog_interrupt                     /mnt/hdd/src/stm32/libopencm3-examples/libopencm3/lib/libopencm3_stm32f0.a(adc.o)
adc_eoc                                           /mnt/hdd/src/stm32/libopencm3-examples/libopencm3/lib/libopencm3_stm32f0.a(adc_common_v2.o)
                                                  adc.o
adc_eos                                           /mnt/hdd/src/stm32/libopencm3-examples/libopencm3/lib/libopencm3_stm32f0.a(adc_common_v2.o)
adc_get_eoc_sequence_flag                         /mnt/hdd/src/stm32/libopencm3-examples/libopencm3/lib/libopencm3_stm32f0.a(adc.o)
adc_get_overrun_flag                              /mnt/hdd/src/stm32/libopencm3-examples/libopencm3/lib/libopencm3_stm32f0.a(adc_common_v2.o)
adc_get_watchdog_flag                             /mnt/hdd/src/stm32/libopencm3-examples/libopencm3/lib/libopencm3_stm32f0.a(adc.o)
adc_is_calibrating                                /mnt/hdd/src/stm32/libopencm3-examples/libopencm3/lib/libopencm3_stm32f0.a(adc_common_v2.o)
adc_is_power_off                                  /mnt/hdd/src/stm32/libopencm3-examples/libopencm3/lib/libopencm3_stm32f0.a(adc_common_v2.o)
adc_is_power_on                                   /mnt/hdd/src/stm32/libopencm3-examples/libopencm3/lib/libopencm3_stm32f0.a(adc_common_v2.o)
adc_power_off                                     /mnt/hdd/src/stm32/libopencm3-examples/libopencm3/lib/libopencm3_stm32f0.a(adc_common_v2.o)
                                                  adc.o
adc_power_off_async                               /mnt/hdd/src/stm32/libopencm3-examples/libopencm3/lib/libopencm3_stm32f0.a(adc_common_v2.o)
adc_power_on                                      /mnt/hdd/src/stm32/libopencm3-examples/libopencm3/lib/libopencm3_stm32f0.a(adc_common_v2.o)
                                                  adc.o
adc_power_on_async                                /mnt/hdd/src/stm32/libopencm3-examples/libopencm3/lib/libopencm3_stm32f0.a(adc_common_v2.o)
adc_read_regular                                  /mnt/hdd/src/stm32/libopencm3-examples/libopencm3/lib/libopencm3_stm32f0.a(adc_common_v2.o)
                                                  adc.o
adc_set_clk_source                                /mnt/hdd/src/stm32/libopencm3-examples/libopencm3/lib/libopencm3_stm32f0.a(adc.o)
                                                  adc.o
adc_set_continuous_conversion_mode                /mnt/hdd/src/stm32/libopencm3-examples/libopencm3/lib/libopencm3_stm32f0.a(adc_common_v2.o)
adc_set_left_aligned                              /mnt/hdd/src/stm32/libopencm3-examples/libopencm3/lib/libopencm3_stm32f0.a(adc_common_v2.o)
adc_set_operation_mode                            /mnt/hdd/src/stm32/libopencm3-examples/libopencm3/lib/libopencm3_stm32f0.a(adc.o)
                                                  adc.o
adc_set_regular_sequence                          /mnt/hdd/src/stm32/libopencm3-examples/libopencm3/lib/libopencm3_stm32f0.a(adc.o)
                                                  adc.o
adc_set_resolution                                /mnt/hdd/src/stm32/libopencm3-examples/libopencm3/lib/libopencm3_stm32f0.a(adc_common_v2.o)
                                                  adc.o
adc_set_right_aligned                             /mnt/hdd/src/stm32/libopencm3-examples/libopencm3/lib/libopencm3_stm32f0.a(adc_common_v2.o)
                                                  adc.o
adc_set_sample_time_on_all_channels               /mnt/hdd/src/stm32/libopencm3-examples/libopencm3/lib/libopencm3_stm32f0.a(adc.o)
                                                  adc.o
adc_set_single_conversion_mode                    /mnt/hdd/src/stm32/libopencm3-examples/libopencm3/lib/libopencm3_stm32f0.a(adc_common_v2.o)
adc_set_watchdog_high_threshold                   /mnt/hdd/src/stm32/libopencm3-examples/libopencm3/lib/libopencm3_stm32f0.a(adc.o)
adc_set_watchdog_low_threshold                    /mnt/hdd/src/stm32/libopencm3-examples/libopencm3/lib/libopencm3_stm32f0.a(adc.o)
adc_start_conversion_regular                      /mnt/hdd/src/stm32/libopencm3-examples/libopencm3/lib/libopencm3_stm32f0.a(adc_common_v2.o)
                                                  adc.o
blocking_handler                                  /mnt/hdd/src/stm32/libopencm3-examples/libopencm3/lib/libopencm3_stm32f0.a(vector.o)
cec_can_isr                                       /mnt/hdd/src/stm32/libopencm3-examples/libopencm3/lib/libopencm3_stm32f0.a(vector.o)
channel_array                                     adc.o
cm3_assert_failed                                 /mnt/hdd/src/stm32/libopencm3-examples/libopencm3/lib/libopencm3_stm32f0.a(assert.o)
                                                  /mnt/hdd/src/stm32/libopencm3-examples/libopencm3/lib/libopencm3_stm32f0.a(rcc.o)
                                                  /mnt/hdd/src/stm32/libopencm3-examples/libopencm3/lib/libopencm3_stm32f0.a(adc.o)
cm3_assert_failed_verbose                         /mnt/hdd/src/stm32/libopencm3-examples/libopencm3/lib/libopencm3_stm32f0.a(assert.o)
dma1_channel1_isr                                 /mnt/hdd/src/stm32/libopencm3-examples/libopencm3/lib/libopencm3_stm32f0.a(vector.o)
dma1_channel2_3_dma2_channel1_2_isr               /mnt/hdd/src/stm32/libopencm3-examples/libopencm3/lib/libopencm3_stm32f0.a(vector.o)
dma1_channel4_7_dma2_channel3_5_isr               /mnt/hdd/src/stm32/libopencm3-examples/libopencm3/lib/libopencm3_stm32f0.a(vector.o)
end                                               /usr/lib/gcc/arm-none-eabi/12/../../../../arm-none-eabi/lib/thumb/v6-m/nofp/libnosys.a(sbrk.o)
errno                                             /usr/lib/gcc/arm-none-eabi/12/../../../../arm-none-eabi/lib/thumb/v6-m/nofp/libc.a(libc_a-reent.o)
                                                  /usr/lib/gcc/arm-none-eabi/12/../../../../arm-none-eabi/lib/thumb/v6-m/nofp/libnosys.a(write.o)
                                                  /usr/lib/gcc/arm-none-eabi/12/../../../../arm-none-eabi/lib/thumb/v6-m/nofp/libnosys.a(read.o)
                                                  /usr/lib/gcc/arm-none-eabi/12/../../../../arm-none-eabi/lib/thumb/v6-m/nofp/libnosys.a(lseek.o)
                                                  /usr/lib/gcc/arm-none-eabi/12/../../../../arm-none-eabi/lib/thumb/v6-m/nofp/libnosys.a(kill.o)
                                                  /usr/lib/gcc/arm-none-eabi/12/../../../../arm-none-eabi/lib/thumb/v6-m/nofp/libnosys.a(getpid.o)
                                                  /usr/lib/gcc/arm-none-eabi/12/../../../../arm-none-eabi/lib/thumb/v6-m/nofp/libnosys.a(close.o)
                                                  /usr/lib/gcc/arm-none-eabi/12/../../../../arm-none-eabi/lib/thumb/v6-m/nofp/libc.a(libc_a-writer.o)
                                                  /usr/lib/gcc/arm-none-eabi/12/../../../../arm-none-eabi/lib/thumb/v6-m/nofp/libc.a(libc_a-sbrkr.o)
                                                  /usr/lib/gcc/arm-none-eabi/12/../../../../arm-none-eabi/lib/thumb/v6-m/nofp/libc.a(libc_a-readr.o)
                                                  /usr/lib/gcc/arm-none-eabi/12/../../../../arm-none-eabi/lib/thumb/v6-m/nofp/libc.a(libc_a-lseekr.o)
                                                  /usr/lib/gcc/arm-none-eabi/12/../../../../arm-none-eabi/lib/thumb/v6-m/nofp/libc.a(libc_a-closer.o)
                                                  /usr/lib/gcc/arm-none-eabi/12/../../../../arm-none-eabi/lib/thumb/v6-m/nofp/libc.a(libc_a-signalr.o)
exti0_1_isr                                       /mnt/hdd/src/stm32/libopencm3-examples/libopencm3/lib/libopencm3_stm32f0.a(vector.o)
exti2_3_isr                                       /mnt/hdd/src/stm32/libopencm3-examples/libopencm3/lib/libopencm3_stm32f0.a(vector.o)
exti4_15_isr                                      /mnt/hdd/src/stm32/libopencm3-examples/libopencm3/lib/libopencm3_stm32f0.a(vector.o)
fclose                                            /usr/lib/gcc/arm-none-eabi/12/../../../../arm-none-eabi/lib/thumb/v6-m/nofp/libc.a(libc_a-fclose.o)
fflush                                            /usr/lib/gcc/arm-none-eabi/12/../../../../arm-none-eabi/lib/thumb/v6-m/nofp/libc.a(libc_a-fflush.o)
flash_isr                                         /mnt/hdd/src/stm32/libopencm3-examples/libopencm3/lib/libopencm3_stm32f0.a(vector.o)
flash_prefetch_disable                            /mnt/hdd/src/stm32/libopencm3-examples/libopencm3/lib/libopencm3_stm32f0.a(flash_common_all.o)
flash_prefetch_enable                             /mnt/hdd/src/stm32/libopencm3-examples/libopencm3/lib/libopencm3_stm32f0.a(flash_common_all.o)
                                                  /mnt/hdd/src/stm32/libopencm3-examples/libopencm3/lib/libopencm3_stm32f0.a(rcc.o)
flash_set_ws                                      /mnt/hdd/src/stm32/libopencm3-examples/libopencm3/lib/libopencm3_stm32f0.a(flash_common_all.o)
                                                  /mnt/hdd/src/stm32/libopencm3-examples/libopencm3/lib/libopencm3_stm32f0.a(rcc.o)
flash_unlock_option_bytes                         /mnt/hdd/src/stm32/libopencm3-examples/libopencm3/lib/libopencm3_stm32f0.a(flash_common_all.o)
gpio_mode_setup                                   /mnt/hdd/src/stm32/libopencm3-examples/libopencm3/lib/libopencm3_stm32f0.a(gpio_common_f0234.o)
                                                  adc.o
gpio_set_af                                       /mnt/hdd/src/stm32/libopencm3-examples/libopencm3/lib/libopencm3_stm32f0.a(gpio_common_f0234.o)
                                                  adc.o
gpio_set_output_options                           /mnt/hdd/src/stm32/libopencm3-examples/libopencm3/lib/libopencm3_stm32f0.a(gpio_common_f0234.o)
hard_fault_handler                                /mnt/hdd/src/stm32/libopencm3-examples/libopencm3/lib/libopencm3_stm32f0.a(vector.o)
i2c1_isr                                          /mnt/hdd/src/stm32/libopencm3-examples/libopencm3/lib/libopencm3_stm32f0.a(vector.o)
i2c2_isr                                          /mnt/hdd/src/stm32/libopencm3-examples/libopencm3/lib/libopencm3_stm32f0.a(vector.o)
main                                              adc.o
                                                  /mnt/hdd/src/stm32/libopencm3-examples/libopencm3/lib/libopencm3_stm32f0.a(vector.o)
memset                                            /usr/lib/gcc/arm-none-eabi/12/../../../../arm-none-eabi/lib/thumb/v6-m/nofp/libc.a(libc_a-memset.o)
                                                  /usr/lib/gcc/arm-none-eabi/12/../../../../arm-none-eabi/lib/thumb/v6-m/nofp/libc.a(libc_a-findfp.o)
nmi_handler                                       /mnt/hdd/src/stm32/libopencm3-examples/libopencm3/lib/libopencm3_stm32f0.a(vector.o)
null_handler                                      /mnt/hdd/src/stm32/libopencm3-examples/libopencm3/lib/libopencm3_stm32f0.a(vector.o)
pend_sv_handler                                   /mnt/hdd/src/stm32/libopencm3-examples/libopencm3/lib/libopencm3_stm32f0.a(vector.o)
pvd_isr                                           /mnt/hdd/src/stm32/libopencm3-examples/libopencm3/lib/libopencm3_stm32f0.a(vector.o)
raise                                             /usr/lib/gcc/arm-none-eabi/12/../../../../arm-none-eabi/lib/thumb/v6-m/nofp/libc.a(libc_a-signal.o)
                                                  /usr/lib/gcc/arm-none-eabi/12/../../../../arm-none-eabi/lib/thumb/v6-m/nofp/libc.a(libc_a-stack_protector.o)
rcc_ahb_frequency                                 /mnt/hdd/src/stm32/libopencm3-examples/libopencm3/lib/libopencm3_stm32f0.a(rcc.o)
rcc_apb1_frequency                                /mnt/hdd/src/stm32/libopencm3-examples/libopencm3/lib/libopencm3_stm32f0.a(rcc.o)
                                                  /mnt/hdd/src/stm32/libopencm3-examples/libopencm3/lib/libopencm3_stm32f0.a(usart_common_all.o)
rcc_clock_setup_in_hse_8mhz_out_48mhz             /mnt/hdd/src/stm32/libopencm3-examples/libopencm3/lib/libopencm3_stm32f0.a(rcc.o)
rcc_clock_setup_in_hsi48_out_48mhz                /mnt/hdd/src/stm32/libopencm3-examples/libopencm3/lib/libopencm3_stm32f0.a(rcc.o)
rcc_clock_setup_in_hsi_out_48mhz                  /mnt/hdd/src/stm32/libopencm3-examples/libopencm3/lib/libopencm3_stm32f0.a(rcc.o)
rcc_css_disable                                   /mnt/hdd/src/stm32/libopencm3-examples/libopencm3/lib/libopencm3_stm32f0.a(rcc.o)
rcc_css_enable                                    /mnt/hdd/src/stm32/libopencm3-examples/libopencm3/lib/libopencm3_stm32f0.a(rcc.o)
rcc_css_int_clear                                 /mnt/hdd/src/stm32/libopencm3-examples/libopencm3/lib/libopencm3_stm32f0.a(rcc.o)
rcc_css_int_flag                                  /mnt/hdd/src/stm32/libopencm3-examples/libopencm3/lib/libopencm3_stm32f0.a(rcc.o)
rcc_disable_rtc_clock                             /mnt/hdd/src/stm32/libopencm3-examples/libopencm3/lib/libopencm3_stm32f0.a(rcc.o)
rcc_enable_rtc_clock                              /mnt/hdd/src/stm32/libopencm3-examples/libopencm3/lib/libopencm3_stm32f0.a(rcc.o)
rcc_get_div_from_hpre                             /mnt/hdd/src/stm32/libopencm3-examples/libopencm3/lib/libopencm3_stm32f0.a(rcc_common_all.o)
                                                  /mnt/hdd/src/stm32/libopencm3-examples/libopencm3/lib/libopencm3_stm32f0.a(rcc.o)
rcc_get_i2c_clk_freq                              /mnt/hdd/src/stm32/libopencm3-examples/libopencm3/lib/libopencm3_stm32f0.a(rcc.o)
rcc_get_i2c_clocks                                /mnt/hdd/src/stm32/libopencm3-examples/libopencm3/lib/libopencm3_stm32f0.a(rcc.o)
rcc_get_spi_clk_freq                              /mnt/hdd/src/stm32/libopencm3-examples/libopencm3/lib/libopencm3_stm32f0.a(rcc.o)
rcc_get_timer_clk_freq                            /mnt/hdd/src/stm32/libopencm3-examples/libopencm3/lib/libopencm3_stm32f0.a(rcc.o)
rcc_get_usart_clk_freq                            /mnt/hdd/src/stm32/libopencm3-examples/libopencm3/lib/libopencm3_stm32f0.a(rcc.o)
rcc_is_osc_ready                                  /mnt/hdd/src/stm32/libopencm3-examples/libopencm3/lib/libopencm3_stm32f0.a(rcc.o)
rcc_isr                                           /mnt/hdd/src/stm32/libopencm3-examples/libopencm3/lib/libopencm3_stm32f0.a(vector.o)
rcc_osc_bypass_disable                            /mnt/hdd/src/stm32/libopencm3-examples/libopencm3/lib/libopencm3_stm32f0.a(rcc_common_all.o)
rcc_osc_bypass_enable                             /mnt/hdd/src/stm32/libopencm3-examples/libopencm3/lib/libopencm3_stm32f0.a(rcc_common_all.o)
rcc_osc_off                                       /mnt/hdd/src/stm32/libopencm3-examples/libopencm3/lib/libopencm3_stm32f0.a(rcc.o)
rcc_osc_on                                        /mnt/hdd/src/stm32/libopencm3-examples/libopencm3/lib/libopencm3_stm32f0.a(rcc.o)
rcc_osc_ready_int_clear                           /mnt/hdd/src/stm32/libopencm3-examples/libopencm3/lib/libopencm3_stm32f0.a(rcc.o)
rcc_osc_ready_int_disable                         /mnt/hdd/src/stm32/libopencm3-examples/libopencm3/lib/libopencm3_stm32f0.a(rcc.o)
rcc_osc_ready_int_enable                          /mnt/hdd/src/stm32/libopencm3-examples/libopencm3/lib/libopencm3_stm32f0.a(rcc.o)
rcc_osc_ready_int_flag                            /mnt/hdd/src/stm32/libopencm3-examples/libopencm3/lib/libopencm3_stm32f0.a(rcc.o)
rcc_periph_clock_disable                          /mnt/hdd/src/stm32/libopencm3-examples/libopencm3/lib/libopencm3_stm32f0.a(rcc_common_all.o)
rcc_periph_clock_enable                           /mnt/hdd/src/stm32/libopencm3-examples/libopencm3/lib/libopencm3_stm32f0.a(rcc_common_all.o)
                                                  adc.o
rcc_periph_reset_hold                             /mnt/hdd/src/stm32/libopencm3-examples/libopencm3/lib/libopencm3_stm32f0.a(rcc_common_all.o)
rcc_periph_reset_pulse                            /mnt/hdd/src/stm32/libopencm3-examples/libopencm3/lib/libopencm3_stm32f0.a(rcc_common_all.o)
rcc_periph_reset_release                          /mnt/hdd/src/stm32/libopencm3-examples/libopencm3/lib/libopencm3_stm32f0.a(rcc_common_all.o)
rcc_peripheral_clear_reset                        /mnt/hdd/src/stm32/libopencm3-examples/libopencm3/lib/libopencm3_stm32f0.a(rcc_common_all.o)
rcc_peripheral_disable_clock                      /mnt/hdd/src/stm32/libopencm3-examples/libopencm3/lib/libopencm3_stm32f0.a(rcc_common_all.o)
rcc_peripheral_enable_clock                       /mnt/hdd/src/stm32/libopencm3-examples/libopencm3/lib/libopencm3_stm32f0.a(rcc_common_all.o)
rcc_peripheral_reset                              /mnt/hdd/src/stm32/libopencm3-examples/libopencm3/lib/libopencm3_stm32f0.a(rcc_common_all.o)
rcc_set_hpre                                      /mnt/hdd/src/stm32/libopencm3-examples/libopencm3/lib/libopencm3_stm32f0.a(rcc.o)
rcc_set_i2c_clock_hsi                             /mnt/hdd/src/stm32/libopencm3-examples/libopencm3/lib/libopencm3_stm32f0.a(rcc.o)
rcc_set_i2c_clock_sysclk                          /mnt/hdd/src/stm32/libopencm3-examples/libopencm3/lib/libopencm3_stm32f0.a(rcc.o)
rcc_set_mco                                       /mnt/hdd/src/stm32/libopencm3-examples/libopencm3/lib/libopencm3_stm32f0.a(rcc_common_all.o)
rcc_set_pll_multiplication_factor                 /mnt/hdd/src/stm32/libopencm3-examples/libopencm3/lib/libopencm3_stm32f0.a(rcc.o)
rcc_set_pll_source                                /mnt/hdd/src/stm32/libopencm3-examples/libopencm3/lib/libopencm3_stm32f0.a(rcc.o)
rcc_set_pllxtpre                                  /mnt/hdd/src/stm32/libopencm3-examples/libopencm3/lib/libopencm3_stm32f0.a(rcc.o)
rcc_set_ppre                                      /mnt/hdd/src/stm32/libopencm3-examples/libopencm3/lib/libopencm3_stm32f0.a(rcc.o)
rcc_set_prediv                                    /mnt/hdd/src/stm32/libopencm3-examples/libopencm3/lib/libopencm3_stm32f0.a(rcc.o)
rcc_set_rtc_clock_source                          /mnt/hdd/src/stm32/libopencm3-examples/libopencm3/lib/libopencm3_stm32f0.a(rcc.o)
rcc_set_sysclk_source                             /mnt/hdd/src/stm32/libopencm3-examples/libopencm3/lib/libopencm3_stm32f0.a(rcc.o)
rcc_set_usbclk_source                             /mnt/hdd/src/stm32/libopencm3-examples/libopencm3/lib/libopencm3_stm32f0.a(rcc.o)
rcc_system_clock_source                           /mnt/hdd/src/stm32/libopencm3-examples/libopencm3/lib/libopencm3_stm32f0.a(rcc.o)
rcc_usb_clock_source                              /mnt/hdd/src/stm32/libopencm3-examples/libopencm3/lib/libopencm3_stm32f0.a(rcc.o)
rcc_wait_for_osc_ready                            /mnt/hdd/src/stm32/libopencm3-examples/libopencm3/lib/libopencm3_stm32f0.a(rcc.o)
reset_handler                                     /mnt/hdd/src/stm32/libopencm3-examples/libopencm3/lib/libopencm3_stm32f0.a(vector.o)
rtc_isr                                           /mnt/hdd/src/stm32/libopencm3-examples/libopencm3/lib/libopencm3_stm32f0.a(vector.o)
signal                                            /usr/lib/gcc/arm-none-eabi/12/../../../../arm-none-eabi/lib/thumb/v6-m/nofp/libc.a(libc_a-signal.o)
spi1_isr                                          /mnt/hdd/src/stm32/libopencm3-examples/libopencm3/lib/libopencm3_stm32f0.a(vector.o)
spi2_isr                                          /mnt/hdd/src/stm32/libopencm3-examples/libopencm3/lib/libopencm3_stm32f0.a(vector.o)
strlen                                            /usr/lib/gcc/arm-none-eabi/12/../../../../arm-none-eabi/lib/thumb/v6-m/nofp/libc.a(libc_a-strlen-stub.o)
                                                  /usr/lib/gcc/arm-none-eabi/12/../../../../arm-none-eabi/lib/thumb/v6-m/nofp/libc.a(libc_a-stack_protector.o)
sv_call_handler                                   /mnt/hdd/src/stm32/libopencm3-examples/libopencm3/lib/libopencm3_stm32f0.a(vector.o)
sys_tick_handler                                  /mnt/hdd/src/stm32/libopencm3-examples/libopencm3/lib/libopencm3_stm32f0.a(vector.o)
sysconf                                           /usr/lib/gcc/arm-none-eabi/12/../../../../arm-none-eabi/lib/thumb/v6-m/nofp/libc.a(libc_a-sysconf.o)
                                                  /usr/lib/gcc/arm-none-eabi/12/../../../../arm-none-eabi/lib/thumb/v6-m/nofp/libc.a(libc_a-freer.o)
                                                  /usr/lib/gcc/arm-none-eabi/12/../../../../arm-none-eabi/lib/thumb/v6-m/nofp/libc.a(libc_a-mallocr.o)
tim14_isr                                         /mnt/hdd/src/stm32/libopencm3-examples/libopencm3/lib/libopencm3_stm32f0.a(vector.o)
tim15_isr                                         /mnt/hdd/src/stm32/libopencm3-examples/libopencm3/lib/libopencm3_stm32f0.a(vector.o)
tim16_isr                                         /mnt/hdd/src/stm32/libopencm3-examples/libopencm3/lib/libopencm3_stm32f0.a(vector.o)
tim17_isr                                         /mnt/hdd/src/stm32/libopencm3-examples/libopencm3/lib/libopencm3_stm32f0.a(vector.o)
tim1_brk_up_trg_com_isr                           /mnt/hdd/src/stm32/libopencm3-examples/libopencm3/lib/libopencm3_stm32f0.a(vector.o)
tim1_cc_isr                                       /mnt/hdd/src/stm32/libopencm3-examples/libopencm3/lib/libopencm3_stm32f0.a(vector.o)
tim2_isr                                          /mnt/hdd/src/stm32/libopencm3-examples/libopencm3/lib/libopencm3_stm32f0.a(vector.o)
tim3_isr                                          /mnt/hdd/src/stm32/libopencm3-examples/libopencm3/lib/libopencm3_stm32f0.a(vector.o)
tim6_dac_isr                                      /mnt/hdd/src/stm32/libopencm3-examples/libopencm3/lib/libopencm3_stm32f0.a(vector.o)
tim7_isr                                          /mnt/hdd/src/stm32/libopencm3-examples/libopencm3/lib/libopencm3_stm32f0.a(vector.o)
tsc_isr                                           /mnt/hdd/src/stm32/libopencm3-examples/libopencm3/lib/libopencm3_stm32f0.a(vector.o)
usart1_isr                                        /mnt/hdd/src/stm32/libopencm3-examples/libopencm3/lib/libopencm3_stm32f0.a(vector.o)
usart2_isr                                        /mnt/hdd/src/stm32/libopencm3-examples/libopencm3/lib/libopencm3_stm32f0.a(vector.o)
usart3_4_isr                                      /mnt/hdd/src/stm32/libopencm3-examples/libopencm3/lib/libopencm3_stm32f0.a(vector.o)
usart_disable                                     /mnt/hdd/src/stm32/libopencm3-examples/libopencm3/lib/libopencm3_stm32f0.a(usart_common_all.o)
usart_disable_data_inversion                      /mnt/hdd/src/stm32/libopencm3-examples/libopencm3/lib/libopencm3_stm32f0.a(usart_common_v2.o)
usart_disable_error_interrupt                     /mnt/hdd/src/stm32/libopencm3-examples/libopencm3/lib/libopencm3_stm32f0.a(usart_common_all.o)
usart_disable_halfduplex                          /mnt/hdd/src/stm32/libopencm3-examples/libopencm3/lib/libopencm3_stm32f0.a(usart_common_v2.o)
usart_disable_idle_interrupt                      /mnt/hdd/src/stm32/libopencm3-examples/libopencm3/lib/libopencm3_stm32f0.a(usart_common_all.o)
usart_disable_rx_dma                              /mnt/hdd/src/stm32/libopencm3-examples/libopencm3/lib/libopencm3_stm32f0.a(usart_common_all.o)
usart_disable_rx_interrupt                        /mnt/hdd/src/stm32/libopencm3-examples/libopencm3/lib/libopencm3_stm32f0.a(usart_common_all.o)
usart_disable_rx_inversion                        /mnt/hdd/src/stm32/libopencm3-examples/libopencm3/lib/libopencm3_stm32f0.a(usart_common_v2.o)
usart_disable_rx_timeout                          /mnt/hdd/src/stm32/libopencm3-examples/libopencm3/lib/libopencm3_stm32f0.a(usart_common_v2.o)
usart_disable_rx_timeout_interrupt                /mnt/hdd/src/stm32/libopencm3-examples/libopencm3/lib/libopencm3_stm32f0.a(usart_common_v2.o)
usart_disable_tx_complete_interrupt               /mnt/hdd/src/stm32/libopencm3-examples/libopencm3/lib/libopencm3_stm32f0.a(usart_common_all.o)
usart_disable_tx_dma                              /mnt/hdd/src/stm32/libopencm3-examples/libopencm3/lib/libopencm3_stm32f0.a(usart_common_all.o)
usart_disable_tx_interrupt                        /mnt/hdd/src/stm32/libopencm3-examples/libopencm3/lib/libopencm3_stm32f0.a(usart_common_all.o)
usart_disable_tx_inversion                        /mnt/hdd/src/stm32/libopencm3-examples/libopencm3/lib/libopencm3_stm32f0.a(usart_common_v2.o)
usart_enable                                      /mnt/hdd/src/stm32/libopencm3-examples/libopencm3/lib/libopencm3_stm32f0.a(usart_common_all.o)
                                                  adc.o
usart_enable_data_inversion                       /mnt/hdd/src/stm32/libopencm3-examples/libopencm3/lib/libopencm3_stm32f0.a(usart_common_v2.o)
usart_enable_error_interrupt                      /mnt/hdd/src/stm32/libopencm3-examples/libopencm3/lib/libopencm3_stm32f0.a(usart_common_all.o)
usart_enable_halfduplex                           /mnt/hdd/src/stm32/libopencm3-examples/libopencm3/lib/libopencm3_stm32f0.a(usart_common_v2.o)
usart_enable_idle_interrupt                       /mnt/hdd/src/stm32/libopencm3-examples/libopencm3/lib/libopencm3_stm32f0.a(usart_common_all.o)
usart_enable_rx_dma                               /mnt/hdd/src/stm32/libopencm3-examples/libopencm3/lib/libopencm3_stm32f0.a(usart_common_all.o)
usart_enable_rx_interrupt                         /mnt/hdd/src/stm32/libopencm3-examples/libopencm3/lib/libopencm3_stm32f0.a(usart_common_all.o)
usart_enable_rx_inversion                         /mnt/hdd/src/stm32/libopencm3-examples/libopencm3/lib/libopencm3_stm32f0.a(usart_common_v2.o)
usart_enable_rx_timeout                           /mnt/hdd/src/stm32/libopencm3-examples/libopencm3/lib/libopencm3_stm32f0.a(usart_common_v2.o)
usart_enable_rx_timeout_interrupt                 /mnt/hdd/src/stm32/libopencm3-examples/libopencm3/lib/libopencm3_stm32f0.a(usart_common_v2.o)
usart_enable_tx_complete_interrupt                /mnt/hdd/src/stm32/libopencm3-examples/libopencm3/lib/libopencm3_stm32f0.a(usart_common_all.o)
usart_enable_tx_dma                               /mnt/hdd/src/stm32/libopencm3-examples/libopencm3/lib/libopencm3_stm32f0.a(usart_common_all.o)
usart_enable_tx_interrupt                         /mnt/hdd/src/stm32/libopencm3-examples/libopencm3/lib/libopencm3_stm32f0.a(usart_common_all.o)
usart_enable_tx_inversion                         /mnt/hdd/src/stm32/libopencm3-examples/libopencm3/lib/libopencm3_stm32f0.a(usart_common_v2.o)
usart_get_flag                                    /mnt/hdd/src/stm32/libopencm3-examples/libopencm3/lib/libopencm3_stm32f0.a(usart_common_v2.o)
usart_recv                                        /mnt/hdd/src/stm32/libopencm3-examples/libopencm3/lib/libopencm3_stm32f0.a(usart_common_v2.o)
                                                  /mnt/hdd/src/stm32/libopencm3-examples/libopencm3/lib/libopencm3_stm32f0.a(usart_common_all.o)
usart_recv_blocking                               /mnt/hdd/src/stm32/libopencm3-examples/libopencm3/lib/libopencm3_stm32f0.a(usart_common_all.o)
usart_send                                        /mnt/hdd/src/stm32/libopencm3-examples/libopencm3/lib/libopencm3_stm32f0.a(usart_common_v2.o)
                                                  /mnt/hdd/src/stm32/libopencm3-examples/libopencm3/lib/libopencm3_stm32f0.a(usart_common_all.o)
usart_send_blocking                               /mnt/hdd/src/stm32/libopencm3-examples/libopencm3/lib/libopencm3_stm32f0.a(usart_common_all.o)
                                                  adc.o
usart_set_baudrate                                /mnt/hdd/src/stm32/libopencm3-examples/libopencm3/lib/libopencm3_stm32f0.a(usart_common_all.o)
                                                  adc.o
usart_set_databits                                /mnt/hdd/src/stm32/libopencm3-examples/libopencm3/lib/libopencm3_stm32f0.a(usart_common_all.o)
                                                  adc.o
usart_set_flow_control                            /mnt/hdd/src/stm32/libopencm3-examples/libopencm3/lib/libopencm3_stm32f0.a(usart_common_all.o)
                                                  adc.o
usart_set_mode                                    /mnt/hdd/src/stm32/libopencm3-examples/libopencm3/lib/libopencm3_stm32f0.a(usart_common_all.o)
                                                  adc.o
usart_set_parity                                  /mnt/hdd/src/stm32/libopencm3-examples/libopencm3/lib/libopencm3_stm32f0.a(usart_common_all.o)
                                                  adc.o
usart_set_rx_timeout_value                        /mnt/hdd/src/stm32/libopencm3-examples/libopencm3/lib/libopencm3_stm32f0.a(usart_common_v2.o)
usart_set_stopbits                                /mnt/hdd/src/stm32/libopencm3-examples/libopencm3/lib/libopencm3_stm32f0.a(usart_common_all.o)
                                                  adc.o
usart_wait_recv_ready                             /mnt/hdd/src/stm32/libopencm3-examples/libopencm3/lib/libopencm3_stm32f0.a(usart_common_v2.o)
                                                  /mnt/hdd/src/stm32/libopencm3-examples/libopencm3/lib/libopencm3_stm32f0.a(usart_common_all.o)
usart_wait_send_ready                             /mnt/hdd/src/stm32/libopencm3-examples/libopencm3/lib/libopencm3_stm32f0.a(usart_common_v2.o)
                                                  /mnt/hdd/src/stm32/libopencm3-examples/libopencm3/lib/libopencm3_stm32f0.a(usart_common_all.o)
usb_isr                                           /mnt/hdd/src/stm32/libopencm3-examples/libopencm3/lib/libopencm3_stm32f0.a(vector.o)
vector_table                                      /mnt/hdd/src/stm32/libopencm3-examples/libopencm3/lib/libopencm3_stm32f0.a(vector.o)
write                                             /usr/lib/gcc/arm-none-eabi/12/../../../../arm-none-eabi/lib/thumb/v6-m/nofp/libc.a(libc_a-syswrite.o)
                                                  /usr/lib/gcc/arm-none-eabi/12/../../../../arm-none-eabi/lib/thumb/v6-m/nofp/libc.a(libc_a-stack_protector.o)
wwdg_isr                                          /mnt/hdd/src/stm32/libopencm3-examples/libopencm3/lib/libopencm3_stm32f0.a(vector.o)