Archive member included to satisfy reference by file (symbol)

/mnt/hdd/src/stm32/libopencm3-examples/libopencm3/lib/libopencm3_stm32f0.a(gpio_common_all.o)
                              button.o (gpio_get)
/mnt/hdd/src/stm32/libopencm3-examples/libopencm3/lib/libopencm3_stm32f0.a(gpio_common_f0234.o)
                              button.o (gpio_mode_setup)
/mnt/hdd/src/stm32/libopencm3-examples/libopencm3/lib/libopencm3_stm32f0.a(rcc.o)
                              button.o (rcc_clock_setup_in_hsi_out_48mhz)
/mnt/hdd/src/stm32/libopencm3-examples/libopencm3/lib/libopencm3_stm32f0.a(rcc_common_all.o)
                              button.o (rcc_periph_clock_enable)
/mnt/hdd/src/stm32/libopencm3-examples/libopencm3/lib/libopencm3_stm32f0.a(vector.o)
                              (reset_handler)
/mnt/hdd/src/stm32/libopencm3-examples/libopencm3/lib/libopencm3_stm32f0.a(assert.o)
                              /mnt/hdd/src/stm32/libopencm3-examples/libopencm3/lib/libopencm3_stm32f0.a(rcc.o) (cm3_assert_failed)
/mnt/hdd/src/stm32/libopencm3-examples/libopencm3/lib/libopencm3_stm32f0.a(flash_common_all.o)
                              /mnt/hdd/src/stm32/libopencm3-examples/libopencm3/lib/libopencm3_stm32f0.a(rcc.o) (flash_prefetch_enable)
/usr/lib/gcc/arm-none-eabi/12/thumb/v6-m/nofp/libgcc.a(_thumb1_case_uqi.o)
                              /mnt/hdd/src/stm32/libopencm3-examples/libopencm3/lib/libopencm3_stm32f0.a(rcc.o) (__gnu_thumb1_case_uqi)

Discarded input sections

 .group         0x0000000000000000        0xc button.o
 .group         0x0000000000000000        0xc button.o
 .group         0x0000000000000000        0xc button.o
 .group         0x0000000000000000        0xc button.o
 .group         0x0000000000000000        0xc button.o
 .group         0x0000000000000000        0xc button.o
 .group         0x0000000000000000        0xc button.o
 .group         0x0000000000000000        0xc button.o
 .group         0x0000000000000000        0xc button.o
 .group         0x0000000000000000        0xc button.o
 .group         0x0000000000000000        0xc button.o
 .group         0x0000000000000000        0xc button.o
 .group         0x0000000000000000        0xc button.o
 .group         0x0000000000000000        0xc button.o
 .group         0x0000000000000000        0xc button.o
 .group         0x0000000000000000        0xc button.o
 .group         0x0000000000000000        0xc button.o
 .text          0x0000000000000000        0x0 button.o
 .data          0x0000000000000000        0x0 button.o
 .bss           0x0000000000000000        0x0 button.o
 .group         0x0000000000000000        0xc /mnt/hdd/src/stm32/libopencm3-examples/libopencm3/lib/libopencm3_stm32f0.a(gpio_common_all.o)
 .group         0x0000000000000000        0xc /mnt/hdd/src/stm32/libopencm3-examples/libopencm3/lib/libopencm3_stm32f0.a(gpio_common_all.o)
 .group         0x0000000000000000        0xc /mnt/hdd/src/stm32/libopencm3-examples/libopencm3/lib/libopencm3_stm32f0.a(gpio_common_all.o)
 .group         0x0000000000000000        0xc /mnt/hdd/src/stm32/libopencm3-examples/libopencm3/lib/libopencm3_stm32f0.a(gpio_common_all.o)
 .group         0x0000000000000000        0xc /mnt/hdd/src/stm32/libopencm3-examples/libopencm3/lib/libopencm3_stm32f0.a(gpio_common_all.o)
 .group         0x0000000000000000        0xc /mnt/hdd/src/stm32/libopencm3-examples/libopencm3/lib/libopencm3_stm32f0.a(gpio_common_all.o)
 .group         0x0000000000000000        0xc /mnt/hdd/src/stm32/libopencm3-examples/libopencm3/lib/libopencm3_stm32f0.a(gpio_common_all.o)
 .group         0x0000000000000000        0xc /mnt/hdd/src/stm32/libopencm3-examples/libopencm3/lib/libopencm3_stm32f0.a(gpio_common_all.o)
 .group         0x0000000000000000        0xc /mnt/hdd/src/stm32/libopencm3-examples/libopencm3/lib/libopencm3_stm32f0.a(gpio_common_all.o)
 .group         0x0000000000000000        0xc /mnt/hdd/src/stm32/libopencm3-examples/libopencm3/lib/libopencm3_stm32f0.a(gpio_common_all.o)
 .group         0x0000000000000000        0xc /mnt/hdd/src/stm32/libopencm3-examples/libopencm3/lib/libopencm3_stm32f0.a(gpio_common_all.o)
 .group         0x0000000000000000        0xc /mnt/hdd/src/stm32/libopencm3-examples/libopencm3/lib/libopencm3_stm32f0.a(gpio_common_all.o)
 .group         0x0000000000000000        0xc /mnt/hdd/src/stm32/libopencm3-examples/libopencm3/lib/libopencm3_stm32f0.a(gpio_common_all.o)
 .group         0x0000000000000000        0xc /mnt/hdd/src/stm32/libopencm3-examples/libopencm3/lib/libopencm3_stm32f0.a(gpio_common_all.o)
 .group         0x0000000000000000        0xc /mnt/hdd/src/stm32/libopencm3-examples/libopencm3/lib/libopencm3_stm32f0.a(gpio_common_all.o)
 .group         0x0000000000000000        0xc /mnt/hdd/src/stm32/libopencm3-examples/libopencm3/lib/libopencm3_stm32f0.a(gpio_common_all.o)
 .text          0x0000000000000000        0x0 /mnt/hdd/src/stm32/libopencm3-examples/libopencm3/lib/libopencm3_stm32f0.a(gpio_common_all.o)
 .data          0x0000000000000000        0x0 /mnt/hdd/src/stm32/libopencm3-examples/libopencm3/lib/libopencm3_stm32f0.a(gpio_common_all.o)
 .bss           0x0000000000000000        0x0 /mnt/hdd/src/stm32/libopencm3-examples/libopencm3/lib/libopencm3_stm32f0.a(gpio_common_all.o)
 .text.gpio_set
                0x0000000000000000        0x4 /mnt/hdd/src/stm32/libopencm3-examples/libopencm3/lib/libopencm3_stm32f0.a(gpio_common_all.o)
 .text.gpio_clear
                0x0000000000000000        0x6 /mnt/hdd/src/stm32/libopencm3-examples/libopencm3/lib/libopencm3_stm32f0.a(gpio_common_all.o)
 .text.gpio_port_read
                0x0000000000000000        0x6 /mnt/hdd/src/stm32/libopencm3-examples/libopencm3/lib/libopencm3_stm32f0.a(gpio_common_all.o)
 .text.gpio_port_write
                0x0000000000000000        0x4 /mnt/hdd/src/stm32/libopencm3-examples/libopencm3/lib/libopencm3_stm32f0.a(gpio_common_all.o)
 .text.gpio_port_config_lock
                0x0000000000000000       0x12 /mnt/hdd/src/stm32/libopencm3-examples/libopencm3/lib/libopencm3_stm32f0.a(gpio_common_all.o)
 .debug_macro   0x0000000000000000      0x7d2 /mnt/hdd/src/stm32/libopencm3-examples/libopencm3/lib/libopencm3_stm32f0.a(gpio_common_all.o)
 .debug_macro   0x0000000000000000       0x1c /mnt/hdd/src/stm32/libopencm3-examples/libopencm3/lib/libopencm3_stm32f0.a(gpio_common_all.o)
 .debug_macro   0x0000000000000000       0x22 /mnt/hdd/src/stm32/libopencm3-examples/libopencm3/lib/libopencm3_stm32f0.a(gpio_common_all.o)
 .debug_macro   0x0000000000000000       0x56 /mnt/hdd/src/stm32/libopencm3-examples/libopencm3/lib/libopencm3_stm32f0.a(gpio_common_all.o)
 .debug_macro   0x0000000000000000       0x51 /mnt/hdd/src/stm32/libopencm3-examples/libopencm3/lib/libopencm3_stm32f0.a(gpio_common_all.o)
 .debug_macro   0x0000000000000000      0x103 /mnt/hdd/src/stm32/libopencm3-examples/libopencm3/lib/libopencm3_stm32f0.a(gpio_common_all.o)
 .debug_macro   0x0000000000000000       0x6a /mnt/hdd/src/stm32/libopencm3-examples/libopencm3/lib/libopencm3_stm32f0.a(gpio_common_all.o)
 .debug_macro   0x0000000000000000      0x1df /mnt/hdd/src/stm32/libopencm3-examples/libopencm3/lib/libopencm3_stm32f0.a(gpio_common_all.o)
 .debug_macro   0x0000000000000000       0x22 /mnt/hdd/src/stm32/libopencm3-examples/libopencm3/lib/libopencm3_stm32f0.a(gpio_common_all.o)
 .debug_macro   0x0000000000000000       0xe8 /mnt/hdd/src/stm32/libopencm3-examples/libopencm3/lib/libopencm3_stm32f0.a(gpio_common_all.o)
 .debug_macro   0x0000000000000000       0x52 /mnt/hdd/src/stm32/libopencm3-examples/libopencm3/lib/libopencm3_stm32f0.a(gpio_common_all.o)
 .debug_macro   0x0000000000000000      0x178 /mnt/hdd/src/stm32/libopencm3-examples/libopencm3/lib/libopencm3_stm32f0.a(gpio_common_all.o)
 .debug_macro   0x0000000000000000       0x76 /mnt/hdd/src/stm32/libopencm3-examples/libopencm3/lib/libopencm3_stm32f0.a(gpio_common_all.o)
 .debug_macro   0x0000000000000000      0x37e /mnt/hdd/src/stm32/libopencm3-examples/libopencm3/lib/libopencm3_stm32f0.a(gpio_common_all.o)
 .debug_macro   0x0000000000000000       0xca /mnt/hdd/src/stm32/libopencm3-examples/libopencm3/lib/libopencm3_stm32f0.a(gpio_common_all.o)
 .debug_macro   0x0000000000000000       0x3a /mnt/hdd/src/stm32/libopencm3-examples/libopencm3/lib/libopencm3_stm32f0.a(gpio_common_all.o)
 .group         0x0000000000000000        0xc /mnt/hdd/src/stm32/libopencm3-examples/libopencm3/lib/libopencm3_stm32f0.a(gpio_common_f0234.o)
 .group         0x0000000000000000        0xc /mnt/hdd/src/stm32/libopencm3-examples/libopencm3/lib/libopencm3_stm32f0.a(gpio_common_f0234.o)
 .group         0x0000000000000000        0xc /mnt/hdd/src/stm32/libopencm3-examples/libopencm3/lib/libopencm3_stm32f0.a(gpio_common_f0234.o)
 .group         0x0000000000000000        0xc /mnt/hdd/src/stm32/libopencm3-examples/libopencm3/lib/libopencm3_stm32f0.a(gpio_common_f0234.o)
 .group         0x0000000000000000        0xc /mnt/hdd/src/stm32/libopencm3-examples/libopencm3/lib/libopencm3_stm32f0.a(gpio_common_f0234.o)
 .group         0x0000000000000000        0xc /mnt/hdd/src/stm32/libopencm3-examples/libopencm3/lib/libopencm3_stm32f0.a(gpio_common_f0234.o)
 .group         0x0000000000000000        0xc /mnt/hdd/src/stm32/libopencm3-examples/libopencm3/lib/libopencm3_stm32f0.a(gpio_common_f0234.o)
 .group         0x0000000000000000        0xc /mnt/hdd/src/stm32/libopencm3-examples/libopencm3/lib/libopencm3_stm32f0.a(gpio_common_f0234.o)
 .group         0x0000000000000000        0xc /mnt/hdd/src/stm32/libopencm3-examples/libopencm3/lib/libopencm3_stm32f0.a(gpio_common_f0234.o)
 .group         0x0000000000000000        0xc /mnt/hdd/src/stm32/libopencm3-examples/libopencm3/lib/libopencm3_stm32f0.a(gpio_common_f0234.o)
 .group         0x0000000000000000        0xc /mnt/hdd/src/stm32/libopencm3-examples/libopencm3/lib/libopencm3_stm32f0.a(gpio_common_f0234.o)
 .group         0x0000000000000000        0xc /mnt/hdd/src/stm32/libopencm3-examples/libopencm3/lib/libopencm3_stm32f0.a(gpio_common_f0234.o)
 .group         0x0000000000000000        0xc /mnt/hdd/src/stm32/libopencm3-examples/libopencm3/lib/libopencm3_stm32f0.a(gpio_common_f0234.o)
 .group         0x0000000000000000        0xc /mnt/hdd/src/stm32/libopencm3-examples/libopencm3/lib/libopencm3_stm32f0.a(gpio_common_f0234.o)
 .group         0x0000000000000000        0xc /mnt/hdd/src/stm32/libopencm3-examples/libopencm3/lib/libopencm3_stm32f0.a(gpio_common_f0234.o)
 .group         0x0000000000000000        0xc /mnt/hdd/src/stm32/libopencm3-examples/libopencm3/lib/libopencm3_stm32f0.a(gpio_common_f0234.o)
 .text          0x0000000000000000        0x0 /mnt/hdd/src/stm32/libopencm3-examples/libopencm3/lib/libopencm3_stm32f0.a(gpio_common_f0234.o)
 .data          0x0000000000000000        0x0 /mnt/hdd/src/stm32/libopencm3-examples/libopencm3/lib/libopencm3_stm32f0.a(gpio_common_f0234.o)
 .bss           0x0000000000000000        0x0 /mnt/hdd/src/stm32/libopencm3-examples/libopencm3/lib/libopencm3_stm32f0.a(gpio_common_f0234.o)
 .text.gpio_set_output_options
                0x0000000000000000       0x3c /mnt/hdd/src/stm32/libopencm3-examples/libopencm3/lib/libopencm3_stm32f0.a(gpio_common_f0234.o)
 .text.gpio_set_af
                0x0000000000000000       0x58 /mnt/hdd/src/stm32/libopencm3-examples/libopencm3/lib/libopencm3_stm32f0.a(gpio_common_f0234.o)
 .debug_macro   0x0000000000000000      0x7d2 /mnt/hdd/src/stm32/libopencm3-examples/libopencm3/lib/libopencm3_stm32f0.a(gpio_common_f0234.o)
 .debug_macro   0x0000000000000000       0x1c /mnt/hdd/src/stm32/libopencm3-examples/libopencm3/lib/libopencm3_stm32f0.a(gpio_common_f0234.o)
 .debug_macro   0x0000000000000000       0x22 /mnt/hdd/src/stm32/libopencm3-examples/libopencm3/lib/libopencm3_stm32f0.a(gpio_common_f0234.o)
 .debug_macro   0x0000000000000000       0x56 /mnt/hdd/src/stm32/libopencm3-examples/libopencm3/lib/libopencm3_stm32f0.a(gpio_common_f0234.o)
 .debug_macro   0x0000000000000000       0x51 /mnt/hdd/src/stm32/libopencm3-examples/libopencm3/lib/libopencm3_stm32f0.a(gpio_common_f0234.o)
 .debug_macro   0x0000000000000000      0x103 /mnt/hdd/src/stm32/libopencm3-examples/libopencm3/lib/libopencm3_stm32f0.a(gpio_common_f0234.o)
 .debug_macro   0x0000000000000000       0x6a /mnt/hdd/src/stm32/libopencm3-examples/libopencm3/lib/libopencm3_stm32f0.a(gpio_common_f0234.o)
 .debug_macro   0x0000000000000000      0x1df /mnt/hdd/src/stm32/libopencm3-examples/libopencm3/lib/libopencm3_stm32f0.a(gpio_common_f0234.o)
 .debug_macro   0x0000000000000000       0x22 /mnt/hdd/src/stm32/libopencm3-examples/libopencm3/lib/libopencm3_stm32f0.a(gpio_common_f0234.o)
 .debug_macro   0x0000000000000000       0xe8 /mnt/hdd/src/stm32/libopencm3-examples/libopencm3/lib/libopencm3_stm32f0.a(gpio_common_f0234.o)
 .debug_macro   0x0000000000000000       0x52 /mnt/hdd/src/stm32/libopencm3-examples/libopencm3/lib/libopencm3_stm32f0.a(gpio_common_f0234.o)
 .debug_macro   0x0000000000000000      0x178 /mnt/hdd/src/stm32/libopencm3-examples/libopencm3/lib/libopencm3_stm32f0.a(gpio_common_f0234.o)
 .debug_macro   0x0000000000000000       0x76 /mnt/hdd/src/stm32/libopencm3-examples/libopencm3/lib/libopencm3_stm32f0.a(gpio_common_f0234.o)
 .debug_macro   0x0000000000000000      0x37e /mnt/hdd/src/stm32/libopencm3-examples/libopencm3/lib/libopencm3_stm32f0.a(gpio_common_f0234.o)
 .debug_macro   0x0000000000000000       0xca /mnt/hdd/src/stm32/libopencm3-examples/libopencm3/lib/libopencm3_stm32f0.a(gpio_common_f0234.o)
 .debug_macro   0x0000000000000000       0x3a /mnt/hdd/src/stm32/libopencm3-examples/libopencm3/lib/libopencm3_stm32f0.a(gpio_common_f0234.o)
 .group         0x0000000000000000        0xc /mnt/hdd/src/stm32/libopencm3-examples/libopencm3/lib/libopencm3_stm32f0.a(rcc.o)
 .group         0x0000000000000000        0xc /mnt/hdd/src/stm32/libopencm3-examples/libopencm3/lib/libopencm3_stm32f0.a(rcc.o)
 .group         0x0000000000000000        0xc /mnt/hdd/src/stm32/libopencm3-examples/libopencm3/lib/libopencm3_stm32f0.a(rcc.o)
 .group         0x0000000000000000        0xc /mnt/hdd/src/stm32/libopencm3-examples/libopencm3/lib/libopencm3_stm32f0.a(rcc.o)
 .group         0x0000000000000000        0xc /mnt/hdd/src/stm32/libopencm3-examples/libopencm3/lib/libopencm3_stm32f0.a(rcc.o)
 .group         0x0000000000000000        0xc /mnt/hdd/src/stm32/libopencm3-examples/libopencm3/lib/libopencm3_stm32f0.a(rcc.o)
 .group         0x0000000000000000        0xc /mnt/hdd/src/stm32/libopencm3-examples/libopencm3/lib/libopencm3_stm32f0.a(rcc.o)
 .group         0x0000000000000000        0xc /mnt/hdd/src/stm32/libopencm3-examples/libopencm3/lib/libopencm3_stm32f0.a(rcc.o)
 .group         0x0000000000000000        0xc /mnt/hdd/src/stm32/libopencm3-examples/libopencm3/lib/libopencm3_stm32f0.a(rcc.o)
 .group         0x0000000000000000        0xc /mnt/hdd/src/stm32/libopencm3-examples/libopencm3/lib/libopencm3_stm32f0.a(rcc.o)
 .group         0x0000000000000000        0xc /mnt/hdd/src/stm32/libopencm3-examples/libopencm3/lib/libopencm3_stm32f0.a(rcc.o)
 .group         0x0000000000000000        0xc /mnt/hdd/src/stm32/libopencm3-examples/libopencm3/lib/libopencm3_stm32f0.a(rcc.o)
 .group         0x0000000000000000        0xc /mnt/hdd/src/stm32/libopencm3-examples/libopencm3/lib/libopencm3_stm32f0.a(rcc.o)
 .group         0x0000000000000000        0xc /mnt/hdd/src/stm32/libopencm3-examples/libopencm3/lib/libopencm3_stm32f0.a(rcc.o)
 .group         0x0000000000000000        0xc /mnt/hdd/src/stm32/libopencm3-examples/libopencm3/lib/libopencm3_stm32f0.a(rcc.o)
 .group         0x0000000000000000        0xc /mnt/hdd/src/stm32/libopencm3-examples/libopencm3/lib/libopencm3_stm32f0.a(rcc.o)
 .group         0x0000000000000000        0xc /mnt/hdd/src/stm32/libopencm3-examples/libopencm3/lib/libopencm3_stm32f0.a(rcc.o)
 .group         0x0000000000000000        0xc /mnt/hdd/src/stm32/libopencm3-examples/libopencm3/lib/libopencm3_stm32f0.a(rcc.o)
 .text          0x0000000000000000        0x0 /mnt/hdd/src/stm32/libopencm3-examples/libopencm3/lib/libopencm3_stm32f0.a(rcc.o)
 .data          0x0000000000000000        0x0 /mnt/hdd/src/stm32/libopencm3-examples/libopencm3/lib/libopencm3_stm32f0.a(rcc.o)
 .bss           0x0000000000000000        0x0 /mnt/hdd/src/stm32/libopencm3-examples/libopencm3/lib/libopencm3_stm32f0.a(rcc.o)
 .text.rcc_get_usart_clksel_freq
                0x0000000000000000       0x50 /mnt/hdd/src/stm32/libopencm3-examples/libopencm3/lib/libopencm3_stm32f0.a(rcc.o)
 .text.rcc_osc_ready_int_clear
                0x0000000000000000       0x3c /mnt/hdd/src/stm32/libopencm3-examples/libopencm3/lib/libopencm3_stm32f0.a(rcc.o)
 .text.rcc_osc_ready_int_enable
                0x0000000000000000       0x3c /mnt/hdd/src/stm32/libopencm3-examples/libopencm3/lib/libopencm3_stm32f0.a(rcc.o)
 .text.rcc_osc_ready_int_disable
                0x0000000000000000       0x58 /mnt/hdd/src/stm32/libopencm3-examples/libopencm3/lib/libopencm3_stm32f0.a(rcc.o)
 .text.rcc_osc_ready_int_flag
                0x0000000000000000       0x3c /mnt/hdd/src/stm32/libopencm3-examples/libopencm3/lib/libopencm3_stm32f0.a(rcc.o)
 .text.rcc_css_int_clear
                0x0000000000000000       0x14 /mnt/hdd/src/stm32/libopencm3-examples/libopencm3/lib/libopencm3_stm32f0.a(rcc.o)
 .text.rcc_css_int_flag
                0x0000000000000000       0x10 /mnt/hdd/src/stm32/libopencm3-examples/libopencm3/lib/libopencm3_stm32f0.a(rcc.o)
 .text.rcc_osc_off
                0x0000000000000000       0x4c /mnt/hdd/src/stm32/libopencm3-examples/libopencm3/lib/libopencm3_stm32f0.a(rcc.o)
 .text.rcc_css_enable
                0x0000000000000000       0x14 /mnt/hdd/src/stm32/libopencm3-examples/libopencm3/lib/libopencm3_stm32f0.a(rcc.o)
 .text.rcc_css_disable
                0x0000000000000000       0x14 /mnt/hdd/src/stm32/libopencm3-examples/libopencm3/lib/libopencm3_stm32f0.a(rcc.o)
 .text.rcc_set_usbclk_source
                0x0000000000000000       0x24 /mnt/hdd/src/stm32/libopencm3-examples/libopencm3/lib/libopencm3_stm32f0.a(rcc.o)
 .text.rcc_enable_rtc_clock
                0x0000000000000000       0x14 /mnt/hdd/src/stm32/libopencm3-examples/libopencm3/lib/libopencm3_stm32f0.a(rcc.o)
 .text.rcc_disable_rtc_clock
                0x0000000000000000       0x14 /mnt/hdd/src/stm32/libopencm3-examples/libopencm3/lib/libopencm3_stm32f0.a(rcc.o)
 .text.rcc_set_rtc_clock_source
                0x0000000000000000       0x44 /mnt/hdd/src/stm32/libopencm3-examples/libopencm3/lib/libopencm3_stm32f0.a(rcc.o)
 .text.rcc_set_pllxtpre
                0x0000000000000000       0x18 /mnt/hdd/src/stm32/libopencm3-examples/libopencm3/lib/libopencm3_stm32f0.a(rcc.o)
 .text.rcc_set_prediv
                0x0000000000000000       0x14 /mnt/hdd/src/stm32/libopencm3-examples/libopencm3/lib/libopencm3_stm32f0.a(rcc.o)
 .text.rcc_system_clock_source
                0x0000000000000000       0x34 /mnt/hdd/src/stm32/libopencm3-examples/libopencm3/lib/libopencm3_stm32f0.a(rcc.o)
 .text.rcc_set_i2c_clock_hsi
                0x0000000000000000       0x1c /mnt/hdd/src/stm32/libopencm3-examples/libopencm3/lib/libopencm3_stm32f0.a(rcc.o)
 .text.rcc_set_i2c_clock_sysclk
                0x0000000000000000       0x1c /mnt/hdd/src/stm32/libopencm3-examples/libopencm3/lib/libopencm3_stm32f0.a(rcc.o)
 .text.rcc_get_i2c_clocks
                0x0000000000000000       0x10 /mnt/hdd/src/stm32/libopencm3-examples/libopencm3/lib/libopencm3_stm32f0.a(rcc.o)
 .text.rcc_usb_clock_source
                0x0000000000000000       0x14 /mnt/hdd/src/stm32/libopencm3-examples/libopencm3/lib/libopencm3_stm32f0.a(rcc.o)
 .text.rcc_clock_setup_in_hse_8mhz_out_48mhz
                0x0000000000000000       0x74 /mnt/hdd/src/stm32/libopencm3-examples/libopencm3/lib/libopencm3_stm32f0.a(rcc.o)
 .text.rcc_clock_setup_in_hsi48_out_48mhz
                0x0000000000000000       0x44 /mnt/hdd/src/stm32/libopencm3-examples/libopencm3/lib/libopencm3_stm32f0.a(rcc.o)
 .text.rcc_get_usart_clk_freq
                0x0000000000000000       0x3c /mnt/hdd/src/stm32/libopencm3-examples/libopencm3/lib/libopencm3_stm32f0.a(rcc.o)
 .text.rcc_get_timer_clk_freq
                0x0000000000000000       0x1c /mnt/hdd/src/stm32/libopencm3-examples/libopencm3/lib/libopencm3_stm32f0.a(rcc.o)
 .text.rcc_get_i2c_clk_freq
                0x0000000000000000       0x48 /mnt/hdd/src/stm32/libopencm3-examples/libopencm3/lib/libopencm3_stm32f0.a(rcc.o)
 .text.rcc_get_spi_clk_freq
                0x0000000000000000        0xc /mnt/hdd/src/stm32/libopencm3-examples/libopencm3/lib/libopencm3_stm32f0.a(rcc.o)
 .debug_macro   0x0000000000000000      0x7d2 /mnt/hdd/src/stm32/libopencm3-examples/libopencm3/lib/libopencm3_stm32f0.a(rcc.o)
 .debug_macro   0x0000000000000000       0x1c /mnt/hdd/src/stm32/libopencm3-examples/libopencm3/lib/libopencm3_stm32f0.a(rcc.o)
 .debug_macro   0x0000000000000000       0x22 /mnt/hdd/src/stm32/libopencm3-examples/libopencm3/lib/libopencm3_stm32f0.a(rcc.o)
 .debug_macro   0x0000000000000000       0x56 /mnt/hdd/src/stm32/libopencm3-examples/libopencm3/lib/libopencm3_stm32f0.a(rcc.o)
 .debug_macro   0x0000000000000000       0x51 /mnt/hdd/src/stm32/libopencm3-examples/libopencm3/lib/libopencm3_stm32f0.a(rcc.o)
 .debug_macro   0x0000000000000000      0x103 /mnt/hdd/src/stm32/libopencm3-examples/libopencm3/lib/libopencm3_stm32f0.a(rcc.o)
 .debug_macro   0x0000000000000000       0x6a /mnt/hdd/src/stm32/libopencm3-examples/libopencm3/lib/libopencm3_stm32f0.a(rcc.o)
 .debug_macro   0x0000000000000000      0x1df /mnt/hdd/src/stm32/libopencm3-examples/libopencm3/lib/libopencm3_stm32f0.a(rcc.o)
 .debug_macro   0x0000000000000000       0x22 /mnt/hdd/src/stm32/libopencm3-examples/libopencm3/lib/libopencm3_stm32f0.a(rcc.o)
 .debug_macro   0x0000000000000000       0xe8 /mnt/hdd/src/stm32/libopencm3-examples/libopencm3/lib/libopencm3_stm32f0.a(rcc.o)
 .debug_macro   0x0000000000000000       0x52 /mnt/hdd/src/stm32/libopencm3-examples/libopencm3/lib/libopencm3_stm32f0.a(rcc.o)
 .debug_macro   0x0000000000000000      0x178 /mnt/hdd/src/stm32/libopencm3-examples/libopencm3/lib/libopencm3_stm32f0.a(rcc.o)
 .debug_macro   0x0000000000000000      0x780 /mnt/hdd/src/stm32/libopencm3-examples/libopencm3/lib/libopencm3_stm32f0.a(rcc.o)
 .group         0x0000000000000000        0xc /mnt/hdd/src/stm32/libopencm3-examples/libopencm3/lib/libopencm3_stm32f0.a(rcc_common_all.o)
 .group         0x0000000000000000        0xc /mnt/hdd/src/stm32/libopencm3-examples/libopencm3/lib/libopencm3_stm32f0.a(rcc_common_all.o)
 .group         0x0000000000000000        0xc /mnt/hdd/src/stm32/libopencm3-examples/libopencm3/lib/libopencm3_stm32f0.a(rcc_common_all.o)
 .group         0x0000000000000000        0xc /mnt/hdd/src/stm32/libopencm3-examples/libopencm3/lib/libopencm3_stm32f0.a(rcc_common_all.o)
 .group         0x0000000000000000        0xc /mnt/hdd/src/stm32/libopencm3-examples/libopencm3/lib/libopencm3_stm32f0.a(rcc_common_all.o)
 .group         0x0000000000000000        0xc /mnt/hdd/src/stm32/libopencm3-examples/libopencm3/lib/libopencm3_stm32f0.a(rcc_common_all.o)
 .group         0x0000000000000000        0xc /mnt/hdd/src/stm32/libopencm3-examples/libopencm3/lib/libopencm3_stm32f0.a(rcc_common_all.o)
 .group         0x0000000000000000        0xc /mnt/hdd/src/stm32/libopencm3-examples/libopencm3/lib/libopencm3_stm32f0.a(rcc_common_all.o)
 .group         0x0000000000000000        0xc /mnt/hdd/src/stm32/libopencm3-examples/libopencm3/lib/libopencm3_stm32f0.a(rcc_common_all.o)
 .group         0x0000000000000000        0xc /mnt/hdd/src/stm32/libopencm3-examples/libopencm3/lib/libopencm3_stm32f0.a(rcc_common_all.o)
 .group         0x0000000000000000        0xc /mnt/hdd/src/stm32/libopencm3-examples/libopencm3/lib/libopencm3_stm32f0.a(rcc_common_all.o)
 .group         0x0000000000000000        0xc /mnt/hdd/src/stm32/libopencm3-examples/libopencm3/lib/libopencm3_stm32f0.a(rcc_common_all.o)
 .group         0x0000000000000000        0xc /mnt/hdd/src/stm32/libopencm3-examples/libopencm3/lib/libopencm3_stm32f0.a(rcc_common_all.o)
 .text          0x0000000000000000        0x0 /mnt/hdd/src/stm32/libopencm3-examples/libopencm3/lib/libopencm3_stm32f0.a(rcc_common_all.o)
 .data          0x0000000000000000        0x0 /mnt/hdd/src/stm32/libopencm3-examples/libopencm3/lib/libopencm3_stm32f0.a(rcc_common_all.o)
 .bss           0x0000000000000000        0x0 /mnt/hdd/src/stm32/libopencm3-examples/libopencm3/lib/libopencm3_stm32f0.a(rcc_common_all.o)
 .text.rcc_peripheral_enable_clock
                0x0000000000000000        0x8 /mnt/hdd/src/stm32/libopencm3-examples/libopencm3/lib/libopencm3_stm32f0.a(rcc_common_all.o)
 .text.rcc_peripheral_disable_clock
                0x0000000000000000        0x8 /mnt/hdd/src/stm32/libopencm3-examples/libopencm3/lib/libopencm3_stm32f0.a(rcc_common_all.o)
 .text.rcc_peripheral_reset
                0x0000000000000000        0x8 /mnt/hdd/src/stm32/libopencm3-examples/libopencm3/lib/libopencm3_stm32f0.a(rcc_common_all.o)
 .text.rcc_peripheral_clear_reset
                0x0000000000000000        0x8 /mnt/hdd/src/stm32/libopencm3-examples/libopencm3/lib/libopencm3_stm32f0.a(rcc_common_all.o)
 .text.rcc_periph_clock_disable
                0x0000000000000000       0x1c /mnt/hdd/src/stm32/libopencm3-examples/libopencm3/lib/libopencm3_stm32f0.a(rcc_common_all.o)
 .text.rcc_periph_reset_pulse
                0x0000000000000000       0x20 /mnt/hdd/src/stm32/libopencm3-examples/libopencm3/lib/libopencm3_stm32f0.a(rcc_common_all.o)
 .text.rcc_periph_reset_hold
                0x0000000000000000        0x8 /mnt/hdd/src/stm32/libopencm3-examples/libopencm3/lib/libopencm3_stm32f0.a(rcc_common_all.o)
 .text.rcc_periph_reset_release
                0x0000000000000000        0x8 /mnt/hdd/src/stm32/libopencm3-examples/libopencm3/lib/libopencm3_stm32f0.a(rcc_common_all.o)
 .text.rcc_set_mco
                0x0000000000000000       0x18 /mnt/hdd/src/stm32/libopencm3-examples/libopencm3/lib/libopencm3_stm32f0.a(rcc_common_all.o)
 .text.rcc_osc_bypass_enable
                0x0000000000000000       0x28 /mnt/hdd/src/stm32/libopencm3-examples/libopencm3/lib/libopencm3_stm32f0.a(rcc_common_all.o)
 .text.rcc_osc_bypass_disable
                0x0000000000000000       0x2c /mnt/hdd/src/stm32/libopencm3-examples/libopencm3/lib/libopencm3_stm32f0.a(rcc_common_all.o)
 .text.rcc_get_div_from_hpre
                0x0000000000000000       0x1a /mnt/hdd/src/stm32/libopencm3-examples/libopencm3/lib/libopencm3_stm32f0.a(rcc_common_all.o)
 .debug_macro   0x0000000000000000      0x7d2 /mnt/hdd/src/stm32/libopencm3-examples/libopencm3/lib/libopencm3_stm32f0.a(rcc_common_all.o)
 .debug_macro   0x0000000000000000       0x1c /mnt/hdd/src/stm32/libopencm3-examples/libopencm3/lib/libopencm3_stm32f0.a(rcc_common_all.o)
 .debug_macro   0x0000000000000000       0x22 /mnt/hdd/src/stm32/libopencm3-examples/libopencm3/lib/libopencm3_stm32f0.a(rcc_common_all.o)
 .debug_macro   0x0000000000000000       0x56 /mnt/hdd/src/stm32/libopencm3-examples/libopencm3/lib/libopencm3_stm32f0.a(rcc_common_all.o)
 .debug_macro   0x0000000000000000       0x51 /mnt/hdd/src/stm32/libopencm3-examples/libopencm3/lib/libopencm3_stm32f0.a(rcc_common_all.o)
 .debug_macro   0x0000000000000000      0x103 /mnt/hdd/src/stm32/libopencm3-examples/libopencm3/lib/libopencm3_stm32f0.a(rcc_common_all.o)
 .debug_macro   0x0000000000000000       0x6a /mnt/hdd/src/stm32/libopencm3-examples/libopencm3/lib/libopencm3_stm32f0.a(rcc_common_all.o)
 .debug_macro   0x0000000000000000      0x1df /mnt/hdd/src/stm32/libopencm3-examples/libopencm3/lib/libopencm3_stm32f0.a(rcc_common_all.o)
 .debug_macro   0x0000000000000000       0x22 /mnt/hdd/src/stm32/libopencm3-examples/libopencm3/lib/libopencm3_stm32f0.a(rcc_common_all.o)
 .debug_macro   0x0000000000000000       0xe8 /mnt/hdd/src/stm32/libopencm3-examples/libopencm3/lib/libopencm3_stm32f0.a(rcc_common_all.o)
 .debug_macro   0x0000000000000000       0x52 /mnt/hdd/src/stm32/libopencm3-examples/libopencm3/lib/libopencm3_stm32f0.a(rcc_common_all.o)
 .debug_macro   0x0000000000000000      0x178 /mnt/hdd/src/stm32/libopencm3-examples/libopencm3/lib/libopencm3_stm32f0.a(rcc_common_all.o)
 .debug_macro   0x0000000000000000      0x780 /mnt/hdd/src/stm32/libopencm3-examples/libopencm3/lib/libopencm3_stm32f0.a(rcc_common_all.o)
 .group         0x0000000000000000        0xc /mnt/hdd/src/stm32/libopencm3-examples/libopencm3/lib/libopencm3_stm32f0.a(vector.o)
 .group         0x0000000000000000        0xc /mnt/hdd/src/stm32/libopencm3-examples/libopencm3/lib/libopencm3_stm32f0.a(vector.o)
 .group         0x0000000000000000        0xc /mnt/hdd/src/stm32/libopencm3-examples/libopencm3/lib/libopencm3_stm32f0.a(vector.o)
 .group         0x0000000000000000        0xc /mnt/hdd/src/stm32/libopencm3-examples/libopencm3/lib/libopencm3_stm32f0.a(vector.o)
 .group         0x0000000000000000        0xc /mnt/hdd/src/stm32/libopencm3-examples/libopencm3/lib/libopencm3_stm32f0.a(vector.o)
 .group         0x0000000000000000        0xc /mnt/hdd/src/stm32/libopencm3-examples/libopencm3/lib/libopencm3_stm32f0.a(vector.o)
 .group         0x0000000000000000        0xc /mnt/hdd/src/stm32/libopencm3-examples/libopencm3/lib/libopencm3_stm32f0.a(vector.o)
 .group         0x0000000000000000        0xc /mnt/hdd/src/stm32/libopencm3-examples/libopencm3/lib/libopencm3_stm32f0.a(vector.o)
 .group         0x0000000000000000        0xc /mnt/hdd/src/stm32/libopencm3-examples/libopencm3/lib/libopencm3_stm32f0.a(vector.o)
 .group         0x0000000000000000        0xc /mnt/hdd/src/stm32/libopencm3-examples/libopencm3/lib/libopencm3_stm32f0.a(vector.o)
 .group         0x0000000000000000        0xc /mnt/hdd/src/stm32/libopencm3-examples/libopencm3/lib/libopencm3_stm32f0.a(vector.o)
 .group         0x0000000000000000        0xc /mnt/hdd/src/stm32/libopencm3-examples/libopencm3/lib/libopencm3_stm32f0.a(vector.o)
 .group         0x0000000000000000        0xc /mnt/hdd/src/stm32/libopencm3-examples/libopencm3/lib/libopencm3_stm32f0.a(vector.o)
 .group         0x0000000000000000        0xc /mnt/hdd/src/stm32/libopencm3-examples/libopencm3/lib/libopencm3_stm32f0.a(vector.o)
 .text          0x0000000000000000        0x0 /mnt/hdd/src/stm32/libopencm3-examples/libopencm3/lib/libopencm3_stm32f0.a(vector.o)
 .data          0x0000000000000000        0x0 /mnt/hdd/src/stm32/libopencm3-examples/libopencm3/lib/libopencm3_stm32f0.a(vector.o)
 .bss           0x0000000000000000        0x0 /mnt/hdd/src/stm32/libopencm3-examples/libopencm3/lib/libopencm3_stm32f0.a(vector.o)
 .debug_macro   0x0000000000000000      0x7d2 /mnt/hdd/src/stm32/libopencm3-examples/libopencm3/lib/libopencm3_stm32f0.a(vector.o)
 .debug_macro   0x0000000000000000       0x52 /mnt/hdd/src/stm32/libopencm3-examples/libopencm3/lib/libopencm3_stm32f0.a(vector.o)
 .debug_macro   0x0000000000000000       0x1c /mnt/hdd/src/stm32/libopencm3-examples/libopencm3/lib/libopencm3_stm32f0.a(vector.o)
 .debug_macro   0x0000000000000000       0x22 /mnt/hdd/src/stm32/libopencm3-examples/libopencm3/lib/libopencm3_stm32f0.a(vector.o)
 .debug_macro   0x0000000000000000       0x56 /mnt/hdd/src/stm32/libopencm3-examples/libopencm3/lib/libopencm3_stm32f0.a(vector.o)
 .debug_macro   0x0000000000000000       0x51 /mnt/hdd/src/stm32/libopencm3-examples/libopencm3/lib/libopencm3_stm32f0.a(vector.o)
 .debug_macro   0x0000000000000000      0x103 /mnt/hdd/src/stm32/libopencm3-examples/libopencm3/lib/libopencm3_stm32f0.a(vector.o)
 .debug_macro   0x0000000000000000       0x6a /mnt/hdd/src/stm32/libopencm3-examples/libopencm3/lib/libopencm3_stm32f0.a(vector.o)
 .debug_macro   0x0000000000000000      0x1df /mnt/hdd/src/stm32/libopencm3-examples/libopencm3/lib/libopencm3_stm32f0.a(vector.o)
 .debug_macro   0x0000000000000000       0x22 /mnt/hdd/src/stm32/libopencm3-examples/libopencm3/lib/libopencm3_stm32f0.a(vector.o)
 .debug_macro   0x0000000000000000       0xe8 /mnt/hdd/src/stm32/libopencm3-examples/libopencm3/lib/libopencm3_stm32f0.a(vector.o)
 .group         0x0000000000000000        0xc /mnt/hdd/src/stm32/libopencm3-examples/libopencm3/lib/libopencm3_stm32f0.a(assert.o)
 .group         0x0000000000000000        0xc /mnt/hdd/src/stm32/libopencm3-examples/libopencm3/lib/libopencm3_stm32f0.a(assert.o)
 .group         0x0000000000000000        0xc /mnt/hdd/src/stm32/libopencm3-examples/libopencm3/lib/libopencm3_stm32f0.a(assert.o)
 .group         0x0000000000000000        0xc /mnt/hdd/src/stm32/libopencm3-examples/libopencm3/lib/libopencm3_stm32f0.a(assert.o)
 .group         0x0000000000000000        0xc /mnt/hdd/src/stm32/libopencm3-examples/libopencm3/lib/libopencm3_stm32f0.a(assert.o)
 .group         0x0000000000000000        0xc /mnt/hdd/src/stm32/libopencm3-examples/libopencm3/lib/libopencm3_stm32f0.a(assert.o)
 .group         0x0000000000000000        0xc /mnt/hdd/src/stm32/libopencm3-examples/libopencm3/lib/libopencm3_stm32f0.a(assert.o)
 .group         0x0000000000000000        0xc /mnt/hdd/src/stm32/libopencm3-examples/libopencm3/lib/libopencm3_stm32f0.a(assert.o)
 .group         0x0000000000000000        0xc /mnt/hdd/src/stm32/libopencm3-examples/libopencm3/lib/libopencm3_stm32f0.a(assert.o)
 .group         0x0000000000000000        0xc /mnt/hdd/src/stm32/libopencm3-examples/libopencm3/lib/libopencm3_stm32f0.a(assert.o)
 .group         0x0000000000000000        0xc /mnt/hdd/src/stm32/libopencm3-examples/libopencm3/lib/libopencm3_stm32f0.a(assert.o)
 .text          0x0000000000000000        0x0 /mnt/hdd/src/stm32/libopencm3-examples/libopencm3/lib/libopencm3_stm32f0.a(assert.o)
 .data          0x0000000000000000        0x0 /mnt/hdd/src/stm32/libopencm3-examples/libopencm3/lib/libopencm3_stm32f0.a(assert.o)
 .bss           0x0000000000000000        0x0 /mnt/hdd/src/stm32/libopencm3-examples/libopencm3/lib/libopencm3_stm32f0.a(assert.o)
 .text.cm3_assert_failed
                0x0000000000000000        0x2 /mnt/hdd/src/stm32/libopencm3-examples/libopencm3/lib/libopencm3_stm32f0.a(assert.o)
 .text.cm3_assert_failed_verbose
                0x0000000000000000        0x6 /mnt/hdd/src/stm32/libopencm3-examples/libopencm3/lib/libopencm3_stm32f0.a(assert.o)
 .debug_info    0x0000000000000000      0x101 /mnt/hdd/src/stm32/libopencm3-examples/libopencm3/lib/libopencm3_stm32f0.a(assert.o)
 .debug_abbrev  0x0000000000000000       0x94 /mnt/hdd/src/stm32/libopencm3-examples/libopencm3/lib/libopencm3_stm32f0.a(assert.o)
 .debug_loclists
                0x0000000000000000       0x68 /mnt/hdd/src/stm32/libopencm3-examples/libopencm3/lib/libopencm3_stm32f0.a(assert.o)
 .debug_aranges
                0x0000000000000000       0x28 /mnt/hdd/src/stm32/libopencm3-examples/libopencm3/lib/libopencm3_stm32f0.a(assert.o)
 .debug_rnglists
                0x0000000000000000       0x19 /mnt/hdd/src/stm32/libopencm3-examples/libopencm3/lib/libopencm3_stm32f0.a(assert.o)
 .debug_macro   0x0000000000000000       0x89 /mnt/hdd/src/stm32/libopencm3-examples/libopencm3/lib/libopencm3_stm32f0.a(assert.o)
 .debug_macro   0x0000000000000000      0x7d2 /mnt/hdd/src/stm32/libopencm3-examples/libopencm3/lib/libopencm3_stm32f0.a(assert.o)
 .debug_macro   0x0000000000000000       0x1c /mnt/hdd/src/stm32/libopencm3-examples/libopencm3/lib/libopencm3_stm32f0.a(assert.o)
 .debug_macro   0x0000000000000000       0x22 /mnt/hdd/src/stm32/libopencm3-examples/libopencm3/lib/libopencm3_stm32f0.a(assert.o)
 .debug_macro   0x0000000000000000       0x56 /mnt/hdd/src/stm32/libopencm3-examples/libopencm3/lib/libopencm3_stm32f0.a(assert.o)
 .debug_macro   0x0000000000000000       0x51 /mnt/hdd/src/stm32/libopencm3-examples/libopencm3/lib/libopencm3_stm32f0.a(assert.o)
 .debug_macro   0x0000000000000000      0x103 /mnt/hdd/src/stm32/libopencm3-examples/libopencm3/lib/libopencm3_stm32f0.a(assert.o)
 .debug_macro   0x0000000000000000       0x6a /mnt/hdd/src/stm32/libopencm3-examples/libopencm3/lib/libopencm3_stm32f0.a(assert.o)
 .debug_macro   0x0000000000000000      0x1df /mnt/hdd/src/stm32/libopencm3-examples/libopencm3/lib/libopencm3_stm32f0.a(assert.o)
 .debug_macro   0x0000000000000000       0x22 /mnt/hdd/src/stm32/libopencm3-examples/libopencm3/lib/libopencm3_stm32f0.a(assert.o)
 .debug_macro   0x0000000000000000       0xe8 /mnt/hdd/src/stm32/libopencm3-examples/libopencm3/lib/libopencm3_stm32f0.a(assert.o)
 .debug_macro   0x0000000000000000       0x16 /mnt/hdd/src/stm32/libopencm3-examples/libopencm3/lib/libopencm3_stm32f0.a(assert.o)
 .debug_line    0x0000000000000000      0x19d /mnt/hdd/src/stm32/libopencm3-examples/libopencm3/lib/libopencm3_stm32f0.a(assert.o)
 .debug_str     0x0000000000000000     0x361f /mnt/hdd/src/stm32/libopencm3-examples/libopencm3/lib/libopencm3_stm32f0.a(assert.o)
 .comment       0x0000000000000000       0x34 /mnt/hdd/src/stm32/libopencm3-examples/libopencm3/lib/libopencm3_stm32f0.a(assert.o)
 .debug_frame   0x0000000000000000       0x38 /mnt/hdd/src/stm32/libopencm3-examples/libopencm3/lib/libopencm3_stm32f0.a(assert.o)
 .ARM.attributes
                0x0000000000000000       0x2c /mnt/hdd/src/stm32/libopencm3-examples/libopencm3/lib/libopencm3_stm32f0.a(assert.o)
 .group         0x0000000000000000        0xc /mnt/hdd/src/stm32/libopencm3-examples/libopencm3/lib/libopencm3_stm32f0.a(flash_common_all.o)
 .group         0x0000000000000000        0xc /mnt/hdd/src/stm32/libopencm3-examples/libopencm3/lib/libopencm3_stm32f0.a(flash_common_all.o)
 .group         0x0000000000000000        0xc /mnt/hdd/src/stm32/libopencm3-examples/libopencm3/lib/libopencm3_stm32f0.a(flash_common_all.o)
 .group         0x0000000000000000        0xc /mnt/hdd/src/stm32/libopencm3-examples/libopencm3/lib/libopencm3_stm32f0.a(flash_common_all.o)
 .group         0x0000000000000000        0xc /mnt/hdd/src/stm32/libopencm3-examples/libopencm3/lib/libopencm3_stm32f0.a(flash_common_all.o)
 .group         0x0000000000000000        0xc /mnt/hdd/src/stm32/libopencm3-examples/libopencm3/lib/libopencm3_stm32f0.a(flash_common_all.o)
 .group         0x0000000000000000        0xc /mnt/hdd/src/stm32/libopencm3-examples/libopencm3/lib/libopencm3_stm32f0.a(flash_common_all.o)
 .group         0x0000000000000000        0xc /mnt/hdd/src/stm32/libopencm3-examples/libopencm3/lib/libopencm3_stm32f0.a(flash_common_all.o)
 .group         0x0000000000000000        0xc /mnt/hdd/src/stm32/libopencm3-examples/libopencm3/lib/libopencm3_stm32f0.a(flash_common_all.o)
 .group         0x0000000000000000        0xc /mnt/hdd/src/stm32/libopencm3-examples/libopencm3/lib/libopencm3_stm32f0.a(flash_common_all.o)
 .group         0x0000000000000000        0xc /mnt/hdd/src/stm32/libopencm3-examples/libopencm3/lib/libopencm3_stm32f0.a(flash_common_all.o)
 .group         0x0000000000000000        0xc /mnt/hdd/src/stm32/libopencm3-examples/libopencm3/lib/libopencm3_stm32f0.a(flash_common_all.o)
 .group         0x0000000000000000        0xc /mnt/hdd/src/stm32/libopencm3-examples/libopencm3/lib/libopencm3_stm32f0.a(flash_common_all.o)
 .group         0x0000000000000000        0xc /mnt/hdd/src/stm32/libopencm3-examples/libopencm3/lib/libopencm3_stm32f0.a(flash_common_all.o)
 .text          0x0000000000000000        0x0 /mnt/hdd/src/stm32/libopencm3-examples/libopencm3/lib/libopencm3_stm32f0.a(flash_common_all.o)
 .data          0x0000000000000000        0x0 /mnt/hdd/src/stm32/libopencm3-examples/libopencm3/lib/libopencm3_stm32f0.a(flash_common_all.o)
 .bss           0x0000000000000000        0x0 /mnt/hdd/src/stm32/libopencm3-examples/libopencm3/lib/libopencm3_stm32f0.a(flash_common_all.o)
 .text.flash_prefetch_disable
                0x0000000000000000       0x10 /mnt/hdd/src/stm32/libopencm3-examples/libopencm3/lib/libopencm3_stm32f0.a(flash_common_all.o)
 .text.flash_unlock_option_bytes
                0x0000000000000000       0x18 /mnt/hdd/src/stm32/libopencm3-examples/libopencm3/lib/libopencm3_stm32f0.a(flash_common_all.o)
 .debug_macro   0x0000000000000000      0x7d2 /mnt/hdd/src/stm32/libopencm3-examples/libopencm3/lib/libopencm3_stm32f0.a(flash_common_all.o)
 .debug_macro   0x0000000000000000       0x1c /mnt/hdd/src/stm32/libopencm3-examples/libopencm3/lib/libopencm3_stm32f0.a(flash_common_all.o)
 .debug_macro   0x0000000000000000       0x22 /mnt/hdd/src/stm32/libopencm3-examples/libopencm3/lib/libopencm3_stm32f0.a(flash_common_all.o)
 .debug_macro   0x0000000000000000       0x56 /mnt/hdd/src/stm32/libopencm3-examples/libopencm3/lib/libopencm3_stm32f0.a(flash_common_all.o)
 .debug_macro   0x0000000000000000       0x51 /mnt/hdd/src/stm32/libopencm3-examples/libopencm3/lib/libopencm3_stm32f0.a(flash_common_all.o)
 .debug_macro   0x0000000000000000      0x103 /mnt/hdd/src/stm32/libopencm3-examples/libopencm3/lib/libopencm3_stm32f0.a(flash_common_all.o)
 .debug_macro   0x0000000000000000       0x6a /mnt/hdd/src/stm32/libopencm3-examples/libopencm3/lib/libopencm3_stm32f0.a(flash_common_all.o)
 .debug_macro   0x0000000000000000      0x1df /mnt/hdd/src/stm32/libopencm3-examples/libopencm3/lib/libopencm3_stm32f0.a(flash_common_all.o)
 .debug_macro   0x0000000000000000       0x22 /mnt/hdd/src/stm32/libopencm3-examples/libopencm3/lib/libopencm3_stm32f0.a(flash_common_all.o)
 .debug_macro   0x0000000000000000       0xe8 /mnt/hdd/src/stm32/libopencm3-examples/libopencm3/lib/libopencm3_stm32f0.a(flash_common_all.o)
 .debug_macro   0x0000000000000000       0x52 /mnt/hdd/src/stm32/libopencm3-examples/libopencm3/lib/libopencm3_stm32f0.a(flash_common_all.o)
 .debug_macro   0x0000000000000000      0x178 /mnt/hdd/src/stm32/libopencm3-examples/libopencm3/lib/libopencm3_stm32f0.a(flash_common_all.o)
 .debug_macro   0x0000000000000000       0xee /mnt/hdd/src/stm32/libopencm3-examples/libopencm3/lib/libopencm3_stm32f0.a(flash_common_all.o)
 .debug_macro   0x0000000000000000       0xd0 /mnt/hdd/src/stm32/libopencm3-examples/libopencm3/lib/libopencm3_stm32f0.a(flash_common_all.o)
 .data          0x0000000000000000        0x0 /usr/lib/gcc/arm-none-eabi/12/thumb/v6-m/nofp/libgcc.a(_thumb1_case_uqi.o)
 .bss           0x0000000000000000        0x0 /usr/lib/gcc/arm-none-eabi/12/thumb/v6-m/nofp/libgcc.a(_thumb1_case_uqi.o)

Memory Configuration

Name             Origin             Length             Attributes
rom              0x0000000008000000 0x0000000000010000 xr
ram              0x0000000020000000 0x0000000000002000 xrw
*default*        0x0000000000000000 0xffffffffffffffff

Linker script and memory map

LOAD button.o
LOAD /mnt/hdd/src/stm32/libopencm3-examples/libopencm3/lib/libopencm3_stm32f0.a
START GROUP
LOAD /usr/lib/gcc/arm-none-eabi/12/../../../../arm-none-eabi/lib/thumb/v6-m/nofp/libc.a
LOAD /usr/lib/gcc/arm-none-eabi/12/thumb/v6-m/nofp/libgcc.a
LOAD /usr/lib/gcc/arm-none-eabi/12/../../../../arm-none-eabi/lib/thumb/v6-m/nofp/libnosys.a
END GROUP
START GROUP
LOAD /usr/lib/gcc/arm-none-eabi/12/thumb/v6-m/nofp/libgcc.a
LOAD /usr/lib/gcc/arm-none-eabi/12/../../../../arm-none-eabi/lib/thumb/v6-m/nofp/libg.a
LOAD /usr/lib/gcc/arm-none-eabi/12/../../../../arm-none-eabi/lib/thumb/v6-m/nofp/libc.a
END GROUP

.text           0x0000000008000000      0x428
 *(.vectors)
 .vectors       0x0000000008000000       0xc0 /mnt/hdd/src/stm32/libopencm3-examples/libopencm3/lib/libopencm3_stm32f0.a(vector.o)
                0x0000000008000000                vector_table
 *(.text*)
 .text.startup.main
                0x00000000080000c0       0x70 button.o
                0x00000000080000c0                main
 .text.gpio_get
                0x0000000008000130        0x6 /mnt/hdd/src/stm32/libopencm3-examples/libopencm3/lib/libopencm3_stm32f0.a(gpio_common_all.o)
                0x0000000008000130                gpio_get
 .text.gpio_toggle
                0x0000000008000136       0x10 /mnt/hdd/src/stm32/libopencm3-examples/libopencm3/lib/libopencm3_stm32f0.a(gpio_common_all.o)
                0x0000000008000136                gpio_toggle
 .text.gpio_mode_setup
                0x0000000008000146       0x40 /mnt/hdd/src/stm32/libopencm3-examples/libopencm3/lib/libopencm3_stm32f0.a(gpio_common_f0234.o)
                0x0000000008000146                gpio_mode_setup
 *fill*         0x0000000008000186        0x2 
 .text.rcc_is_osc_ready
                0x0000000008000188       0x54 /mnt/hdd/src/stm32/libopencm3-examples/libopencm3/lib/libopencm3_stm32f0.a(rcc.o)
                0x0000000008000188                rcc_is_osc_ready
 .text.rcc_wait_for_osc_ready
                0x00000000080001dc       0x10 /mnt/hdd/src/stm32/libopencm3-examples/libopencm3/lib/libopencm3_stm32f0.a(rcc.o)
                0x00000000080001dc                rcc_wait_for_osc_ready
 .text.rcc_osc_on
                0x00000000080001ec       0x54 /mnt/hdd/src/stm32/libopencm3-examples/libopencm3/lib/libopencm3_stm32f0.a(rcc.o)
                0x00000000080001ec                rcc_osc_on
 .text.rcc_set_sysclk_source
                0x0000000008000240       0x48 /mnt/hdd/src/stm32/libopencm3-examples/libopencm3/lib/libopencm3_stm32f0.a(rcc.o)
                0x0000000008000240                rcc_set_sysclk_source
 .text.rcc_set_pll_multiplication_factor
                0x0000000008000288       0x18 /mnt/hdd/src/stm32/libopencm3-examples/libopencm3/lib/libopencm3_stm32f0.a(rcc.o)
                0x0000000008000288                rcc_set_pll_multiplication_factor
 .text.rcc_set_pll_source
                0x00000000080002a0       0x18 /mnt/hdd/src/stm32/libopencm3-examples/libopencm3/lib/libopencm3_stm32f0.a(rcc.o)
                0x00000000080002a0                rcc_set_pll_source
 .text.rcc_set_ppre
                0x00000000080002b8       0x18 /mnt/hdd/src/stm32/libopencm3-examples/libopencm3/lib/libopencm3_stm32f0.a(rcc.o)
                0x00000000080002b8                rcc_set_ppre
 .text.rcc_set_hpre
                0x00000000080002d0       0x14 /mnt/hdd/src/stm32/libopencm3-examples/libopencm3/lib/libopencm3_stm32f0.a(rcc.o)
                0x00000000080002d0                rcc_set_hpre
 .text.rcc_clock_setup_in_hsi_out_48mhz
                0x00000000080002e4       0x64 /mnt/hdd/src/stm32/libopencm3-examples/libopencm3/lib/libopencm3_stm32f0.a(rcc.o)
                0x00000000080002e4                rcc_clock_setup_in_hsi_out_48mhz
 .text.rcc_periph_clock_enable
                0x0000000008000348       0x1c /mnt/hdd/src/stm32/libopencm3-examples/libopencm3/lib/libopencm3_stm32f0.a(rcc_common_all.o)
                0x0000000008000348                rcc_periph_clock_enable
 .text.blocking_handler
                0x0000000008000364        0x2 /mnt/hdd/src/stm32/libopencm3-examples/libopencm3/lib/libopencm3_stm32f0.a(vector.o)
                0x0000000008000364                dma1_channel2_3_dma2_channel1_2_isr
                0x0000000008000364                rtc_isr
                0x0000000008000364                tim7_isr
                0x0000000008000364                dma1_channel4_7_dma2_channel3_5_isr
                0x0000000008000364                blocking_handler
                0x0000000008000364                tsc_isr
                0x0000000008000364                spi1_isr
                0x0000000008000364                i2c1_isr
                0x0000000008000364                tim17_isr
                0x0000000008000364                i2c2_isr
                0x0000000008000364                usart1_isr
                0x0000000008000364                usart3_4_isr
                0x0000000008000364                tim1_cc_isr
                0x0000000008000364                exti2_3_isr
                0x0000000008000364                tim16_isr
                0x0000000008000364                pvd_isr
                0x0000000008000364                rcc_isr
                0x0000000008000364                flash_isr
                0x0000000008000364                hard_fault_handler
                0x0000000008000364                tim14_isr
                0x0000000008000364                spi2_isr
                0x0000000008000364                usb_isr
                0x0000000008000364                tim15_isr
                0x0000000008000364                tim3_isr
                0x0000000008000364                usart2_isr
                0x0000000008000364                adc_comp_isr
                0x0000000008000364                dma1_channel1_isr
                0x0000000008000364                tim6_dac_isr
                0x0000000008000364                tim1_brk_up_trg_com_isr
                0x0000000008000364                exti4_15_isr
                0x0000000008000364                cec_can_isr
                0x0000000008000364                wwdg_isr
                0x0000000008000364                tim2_isr
                0x0000000008000364                exti0_1_isr
 .text.null_handler
                0x0000000008000366        0x2 /mnt/hdd/src/stm32/libopencm3-examples/libopencm3/lib/libopencm3_stm32f0.a(vector.o)
                0x0000000008000366                null_handler
                0x0000000008000366                sv_call_handler
                0x0000000008000366                pend_sv_handler
                0x0000000008000366                sys_tick_handler
                0x0000000008000366                nmi_handler
 .text.reset_handler
                0x0000000008000368       0x88 /mnt/hdd/src/stm32/libopencm3-examples/libopencm3/lib/libopencm3_stm32f0.a(vector.o)
                0x0000000008000368                reset_handler
 .text.flash_prefetch_enable
                0x00000000080003f0       0x10 /mnt/hdd/src/stm32/libopencm3-examples/libopencm3/lib/libopencm3_stm32f0.a(flash_common_all.o)
                0x00000000080003f0                flash_prefetch_enable
 .text.flash_set_ws
                0x0000000008000400       0x14 /mnt/hdd/src/stm32/libopencm3-examples/libopencm3/lib/libopencm3_stm32f0.a(flash_common_all.o)
                0x0000000008000400                flash_set_ws
 .text          0x0000000008000414       0x14 /usr/lib/gcc/arm-none-eabi/12/thumb/v6-m/nofp/libgcc.a(_thumb1_case_uqi.o)
                0x0000000008000414                __gnu_thumb1_case_uqi
                0x0000000008000428                . = ALIGN (0x4)
 *(.rodata*)
                0x0000000008000428                . = ALIGN (0x4)

.glue_7         0x0000000008000428        0x0
 .glue_7        0x0000000008000428        0x0 linker stubs

.glue_7t        0x0000000008000428        0x0
 .glue_7t       0x0000000008000428        0x0 linker stubs

.vfp11_veneer   0x0000000008000428        0x0
 .vfp11_veneer  0x0000000008000428        0x0 linker stubs

.v4_bx          0x0000000008000428        0x0
 .v4_bx         0x0000000008000428        0x0 linker stubs

.iplt           0x0000000008000428        0x0
 .iplt          0x0000000008000428        0x0 button.o

.rel.dyn        0x0000000008000428        0x0
 .rel.iplt      0x0000000008000428        0x0 button.o

.preinit_array  0x0000000008000428        0x0
                0x0000000008000428                . = ALIGN (0x4)
                0x0000000008000428                __preinit_array_start = .
 *(.preinit_array)
                0x0000000008000428                __preinit_array_end = .

.init_array     0x0000000008000428        0x0
                0x0000000008000428                . = ALIGN (0x4)
                0x0000000008000428                __init_array_start = .
 *(SORT_BY_NAME(.init_array.*))
 *(.init_array)
                0x0000000008000428                __init_array_end = .

.fini_array     0x0000000008000428        0x0
                0x0000000008000428                . = ALIGN (0x4)
                0x0000000008000428                __fini_array_start = .
 *(.fini_array)
 *(SORT_BY_NAME(.fini_array.*))
                0x0000000008000428                __fini_array_end = .

.ARM.extab
 *(.ARM.extab*)

.ARM.exidx      0x0000000008000428        0x0
                0x0000000008000428                __exidx_start = .
 *(.ARM.exidx*)
                0x0000000008000428                __exidx_end = .
                0x0000000008000428                . = ALIGN (0x4)
                0x0000000008000428                _etext = .

.noinit
 *(.noinit*)
                0x0000000008000428                . = ALIGN (0x4)

.data           0x0000000020000000        0x8 load address 0x0000000008000428
                0x0000000020000000                _data = .
 *(.data*)
 .data.rcc_apb1_frequency
                0x0000000020000000        0x4 /mnt/hdd/src/stm32/libopencm3-examples/libopencm3/lib/libopencm3_stm32f0.a(rcc.o)
                0x0000000020000000                rcc_apb1_frequency
 .data.rcc_ahb_frequency
                0x0000000020000004        0x4 /mnt/hdd/src/stm32/libopencm3-examples/libopencm3/lib/libopencm3_stm32f0.a(rcc.o)
                0x0000000020000004                rcc_ahb_frequency
 *(.ramtext*)
                0x0000000020000008                . = ALIGN (0x4)
                0x0000000020000008                _edata = .
                0x0000000008000428                _data_loadaddr = LOADADDR (.data)

.igot.plt       0x0000000020000008        0x0 load address 0x0000000008000430
 .igot.plt      0x0000000020000008        0x0 button.o

.bss            0x0000000020000008        0x0 load address 0x0000000008000430
 *(.bss*)
 *(COMMON)
                0x0000000020000008                . = ALIGN (0x4)
                0x0000000020000008                _ebss = .

/DISCARD/
 *(.eh_frame)
                0x0000000020000008                . = ALIGN (0x4)
                0x0000000020000008                end = .
                0x0000000020002000                PROVIDE (_stack = (ORIGIN (ram) + LENGTH (ram)))
OUTPUT(button.elf elf32-littlearm)
LOAD linker stubs

.debug_info     0x0000000000000000     0x1ae9
 .debug_info    0x0000000000000000      0x3b5 button.o
 .debug_info    0x00000000000003b5      0x256 /mnt/hdd/src/stm32/libopencm3-examples/libopencm3/lib/libopencm3_stm32f0.a(gpio_common_all.o)
 .debug_info    0x000000000000060b      0x23e /mnt/hdd/src/stm32/libopencm3-examples/libopencm3/lib/libopencm3_stm32f0.a(gpio_common_f0234.o)
 .debug_info    0x0000000000000849      0x949 /mnt/hdd/src/stm32/libopencm3-examples/libopencm3/lib/libopencm3_stm32f0.a(rcc.o)
 .debug_info    0x0000000000001192      0x57f /mnt/hdd/src/stm32/libopencm3-examples/libopencm3/lib/libopencm3_stm32f0.a(rcc_common_all.o)
 .debug_info    0x0000000000001711      0x2c3 /mnt/hdd/src/stm32/libopencm3-examples/libopencm3/lib/libopencm3_stm32f0.a(vector.o)
 .debug_info    0x00000000000019d4       0xf1 /mnt/hdd/src/stm32/libopencm3-examples/libopencm3/lib/libopencm3_stm32f0.a(flash_common_all.o)
 .debug_info    0x0000000000001ac5       0x24 /usr/lib/gcc/arm-none-eabi/12/thumb/v6-m/nofp/libgcc.a(_thumb1_case_uqi.o)

.debug_abbrev   0x0000000000000000      0x99f
 .debug_abbrev  0x0000000000000000      0x150 button.o
 .debug_abbrev  0x0000000000000150      0x115 /mnt/hdd/src/stm32/libopencm3-examples/libopencm3/lib/libopencm3_stm32f0.a(gpio_common_all.o)
 .debug_abbrev  0x0000000000000265       0xc3 /mnt/hdd/src/stm32/libopencm3-examples/libopencm3/lib/libopencm3_stm32f0.a(gpio_common_f0234.o)
 .debug_abbrev  0x0000000000000328      0x310 /mnt/hdd/src/stm32/libopencm3-examples/libopencm3/lib/libopencm3_stm32f0.a(rcc.o)
 .debug_abbrev  0x0000000000000638      0x174 /mnt/hdd/src/stm32/libopencm3-examples/libopencm3/lib/libopencm3_stm32f0.a(rcc_common_all.o)
 .debug_abbrev  0x00000000000007ac      0x149 /mnt/hdd/src/stm32/libopencm3-examples/libopencm3/lib/libopencm3_stm32f0.a(vector.o)
 .debug_abbrev  0x00000000000008f5       0x96 /mnt/hdd/src/stm32/libopencm3-examples/libopencm3/lib/libopencm3_stm32f0.a(flash_common_all.o)
 .debug_abbrev  0x000000000000098b       0x14 /usr/lib/gcc/arm-none-eabi/12/thumb/v6-m/nofp/libgcc.a(_thumb1_case_uqi.o)

.debug_loclists
                0x0000000000000000      0x5b9
 .debug_loclists
                0x0000000000000000       0x74 button.o
 .debug_loclists
                0x0000000000000074       0x7e /mnt/hdd/src/stm32/libopencm3-examples/libopencm3/lib/libopencm3_stm32f0.a(gpio_common_all.o)
 .debug_loclists
                0x00000000000000f2      0x171 /mnt/hdd/src/stm32/libopencm3-examples/libopencm3/lib/libopencm3_stm32f0.a(gpio_common_f0234.o)
 .debug_loclists
                0x0000000000000263      0x211 /mnt/hdd/src/stm32/libopencm3-examples/libopencm3/lib/libopencm3_stm32f0.a(rcc.o)
 .debug_loclists
                0x0000000000000474       0x7f /mnt/hdd/src/stm32/libopencm3-examples/libopencm3/lib/libopencm3_stm32f0.a(rcc_common_all.o)
 .debug_loclists
                0x00000000000004f3       0xaf /mnt/hdd/src/stm32/libopencm3-examples/libopencm3/lib/libopencm3_stm32f0.a(vector.o)
 .debug_loclists
                0x00000000000005a2       0x17 /mnt/hdd/src/stm32/libopencm3-examples/libopencm3/lib/libopencm3_stm32f0.a(flash_common_all.o)

.debug_aranges  0x0000000000000000      0x2e0
 .debug_aranges
                0x0000000000000000       0x20 button.o
 .debug_aranges
                0x0000000000000020       0x50 /mnt/hdd/src/stm32/libopencm3-examples/libopencm3/lib/libopencm3_stm32f0.a(gpio_common_all.o)
 .debug_aranges
                0x0000000000000070       0x30 /mnt/hdd/src/stm32/libopencm3-examples/libopencm3/lib/libopencm3_stm32f0.a(gpio_common_f0234.o)
 .debug_aranges
                0x00000000000000a0      0x138 /mnt/hdd/src/stm32/libopencm3-examples/libopencm3/lib/libopencm3_stm32f0.a(rcc.o)
 .debug_aranges
                0x00000000000001d8       0x80 /mnt/hdd/src/stm32/libopencm3-examples/libopencm3/lib/libopencm3_stm32f0.a(rcc_common_all.o)
 .debug_aranges
                0x0000000000000258       0x30 /mnt/hdd/src/stm32/libopencm3-examples/libopencm3/lib/libopencm3_stm32f0.a(vector.o)
 .debug_aranges
                0x0000000000000288       0x38 /mnt/hdd/src/stm32/libopencm3-examples/libopencm3/lib/libopencm3_stm32f0.a(flash_common_all.o)
 .debug_aranges
                0x00000000000002c0       0x20 /usr/lib/gcc/arm-none-eabi/12/thumb/v6-m/nofp/libgcc.a(_thumb1_case_uqi.o)

.debug_rnglists
                0x0000000000000000      0x218
 .debug_rnglists
                0x0000000000000000       0x2b button.o
 .debug_rnglists
                0x000000000000002b       0x37 /mnt/hdd/src/stm32/libopencm3-examples/libopencm3/lib/libopencm3_stm32f0.a(gpio_common_all.o)
 .debug_rnglists
                0x0000000000000062       0x1f /mnt/hdd/src/stm32/libopencm3-examples/libopencm3/lib/libopencm3_stm32f0.a(gpio_common_f0234.o)
 .debug_rnglists
                0x0000000000000081       0xf7 /mnt/hdd/src/stm32/libopencm3-examples/libopencm3/lib/libopencm3_stm32f0.a(rcc.o)
 .debug_rnglists
                0x0000000000000178       0x5b /mnt/hdd/src/stm32/libopencm3-examples/libopencm3/lib/libopencm3_stm32f0.a(rcc_common_all.o)
 .debug_rnglists
                0x00000000000001d3       0x20 /mnt/hdd/src/stm32/libopencm3-examples/libopencm3/lib/libopencm3_stm32f0.a(vector.o)
 .debug_rnglists
                0x00000000000001f3       0x25 /mnt/hdd/src/stm32/libopencm3-examples/libopencm3/lib/libopencm3_stm32f0.a(flash_common_all.o)

.debug_macro    0x0000000000000000     0x2abb
 .debug_macro   0x0000000000000000       0xee button.o
 .debug_macro   0x00000000000000ee      0x7d2 button.o
 .debug_macro   0x00000000000008c0       0x1c button.o
 .debug_macro   0x00000000000008dc       0x22 button.o
 .debug_macro   0x00000000000008fe       0x56 button.o
 .debug_macro   0x0000000000000954       0x51 button.o
 .debug_macro   0x00000000000009a5      0x103 button.o
 .debug_macro   0x0000000000000aa8       0x6a button.o
 .debug_macro   0x0000000000000b12      0x1df button.o
 .debug_macro   0x0000000000000cf1       0x22 button.o
 .debug_macro   0x0000000000000d13       0xe8 button.o
 .debug_macro   0x0000000000000dfb       0x52 button.o
 .debug_macro   0x0000000000000e4d      0x178 button.o
 .debug_macro   0x0000000000000fc5      0x780 button.o
 .debug_macro   0x0000000000001745       0x76 button.o
 .debug_macro   0x00000000000017bb      0x37e button.o
 .debug_macro   0x0000000000001b39       0xca button.o
 .debug_macro   0x0000000000001c03       0x3a button.o
 .debug_macro   0x0000000000001c3d       0xd6 /mnt/hdd/src/stm32/libopencm3-examples/libopencm3/lib/libopencm3_stm32f0.a(gpio_common_all.o)
 .debug_macro   0x0000000000001d13       0xd6 /mnt/hdd/src/stm32/libopencm3-examples/libopencm3/lib/libopencm3_stm32f0.a(gpio_common_f0234.o)
 .debug_macro   0x0000000000001de9      0x10d /mnt/hdd/src/stm32/libopencm3-examples/libopencm3/lib/libopencm3_stm32f0.a(rcc.o)
 .debug_macro   0x0000000000001ef6       0x16 /mnt/hdd/src/stm32/libopencm3-examples/libopencm3/lib/libopencm3_stm32f0.a(rcc.o)
 .debug_macro   0x0000000000001f0c       0xee /mnt/hdd/src/stm32/libopencm3-examples/libopencm3/lib/libopencm3_stm32f0.a(rcc.o)
 .debug_macro   0x0000000000001ffa       0xd0 /mnt/hdd/src/stm32/libopencm3-examples/libopencm3/lib/libopencm3_stm32f0.a(rcc.o)
 .debug_macro   0x00000000000020ca      0x182 /mnt/hdd/src/stm32/libopencm3-examples/libopencm3/lib/libopencm3_stm32f0.a(rcc.o)
 .debug_macro   0x000000000000224c      0x360 /mnt/hdd/src/stm32/libopencm3-examples/libopencm3/lib/libopencm3_stm32f0.a(rcc.o)
 .debug_macro   0x00000000000025ac       0xce /mnt/hdd/src/stm32/libopencm3-examples/libopencm3/lib/libopencm3_stm32f0.a(rcc_common_all.o)
 .debug_macro   0x000000000000267a       0xcf /mnt/hdd/src/stm32/libopencm3-examples/libopencm3/lib/libopencm3_stm32f0.a(vector.o)
 .debug_macro   0x0000000000002749      0x19f /mnt/hdd/src/stm32/libopencm3-examples/libopencm3/lib/libopencm3_stm32f0.a(vector.o)
 .debug_macro   0x00000000000028e8       0x49 /mnt/hdd/src/stm32/libopencm3-examples/libopencm3/lib/libopencm3_stm32f0.a(vector.o)
 .debug_macro   0x0000000000002931       0xca /mnt/hdd/src/stm32/libopencm3-examples/libopencm3/lib/libopencm3_stm32f0.a(vector.o)
 .debug_macro   0x00000000000029fb       0xc0 /mnt/hdd/src/stm32/libopencm3-examples/libopencm3/lib/libopencm3_stm32f0.a(flash_common_all.o)

.debug_line     0x0000000000000000     0x2267
 .debug_line    0x0000000000000000      0x3a4 button.o
 .debug_line    0x00000000000003a4      0x378 /mnt/hdd/src/stm32/libopencm3-examples/libopencm3/lib/libopencm3_stm32f0.a(gpio_common_all.o)
 .debug_line    0x000000000000071c      0x456 /mnt/hdd/src/stm32/libopencm3-examples/libopencm3/lib/libopencm3_stm32f0.a(gpio_common_f0234.o)
 .debug_line    0x0000000000000b72      0xbf8 /mnt/hdd/src/stm32/libopencm3-examples/libopencm3/lib/libopencm3_stm32f0.a(rcc.o)
 .debug_line    0x000000000000176a      0x425 /mnt/hdd/src/stm32/libopencm3-examples/libopencm3/lib/libopencm3_stm32f0.a(rcc_common_all.o)
 .debug_line    0x0000000000001b8f      0x386 /mnt/hdd/src/stm32/libopencm3-examples/libopencm3/lib/libopencm3_stm32f0.a(vector.o)
 .debug_line    0x0000000000001f15      0x300 /mnt/hdd/src/stm32/libopencm3-examples/libopencm3/lib/libopencm3_stm32f0.a(flash_common_all.o)
 .debug_line    0x0000000000002215       0x52 /usr/lib/gcc/arm-none-eabi/12/thumb/v6-m/nofp/libgcc.a(_thumb1_case_uqi.o)

.debug_str      0x0000000000000000     0xb2a7
 .debug_str     0x0000000000000000     0x7a39 button.o
                                       0x7bb3 (size before relaxing)
 .debug_str     0x0000000000007a39      0x14e /mnt/hdd/src/stm32/libopencm3-examples/libopencm3/lib/libopencm3_stm32f0.a(gpio_common_all.o)
                                       0x553c (size before relaxing)
 .debug_str     0x0000000000007b87       0x8a /mnt/hdd/src/stm32/libopencm3-examples/libopencm3/lib/libopencm3_stm32f0.a(gpio_common_f0234.o)
                                       0x555e (size before relaxing)
 .debug_str     0x0000000000007c11     0x1f74 /mnt/hdd/src/stm32/libopencm3-examples/libopencm3/lib/libopencm3_stm32f0.a(rcc.o)
                                       0x84f3 (size before relaxing)
 .debug_str     0x0000000000009b85      0x2fa /mnt/hdd/src/stm32/libopencm3-examples/libopencm3/lib/libopencm3_stm32f0.a(rcc_common_all.o)
                                       0x6a1a (size before relaxing)
 .debug_str     0x0000000000009e7f     0x12f7 /mnt/hdd/src/stm32/libopencm3-examples/libopencm3/lib/libopencm3_stm32f0.a(vector.o)
                                       0x4971 (size before relaxing)
 .debug_str     0x000000000000b176       0x4e /mnt/hdd/src/stm32/libopencm3-examples/libopencm3/lib/libopencm3_stm32f0.a(flash_common_all.o)
                                       0x4a01 (size before relaxing)
 .debug_str     0x000000000000b1c4       0xe3 /usr/lib/gcc/arm-none-eabi/12/thumb/v6-m/nofp/libgcc.a(_thumb1_case_uqi.o)

.comment        0x0000000000000000       0x33
 .comment       0x0000000000000000       0x33 button.o
                                         0x34 (size before relaxing)
 .comment       0x0000000000000033       0x34 /mnt/hdd/src/stm32/libopencm3-examples/libopencm3/lib/libopencm3_stm32f0.a(gpio_common_all.o)
 .comment       0x0000000000000033       0x34 /mnt/hdd/src/stm32/libopencm3-examples/libopencm3/lib/libopencm3_stm32f0.a(gpio_common_f0234.o)
 .comment       0x0000000000000033       0x34 /mnt/hdd/src/stm32/libopencm3-examples/libopencm3/lib/libopencm3_stm32f0.a(rcc.o)
 .comment       0x0000000000000033       0x34 /mnt/hdd/src/stm32/libopencm3-examples/libopencm3/lib/libopencm3_stm32f0.a(rcc_common_all.o)
 .comment       0x0000000000000033       0x34 /mnt/hdd/src/stm32/libopencm3-examples/libopencm3/lib/libopencm3_stm32f0.a(vector.o)
 .comment       0x0000000000000033       0x34 /mnt/hdd/src/stm32/libopencm3-examples/libopencm3/lib/libopencm3_stm32f0.a(flash_common_all.o)

.ARM.attributes
                0x0000000000000000       0x2c
 .ARM.attributes
                0x0000000000000000       0x2c button.o
 .ARM.attributes
                0x000000000000002c       0x2c /mnt/hdd/src/stm32/libopencm3-examples/libopencm3/lib/libopencm3_stm32f0.a(gpio_common_all.o)
 .ARM.attributes
                0x0000000000000058       0x2c /mnt/hdd/src/stm32/libopencm3-examples/libopencm3/lib/libopencm3_stm32f0.a(gpio_common_f0234.o)
 .ARM.attributes
                0x0000000000000084       0x2c /mnt/hdd/src/stm32/libopencm3-examples/libopencm3/lib/libopencm3_stm32f0.a(rcc.o)
 .ARM.attributes
                0x00000000000000b0       0x2c /mnt/hdd/src/stm32/libopencm3-examples/libopencm3/lib/libopencm3_stm32f0.a(rcc_common_all.o)
 .ARM.attributes
                0x00000000000000dc       0x2c /mnt/hdd/src/stm32/libopencm3-examples/libopencm3/lib/libopencm3_stm32f0.a(vector.o)
 .ARM.attributes
                0x0000000000000108       0x2c /mnt/hdd/src/stm32/libopencm3-examples/libopencm3/lib/libopencm3_stm32f0.a(flash_common_all.o)
 .ARM.attributes
                0x0000000000000134       0x1e /usr/lib/gcc/arm-none-eabi/12/thumb/v6-m/nofp/libgcc.a(_thumb1_case_uqi.o)

.debug_frame    0x0000000000000000      0x57c
 .debug_frame   0x0000000000000000       0x28 button.o
 .debug_frame   0x0000000000000028       0x80 /mnt/hdd/src/stm32/libopencm3-examples/libopencm3/lib/libopencm3_stm32f0.a(gpio_common_all.o)
 .debug_frame   0x00000000000000a8       0x78 /mnt/hdd/src/stm32/libopencm3-examples/libopencm3/lib/libopencm3_stm32f0.a(gpio_common_f0234.o)
 .debug_frame   0x0000000000000120      0x2d4 /mnt/hdd/src/stm32/libopencm3-examples/libopencm3/lib/libopencm3_stm32f0.a(rcc.o)
 .debug_frame   0x00000000000003f4       0xf0 /mnt/hdd/src/stm32/libopencm3-examples/libopencm3/lib/libopencm3_stm32f0.a(rcc_common_all.o)
 .debug_frame   0x00000000000004e4       0x48 /mnt/hdd/src/stm32/libopencm3-examples/libopencm3/lib/libopencm3_stm32f0.a(vector.o)
 .debug_frame   0x000000000000052c       0x50 /mnt/hdd/src/stm32/libopencm3-examples/libopencm3/lib/libopencm3_stm32f0.a(flash_common_all.o)

.debug_line_str
                0x0000000000000000       0xd7
 .debug_line_str
                0x0000000000000000       0xd7 /usr/lib/gcc/arm-none-eabi/12/thumb/v6-m/nofp/libgcc.a(_thumb1_case_uqi.o)
                                         0xe3 (size before relaxing)

Cross Reference Table

Symbol                                            File
__fini_array_end                                  /mnt/hdd/src/stm32/libopencm3-examples/libopencm3/lib/libopencm3_stm32f0.a(vector.o)
__fini_array_start                                /mnt/hdd/src/stm32/libopencm3-examples/libopencm3/lib/libopencm3_stm32f0.a(vector.o)
__gnu_thumb1_case_uqi                             /usr/lib/gcc/arm-none-eabi/12/thumb/v6-m/nofp/libgcc.a(_thumb1_case_uqi.o)
                                                  /mnt/hdd/src/stm32/libopencm3-examples/libopencm3/lib/libopencm3_stm32f0.a(rcc.o)
__init_array_end                                  /mnt/hdd/src/stm32/libopencm3-examples/libopencm3/lib/libopencm3_stm32f0.a(vector.o)
__init_array_start                                /mnt/hdd/src/stm32/libopencm3-examples/libopencm3/lib/libopencm3_stm32f0.a(vector.o)
__preinit_array_end                               /mnt/hdd/src/stm32/libopencm3-examples/libopencm3/lib/libopencm3_stm32f0.a(vector.o)
__preinit_array_start                             /mnt/hdd/src/stm32/libopencm3-examples/libopencm3/lib/libopencm3_stm32f0.a(vector.o)
_data                                             /mnt/hdd/src/stm32/libopencm3-examples/libopencm3/lib/libopencm3_stm32f0.a(vector.o)
_data_loadaddr                                    /mnt/hdd/src/stm32/libopencm3-examples/libopencm3/lib/libopencm3_stm32f0.a(vector.o)
_ebss                                             /mnt/hdd/src/stm32/libopencm3-examples/libopencm3/lib/libopencm3_stm32f0.a(vector.o)
_edata                                            /mnt/hdd/src/stm32/libopencm3-examples/libopencm3/lib/libopencm3_stm32f0.a(vector.o)
_stack                                            /mnt/hdd/src/stm32/libopencm3-examples/libopencm3/lib/libopencm3_stm32f0.a(vector.o)
adc_comp_isr                                      /mnt/hdd/src/stm32/libopencm3-examples/libopencm3/lib/libopencm3_stm32f0.a(vector.o)
blocking_handler                                  /mnt/hdd/src/stm32/libopencm3-examples/libopencm3/lib/libopencm3_stm32f0.a(vector.o)
cec_can_isr                                       /mnt/hdd/src/stm32/libopencm3-examples/libopencm3/lib/libopencm3_stm32f0.a(vector.o)
cm3_assert_failed                                 /mnt/hdd/src/stm32/libopencm3-examples/libopencm3/lib/libopencm3_stm32f0.a(assert.o)
                                                  /mnt/hdd/src/stm32/libopencm3-examples/libopencm3/lib/libopencm3_stm32f0.a(rcc.o)
cm3_assert_failed_verbose                         /mnt/hdd/src/stm32/libopencm3-examples/libopencm3/lib/libopencm3_stm32f0.a(assert.o)
dma1_channel1_isr                                 /mnt/hdd/src/stm32/libopencm3-examples/libopencm3/lib/libopencm3_stm32f0.a(vector.o)
dma1_channel2_3_dma2_channel1_2_isr               /mnt/hdd/src/stm32/libopencm3-examples/libopencm3/lib/libopencm3_stm32f0.a(vector.o)
dma1_channel4_7_dma2_channel3_5_isr               /mnt/hdd/src/stm32/libopencm3-examples/libopencm3/lib/libopencm3_stm32f0.a(vector.o)
exti0_1_isr                                       /mnt/hdd/src/stm32/libopencm3-examples/libopencm3/lib/libopencm3_stm32f0.a(vector.o)
exti2_3_isr                                       /mnt/hdd/src/stm32/libopencm3-examples/libopencm3/lib/libopencm3_stm32f0.a(vector.o)
exti4_15_isr                                      /mnt/hdd/src/stm32/libopencm3-examples/libopencm3/lib/libopencm3_stm32f0.a(vector.o)
flash_isr                                         /mnt/hdd/src/stm32/libopencm3-examples/libopencm3/lib/libopencm3_stm32f0.a(vector.o)
flash_prefetch_disable                            /mnt/hdd/src/stm32/libopencm3-examples/libopencm3/lib/libopencm3_stm32f0.a(flash_common_all.o)
flash_prefetch_enable                             /mnt/hdd/src/stm32/libopencm3-examples/libopencm3/lib/libopencm3_stm32f0.a(flash_common_all.o)
                                                  /mnt/hdd/src/stm32/libopencm3-examples/libopencm3/lib/libopencm3_stm32f0.a(rcc.o)
flash_set_ws                                      /mnt/hdd/src/stm32/libopencm3-examples/libopencm3/lib/libopencm3_stm32f0.a(flash_common_all.o)
                                                  /mnt/hdd/src/stm32/libopencm3-examples/libopencm3/lib/libopencm3_stm32f0.a(rcc.o)
flash_unlock_option_bytes                         /mnt/hdd/src/stm32/libopencm3-examples/libopencm3/lib/libopencm3_stm32f0.a(flash_common_all.o)
gpio_clear                                        /mnt/hdd/src/stm32/libopencm3-examples/libopencm3/lib/libopencm3_stm32f0.a(gpio_common_all.o)
gpio_get                                          /mnt/hdd/src/stm32/libopencm3-examples/libopencm3/lib/libopencm3_stm32f0.a(gpio_common_all.o)
                                                  button.o
gpio_mode_setup                                   /mnt/hdd/src/stm32/libopencm3-examples/libopencm3/lib/libopencm3_stm32f0.a(gpio_common_f0234.o)
                                                  button.o
gpio_port_config_lock                             /mnt/hdd/src/stm32/libopencm3-examples/libopencm3/lib/libopencm3_stm32f0.a(gpio_common_all.o)
gpio_port_read                                    /mnt/hdd/src/stm32/libopencm3-examples/libopencm3/lib/libopencm3_stm32f0.a(gpio_common_all.o)
gpio_port_write                                   /mnt/hdd/src/stm32/libopencm3-examples/libopencm3/lib/libopencm3_stm32f0.a(gpio_common_all.o)
gpio_set                                          /mnt/hdd/src/stm32/libopencm3-examples/libopencm3/lib/libopencm3_stm32f0.a(gpio_common_all.o)
gpio_set_af                                       /mnt/hdd/src/stm32/libopencm3-examples/libopencm3/lib/libopencm3_stm32f0.a(gpio_common_f0234.o)
gpio_set_output_options                           /mnt/hdd/src/stm32/libopencm3-examples/libopencm3/lib/libopencm3_stm32f0.a(gpio_common_f0234.o)
gpio_toggle                                       /mnt/hdd/src/stm32/libopencm3-examples/libopencm3/lib/libopencm3_stm32f0.a(gpio_common_all.o)
                                                  button.o
hard_fault_handler                                /mnt/hdd/src/stm32/libopencm3-examples/libopencm3/lib/libopencm3_stm32f0.a(vector.o)
i2c1_isr                                          /mnt/hdd/src/stm32/libopencm3-examples/libopencm3/lib/libopencm3_stm32f0.a(vector.o)
i2c2_isr                                          /mnt/hdd/src/stm32/libopencm3-examples/libopencm3/lib/libopencm3_stm32f0.a(vector.o)
main                                              button.o
                                                  /mnt/hdd/src/stm32/libopencm3-examples/libopencm3/lib/libopencm3_stm32f0.a(vector.o)
nmi_handler                                       /mnt/hdd/src/stm32/libopencm3-examples/libopencm3/lib/libopencm3_stm32f0.a(vector.o)
null_handler                                      /mnt/hdd/src/stm32/libopencm3-examples/libopencm3/lib/libopencm3_stm32f0.a(vector.o)
pend_sv_handler                                   /mnt/hdd/src/stm32/libopencm3-examples/libopencm3/lib/libopencm3_stm32f0.a(vector.o)
pvd_isr                                           /mnt/hdd/src/stm32/libopencm3-examples/libopencm3/lib/libopencm3_stm32f0.a(vector.o)
rcc_ahb_frequency                                 /mnt/hdd/src/stm32/libopencm3-examples/libopencm3/lib/libopencm3_stm32f0.a(rcc.o)
rcc_apb1_frequency                                /mnt/hdd/src/stm32/libopencm3-examples/libopencm3/lib/libopencm3_stm32f0.a(rcc.o)
rcc_clock_setup_in_hse_8mhz_out_48mhz             /mnt/hdd/src/stm32/libopencm3-examples/libopencm3/lib/libopencm3_stm32f0.a(rcc.o)
rcc_clock_setup_in_hsi48_out_48mhz                /mnt/hdd/src/stm32/libopencm3-examples/libopencm3/lib/libopencm3_stm32f0.a(rcc.o)
rcc_clock_setup_in_hsi_out_48mhz                  /mnt/hdd/src/stm32/libopencm3-examples/libopencm3/lib/libopencm3_stm32f0.a(rcc.o)
                                                  button.o
rcc_css_disable                                   /mnt/hdd/src/stm32/libopencm3-examples/libopencm3/lib/libopencm3_stm32f0.a(rcc.o)
rcc_css_enable                                    /mnt/hdd/src/stm32/libopencm3-examples/libopencm3/lib/libopencm3_stm32f0.a(rcc.o)
rcc_css_int_clear                                 /mnt/hdd/src/stm32/libopencm3-examples/libopencm3/lib/libopencm3_stm32f0.a(rcc.o)
rcc_css_int_flag                                  /mnt/hdd/src/stm32/libopencm3-examples/libopencm3/lib/libopencm3_stm32f0.a(rcc.o)
rcc_disable_rtc_clock                             /mnt/hdd/src/stm32/libopencm3-examples/libopencm3/lib/libopencm3_stm32f0.a(rcc.o)
rcc_enable_rtc_clock                              /mnt/hdd/src/stm32/libopencm3-examples/libopencm3/lib/libopencm3_stm32f0.a(rcc.o)
rcc_get_div_from_hpre                             /mnt/hdd/src/stm32/libopencm3-examples/libopencm3/lib/libopencm3_stm32f0.a(rcc_common_all.o)
                                                  /mnt/hdd/src/stm32/libopencm3-examples/libopencm3/lib/libopencm3_stm32f0.a(rcc.o)
rcc_get_i2c_clk_freq                              /mnt/hdd/src/stm32/libopencm3-examples/libopencm3/lib/libopencm3_stm32f0.a(rcc.o)
rcc_get_i2c_clocks                                /mnt/hdd/src/stm32/libopencm3-examples/libopencm3/lib/libopencm3_stm32f0.a(rcc.o)
rcc_get_spi_clk_freq                              /mnt/hdd/src/stm32/libopencm3-examples/libopencm3/lib/libopencm3_stm32f0.a(rcc.o)
rcc_get_timer_clk_freq                            /mnt/hdd/src/stm32/libopencm3-examples/libopencm3/lib/libopencm3_stm32f0.a(rcc.o)
rcc_get_usart_clk_freq                            /mnt/hdd/src/stm32/libopencm3-examples/libopencm3/lib/libopencm3_stm32f0.a(rcc.o)
rcc_is_osc_ready                                  /mnt/hdd/src/stm32/libopencm3-examples/libopencm3/lib/libopencm3_stm32f0.a(rcc.o)
rcc_isr                                           /mnt/hdd/src/stm32/libopencm3-examples/libopencm3/lib/libopencm3_stm32f0.a(vector.o)
rcc_osc_bypass_disable                            /mnt/hdd/src/stm32/libopencm3-examples/libopencm3/lib/libopencm3_stm32f0.a(rcc_common_all.o)
rcc_osc_bypass_enable                             /mnt/hdd/src/stm32/libopencm3-examples/libopencm3/lib/libopencm3_stm32f0.a(rcc_common_all.o)
rcc_osc_off                                       /mnt/hdd/src/stm32/libopencm3-examples/libopencm3/lib/libopencm3_stm32f0.a(rcc.o)
rcc_osc_on                                        /mnt/hdd/src/stm32/libopencm3-examples/libopencm3/lib/libopencm3_stm32f0.a(rcc.o)
rcc_osc_ready_int_clear                           /mnt/hdd/src/stm32/libopencm3-examples/libopencm3/lib/libopencm3_stm32f0.a(rcc.o)
rcc_osc_ready_int_disable                         /mnt/hdd/src/stm32/libopencm3-examples/libopencm3/lib/libopencm3_stm32f0.a(rcc.o)
rcc_osc_ready_int_enable                          /mnt/hdd/src/stm32/libopencm3-examples/libopencm3/lib/libopencm3_stm32f0.a(rcc.o)
rcc_osc_ready_int_flag                            /mnt/hdd/src/stm32/libopencm3-examples/libopencm3/lib/libopencm3_stm32f0.a(rcc.o)
rcc_periph_clock_disable                          /mnt/hdd/src/stm32/libopencm3-examples/libopencm3/lib/libopencm3_stm32f0.a(rcc_common_all.o)
rcc_periph_clock_enable                           /mnt/hdd/src/stm32/libopencm3-examples/libopencm3/lib/libopencm3_stm32f0.a(rcc_common_all.o)
                                                  button.o
rcc_periph_reset_hold                             /mnt/hdd/src/stm32/libopencm3-examples/libopencm3/lib/libopencm3_stm32f0.a(rcc_common_all.o)
rcc_periph_reset_pulse                            /mnt/hdd/src/stm32/libopencm3-examples/libopencm3/lib/libopencm3_stm32f0.a(rcc_common_all.o)
rcc_periph_reset_release                          /mnt/hdd/src/stm32/libopencm3-examples/libopencm3/lib/libopencm3_stm32f0.a(rcc_common_all.o)
rcc_peripheral_clear_reset                        /mnt/hdd/src/stm32/libopencm3-examples/libopencm3/lib/libopencm3_stm32f0.a(rcc_common_all.o)
rcc_peripheral_disable_clock                      /mnt/hdd/src/stm32/libopencm3-examples/libopencm3/lib/libopencm3_stm32f0.a(rcc_common_all.o)
rcc_peripheral_enable_clock                       /mnt/hdd/src/stm32/libopencm3-examples/libopencm3/lib/libopencm3_stm32f0.a(rcc_common_all.o)
rcc_peripheral_reset                              /mnt/hdd/src/stm32/libopencm3-examples/libopencm3/lib/libopencm3_stm32f0.a(rcc_common_all.o)
rcc_set_hpre                                      /mnt/hdd/src/stm32/libopencm3-examples/libopencm3/lib/libopencm3_stm32f0.a(rcc.o)
rcc_set_i2c_clock_hsi                             /mnt/hdd/src/stm32/libopencm3-examples/libopencm3/lib/libopencm3_stm32f0.a(rcc.o)
rcc_set_i2c_clock_sysclk                          /mnt/hdd/src/stm32/libopencm3-examples/libopencm3/lib/libopencm3_stm32f0.a(rcc.o)
rcc_set_mco                                       /mnt/hdd/src/stm32/libopencm3-examples/libopencm3/lib/libopencm3_stm32f0.a(rcc_common_all.o)
rcc_set_pll_multiplication_factor                 /mnt/hdd/src/stm32/libopencm3-examples/libopencm3/lib/libopencm3_stm32f0.a(rcc.o)
rcc_set_pll_source                                /mnt/hdd/src/stm32/libopencm3-examples/libopencm3/lib/libopencm3_stm32f0.a(rcc.o)
rcc_set_pllxtpre                                  /mnt/hdd/src/stm32/libopencm3-examples/libopencm3/lib/libopencm3_stm32f0.a(rcc.o)
rcc_set_ppre                                      /mnt/hdd/src/stm32/libopencm3-examples/libopencm3/lib/libopencm3_stm32f0.a(rcc.o)
rcc_set_prediv                                    /mnt/hdd/src/stm32/libopencm3-examples/libopencm3/lib/libopencm3_stm32f0.a(rcc.o)
rcc_set_rtc_clock_source                          /mnt/hdd/src/stm32/libopencm3-examples/libopencm3/lib/libopencm3_stm32f0.a(rcc.o)
rcc_set_sysclk_source                             /mnt/hdd/src/stm32/libopencm3-examples/libopencm3/lib/libopencm3_stm32f0.a(rcc.o)
rcc_set_usbclk_source                             /mnt/hdd/src/stm32/libopencm3-examples/libopencm3/lib/libopencm3_stm32f0.a(rcc.o)
rcc_system_clock_source                           /mnt/hdd/src/stm32/libopencm3-examples/libopencm3/lib/libopencm3_stm32f0.a(rcc.o)
rcc_usb_clock_source                              /mnt/hdd/src/stm32/libopencm3-examples/libopencm3/lib/libopencm3_stm32f0.a(rcc.o)
rcc_wait_for_osc_ready                            /mnt/hdd/src/stm32/libopencm3-examples/libopencm3/lib/libopencm3_stm32f0.a(rcc.o)
reset_handler                                     /mnt/hdd/src/stm32/libopencm3-examples/libopencm3/lib/libopencm3_stm32f0.a(vector.o)
rtc_isr                                           /mnt/hdd/src/stm32/libopencm3-examples/libopencm3/lib/libopencm3_stm32f0.a(vector.o)
spi1_isr                                          /mnt/hdd/src/stm32/libopencm3-examples/libopencm3/lib/libopencm3_stm32f0.a(vector.o)
spi2_isr                                          /mnt/hdd/src/stm32/libopencm3-examples/libopencm3/lib/libopencm3_stm32f0.a(vector.o)
sv_call_handler                                   /mnt/hdd/src/stm32/libopencm3-examples/libopencm3/lib/libopencm3_stm32f0.a(vector.o)
sys_tick_handler                                  /mnt/hdd/src/stm32/libopencm3-examples/libopencm3/lib/libopencm3_stm32f0.a(vector.o)
tim14_isr                                         /mnt/hdd/src/stm32/libopencm3-examples/libopencm3/lib/libopencm3_stm32f0.a(vector.o)
tim15_isr                                         /mnt/hdd/src/stm32/libopencm3-examples/libopencm3/lib/libopencm3_stm32f0.a(vector.o)
tim16_isr                                         /mnt/hdd/src/stm32/libopencm3-examples/libopencm3/lib/libopencm3_stm32f0.a(vector.o)
tim17_isr                                         /mnt/hdd/src/stm32/libopencm3-examples/libopencm3/lib/libopencm3_stm32f0.a(vector.o)
tim1_brk_up_trg_com_isr                           /mnt/hdd/src/stm32/libopencm3-examples/libopencm3/lib/libopencm3_stm32f0.a(vector.o)
tim1_cc_isr                                       /mnt/hdd/src/stm32/libopencm3-examples/libopencm3/lib/libopencm3_stm32f0.a(vector.o)
tim2_isr                                          /mnt/hdd/src/stm32/libopencm3-examples/libopencm3/lib/libopencm3_stm32f0.a(vector.o)
tim3_isr                                          /mnt/hdd/src/stm32/libopencm3-examples/libopencm3/lib/libopencm3_stm32f0.a(vector.o)
tim6_dac_isr                                      /mnt/hdd/src/stm32/libopencm3-examples/libopencm3/lib/libopencm3_stm32f0.a(vector.o)
tim7_isr                                          /mnt/hdd/src/stm32/libopencm3-examples/libopencm3/lib/libopencm3_stm32f0.a(vector.o)
tsc_isr                                           /mnt/hdd/src/stm32/libopencm3-examples/libopencm3/lib/libopencm3_stm32f0.a(vector.o)
usart1_isr                                        /mnt/hdd/src/stm32/libopencm3-examples/libopencm3/lib/libopencm3_stm32f0.a(vector.o)
usart2_isr                                        /mnt/hdd/src/stm32/libopencm3-examples/libopencm3/lib/libopencm3_stm32f0.a(vector.o)
usart3_4_isr                                      /mnt/hdd/src/stm32/libopencm3-examples/libopencm3/lib/libopencm3_stm32f0.a(vector.o)
usb_isr                                           /mnt/hdd/src/stm32/libopencm3-examples/libopencm3/lib/libopencm3_stm32f0.a(vector.o)
vector_table                                      /mnt/hdd/src/stm32/libopencm3-examples/libopencm3/lib/libopencm3_stm32f0.a(vector.o)
wwdg_isr                                          /mnt/hdd/src/stm32/libopencm3-examples/libopencm3/lib/libopencm3_stm32f0.a(vector.o)
